
==================================================================
ROLAND pipeline + SiST-GNN encoder
  dataset=uci-message  mode=live_update_fixed_split  decoder=mlp
  node_features=learned  seed=4
==================================================================
  T=89  N=1899  start_compute_mrr=72
  edge features: none (raw dim 1)
Snapshot 0072 | MRR 0.1289
Snapshot 0073 | MRR 0.2304
Snapshot 0074 | MRR 0.2883
Snapshot 0075 | MRR 0.3087
Snapshot 0076 | MRR 0.2849
Snapshot 0077 | MRR 0.3016
Snapshot 0078 | MRR 0.2794
Snapshot 0079 | MRR 0.3150
Snapshot 0080 | MRR 0.1913
Snapshot 0081 | MRR 0.1150
Snapshot 0082 | MRR 0.2245
Snapshot 0083 | MRR 0.2451
Snapshot 0084 | MRR 0.2752
Snapshot 0085 | MRR 0.2364
Snapshot 0086 | MRR 0.3312
Snapshot 0087 | MRR 0.2834
Snapshot 0088 | MRR 0.1574

uci-message  MRR = 0.246869  (17 eval snapshots)
saved -> results/roland_port/live_update_fixed_split/mlp_node-learned_edge-none/uci-message/seed4/exp_20260813-153253_lp.json
