
==================================================================
ROLAND pipeline + SiST-GNN encoder
  dataset=uci-message  mode=live_update_fixed_split  decoder=mlp
  node_features=constant  seed=0
==================================================================
  T=89  N=1899  start_compute_mrr=72
  edge features: none (raw dim 1)
Snapshot 0072 | MRR 0.2266
Snapshot 0073 | MRR 0.2418
Snapshot 0074 | MRR 0.2854
Snapshot 0075 | MRR 0.2587
Snapshot 0076 | MRR 0.2775
Snapshot 0077 | MRR 0.1563
Snapshot 0078 | MRR 0.3089
Snapshot 0079 | MRR 0.2136
Snapshot 0080 | MRR 0.1209
Snapshot 0081 | MRR 0.2087
Snapshot 0082 | MRR 0.1748
Snapshot 0083 | MRR 0.1456
Snapshot 0084 | MRR 0.1551
Snapshot 0085 | MRR 0.5717
Snapshot 0086 | MRR 0.0879
Snapshot 0087 | MRR 0.1512
Snapshot 0088 | MRR 0.2486

uci-message  MRR = 0.225494  (17 eval snapshots)
saved -> results/roland_port/live_update_fixed_split/mlp_node-constant_edge-none/uci-message/seed0/exp_20260813-155653_lp.json
