
==================================================================
ROLAND pipeline + SiST-GNN encoder
  dataset=bitcoin-otc  mode=live_update  decoder=dot
  node_features=learned  loss=bce  seed=1
==================================================================
  snapshot filter (>= 10 edges): 279 -> 273
  T=273  N=5881  start_compute_mrr=0
  edge features: learned (raw dim 2)
Snapshot 0001 | MRR 0.0356
Snapshot 0002 | MRR 0.1118
Snapshot 0003 | MRR 0.4173
Snapshot 0004 | MRR 0.0698
Snapshot 0005 | MRR 0.0681
Snapshot 0006 | MRR 0.3363
Snapshot 0007 | MRR 0.0026
Snapshot 0008 | MRR 1.0000
Snapshot 0009 | MRR 0.1603
Snapshot 0010 | MRR 0.0633
Snapshot 0011 | MRR 0.0383
Snapshot 0012 | MRR 0.0024
Snapshot 0013 | MRR 0.0824
Snapshot 0014 | MRR 0.1885
Snapshot 0015 | MRR 0.0852
Snapshot 0016 | MRR 0.1250
Snapshot 0017 | MRR 0.1480
Snapshot 0018 | MRR 0.1401
Snapshot 0019 | MRR 0.0879
Snapshot 0020 | MRR 0.0246
Snapshot 0021 | MRR 0.0310
Snapshot 0022 | MRR 0.2132
Snapshot 0023 | MRR 0.0460
Snapshot 0024 | MRR 0.1078
Snapshot 0025 | MRR 0.0887
Snapshot 0026 | MRR 0.0426
Snapshot 0027 | MRR 0.0940
Snapshot 0028 | MRR 0.0467
Snapshot 0029 | MRR 0.0671
Snapshot 0030 | MRR 0.0367
Snapshot 0031 | MRR 0.0283
Snapshot 0032 | MRR 0.0821
Snapshot 0033 | MRR 0.0298
Snapshot 0034 | MRR 0.0339
Snapshot 0035 | MRR 0.0680
Snapshot 0036 | MRR 0.1844
Snapshot 0037 | MRR 0.1094
Snapshot 0038 | MRR 0.0062
Snapshot 0039 | MRR 0.0481
Snapshot 0040 | MRR 0.0831
Snapshot 0041 | MRR 0.1385
Snapshot 0042 | MRR 0.1070
Snapshot 0043 | MRR 0.0941
Snapshot 0044 | MRR 0.0230
Snapshot 0045 | MRR 0.1300
Snapshot 0046 | MRR 0.0595
Snapshot 0047 | MRR 0.0373
Snapshot 0048 | MRR 0.0016
Snapshot 0049 | MRR 0.0946
Snapshot 0050 | MRR 0.0164
Snapshot 0051 | MRR 0.1829
Snapshot 0052 | MRR 0.0107
Snapshot 0053 | MRR 0.1462
Snapshot 0054 | MRR 0.1712
Snapshot 0055 | MRR 0.1697
Snapshot 0056 | MRR 0.0696
Snapshot 0057 | MRR 0.1042
Snapshot 0058 | MRR 0.4305
Snapshot 0059 | MRR 0.1432
Snapshot 0060 | MRR 0.0505
Snapshot 0061 | MRR 0.2622
Snapshot 0062 | MRR 0.0387
Snapshot 0063 | MRR 0.0810
Snapshot 0064 | MRR 0.2146
Snapshot 0065 | MRR 0.1077
Snapshot 0066 | MRR 0.1248
Snapshot 0067 | MRR 0.0503
Snapshot 0068 | MRR 0.0643
Snapshot 0069 | MRR 0.1517
Snapshot 0070 | MRR 0.1184
Snapshot 0071 | MRR 0.0368
Snapshot 0072 | MRR 0.1078
Snapshot 0073 | MRR 0.1999
Snapshot 0074 | MRR 0.0769
Snapshot 0075 | MRR 0.1064
Snapshot 0076 | MRR 0.0506
Snapshot 0077 | MRR 0.0700
Snapshot 0078 | MRR 0.1453
Snapshot 0079 | MRR 0.0449
Snapshot 0080 | MRR 0.0200
Snapshot 0081 | MRR 0.0731
Snapshot 0082 | MRR 0.1194
Snapshot 0083 | MRR 0.0759
Snapshot 0084 | MRR 0.0662
Snapshot 0085 | MRR 0.0359
Snapshot 0086 | MRR 0.0463
Snapshot 0087 | MRR 0.1057
Snapshot 0088 | MRR 0.0561
Snapshot 0089 | MRR 0.0526
Snapshot 0090 | MRR 0.0651
Snapshot 0091 | MRR 0.0631
Snapshot 0092 | MRR 0.0702
Snapshot 0093 | MRR 0.0675
Snapshot 0094 | MRR 0.0677
Snapshot 0095 | MRR 0.0707
Snapshot 0096 | MRR 0.0530
Snapshot 0097 | MRR 0.0550
Snapshot 0098 | MRR 0.0233
Snapshot 0099 | MRR 0.0330
Snapshot 0100 | MRR 0.0376
Snapshot 0101 | MRR 0.0263
Snapshot 0102 | MRR 0.0701
Snapshot 0103 | MRR 0.0463
Snapshot 0104 | MRR 0.0427
Snapshot 0105 | MRR 0.0848
Snapshot 0106 | MRR 0.0613
Snapshot 0107 | MRR 0.1179
Snapshot 0108 | MRR 0.1179
Snapshot 0109 | MRR 0.1407
Snapshot 0110 | MRR 0.0474
Snapshot 0111 | MRR 0.0373
Snapshot 0112 | MRR 0.0324
Snapshot 0113 | MRR 0.0472
Snapshot 0114 | MRR 0.0380
Snapshot 0115 | MRR 0.0759
Snapshot 0116 | MRR 0.1810
Snapshot 0117 | MRR 0.0994
Snapshot 0118 | MRR 0.0600
Snapshot 0119 | MRR 0.1164
Snapshot 0120 | MRR 0.0537
Snapshot 0121 | MRR 0.0729
Snapshot 0122 | MRR 0.1127
Snapshot 0123 | MRR 0.0789
Snapshot 0124 | MRR 0.0316
Snapshot 0125 | MRR 0.0574
Snapshot 0126 | MRR 0.0815
Snapshot 0127 | MRR 0.0526
Snapshot 0128 | MRR 0.0446
Snapshot 0129 | MRR 0.0370
Snapshot 0130 | MRR 0.0484
Snapshot 0131 | MRR 0.0451
Snapshot 0132 | MRR 0.0442
Snapshot 0133 | MRR 0.0560
Snapshot 0134 | MRR 0.0143
Snapshot 0135 | MRR 0.0491
Snapshot 0136 | MRR 0.0227
Snapshot 0137 | MRR 0.0489
Snapshot 0138 | MRR 0.1081
Snapshot 0139 | MRR 0.0872
Snapshot 0140 | MRR 0.0432
Snapshot 0141 | MRR 0.0237
Snapshot 0142 | MRR 0.1134
Snapshot 0143 | MRR 0.0418
Snapshot 0144 | MRR 0.0831
Snapshot 0145 | MRR 0.0439
Snapshot 0146 | MRR 0.0822
Snapshot 0147 | MRR 0.1174
Snapshot 0148 | MRR 0.0568
Snapshot 0149 | MRR 0.0452
Snapshot 0150 | MRR 0.0558
Snapshot 0151 | MRR 0.0495
Snapshot 0152 | MRR 0.0736
Snapshot 0153 | MRR 0.0596
Snapshot 0154 | MRR 0.0532
Snapshot 0155 | MRR 0.0615
Snapshot 0156 | MRR 0.0746
Snapshot 0157 | MRR 0.1118
Snapshot 0158 | MRR 0.0707
Snapshot 0159 | MRR 0.0252
Snapshot 0160 | MRR 0.0819
Snapshot 0161 | MRR 0.0379
Snapshot 0162 | MRR 0.0858
Snapshot 0163 | MRR 0.1223
Snapshot 0164 | MRR 0.0071
Snapshot 0165 | MRR 0.0292
Snapshot 0166 | MRR 0.0761
Snapshot 0167 | MRR 0.0104
Snapshot 0168 | MRR 0.0391
Snapshot 0169 | MRR 0.1180
Snapshot 0170 | MRR 0.0120
Snapshot 0171 | MRR 0.0241
Snapshot 0172 | MRR 0.0435
Snapshot 0173 | MRR 0.0684
Snapshot 0174 | MRR 0.0302
Snapshot 0175 | MRR 0.0265
Snapshot 0176 | MRR 0.0752
Snapshot 0177 | MRR 0.1748
Snapshot 0178 | MRR 0.0594
Snapshot 0179 | MRR 0.1001
Snapshot 0180 | MRR 0.0177
Snapshot 0181 | MRR 0.0430
Snapshot 0182 | MRR 0.1457
Snapshot 0183 | MRR 0.1062
Snapshot 0184 | MRR 0.1168
Snapshot 0185 | MRR 0.0593
Snapshot 0186 | MRR 0.0725
Snapshot 0187 | MRR 0.0437
Snapshot 0188 | MRR 0.0884
Snapshot 0189 | MRR 0.1238
Snapshot 0190 | MRR 0.0600
Snapshot 0191 | MRR 0.0868
Snapshot 0192 | MRR 0.0661
Snapshot 0193 | MRR 0.0977
Snapshot 0194 | MRR 0.0470
Snapshot 0195 | MRR 0.1465
Snapshot 0196 | MRR 0.1138
Snapshot 0197 | MRR 0.0844
Snapshot 0198 | MRR 0.1325
Snapshot 0199 | MRR 0.1349
Snapshot 0200 | MRR 0.0341
Snapshot 0201 | MRR 0.0411
Snapshot 0202 | MRR 0.0141
Snapshot 0203 | MRR 0.0849
Snapshot 0204 | MRR 0.0223
Snapshot 0205 | MRR 0.1253
Snapshot 0206 | MRR 0.1219
Snapshot 0207 | MRR 0.0123
Snapshot 0208 | MRR 0.1308
Snapshot 0209 | MRR 0.1760
Snapshot 0210 | MRR 0.0999
Snapshot 0211 | MRR 0.1343
Snapshot 0212 | MRR 0.0197
Snapshot 0213 | MRR 0.0351
Snapshot 0214 | MRR 0.1706
Snapshot 0215 | MRR 0.1376
Snapshot 0216 | MRR 0.1717
Snapshot 0217 | MRR 0.0364
Snapshot 0218 | MRR 0.0342
Snapshot 0219 | MRR 0.0083
Snapshot 0220 | MRR 0.1641
Snapshot 0221 | MRR 0.0082
Snapshot 0222 | MRR 0.0588
Snapshot 0223 | MRR 0.4049
Snapshot 0224 | MRR 0.0534
Snapshot 0225 | MRR 0.0454
Snapshot 0226 | MRR 0.0341
Snapshot 0227 | MRR 0.1686
Snapshot 0228 | MRR 0.0151
Snapshot 0229 | MRR 0.0254
Snapshot 0230 | MRR 0.0442
Snapshot 0231 | MRR 0.2923
Snapshot 0232 | MRR 0.0544
Snapshot 0233 | MRR 0.0012
Snapshot 0234 | MRR 0.0082
Snapshot 0235 | MRR 0.0719
Snapshot 0236 | MRR 0.1311
Snapshot 0237 | MRR 0.0663
Snapshot 0238 | MRR 0.0472
Snapshot 0239 | MRR 0.1021
Snapshot 0240 | MRR 0.1469
Snapshot 0241 | MRR 0.0875
Snapshot 0242 | MRR 0.0280
Snapshot 0243 | MRR 0.0017
Snapshot 0244 | MRR 0.0450
Snapshot 0245 | MRR 0.0394
Snapshot 0246 | MRR 0.0728
Snapshot 0247 | MRR 0.0317
Snapshot 0248 | MRR 0.1979
Snapshot 0249 | MRR 0.0694
Snapshot 0250 | MRR 0.0334
Snapshot 0251 | MRR 0.0286
Snapshot 0252 | MRR 0.0563
Snapshot 0253 | MRR 0.6923
Snapshot 0254 | MRR 0.2244
Snapshot 0255 | MRR 0.0847
Snapshot 0256 | MRR 0.2564
Snapshot 0257 | MRR 0.0446
Snapshot 0258 | MRR 0.0294
Snapshot 0259 | MRR 0.0333
Snapshot 0260 | MRR 0.0140
Snapshot 0261 | MRR 0.0707
Snapshot 0262 | MRR 0.1667
Snapshot 0263 | MRR 0.1253
Snapshot 0264 | MRR 0.1061
Snapshot 0265 | MRR 0.0130
Snapshot 0266 | MRR 0.0536
Snapshot 0267 | MRR 0.0184
Snapshot 0268 | MRR 0.0602
Snapshot 0269 | MRR 0.0480
Snapshot 0270 | MRR 0.0325
Snapshot 0271 | MRR 0.2816
Snapshot 0272 | MRR 0.0428

bitcoin-otc  MRR = 0.086966  (272 eval snapshots)
saved -> results/roland_port/live_update_und-yes_loss-bce/dot_node-learned_edge-learned/bitcoin-otc/seed1/exp_20260814-204723_lp.json
