
==================================================================
ROLAND pipeline + SiST-GNN encoder
  dataset=reddit-body  mode=live_update  decoder=mlp
  node_features=learned  loss=margin  seed=1
==================================================================
  snapshot filter (>= 10 edges): 178 -> 178
  T=178  N=35776  start_compute_mrr=0
  edge features: learned (raw dim 1)
Snapshot 0001 | MRR 0.0083
Snapshot 0002 | MRR 0.2730
Snapshot 0003 | MRR 0.2230
Snapshot 0004 | MRR 0.2694
Snapshot 0005 | MRR 0.3139
Snapshot 0006 | MRR 0.2954
Snapshot 0007 | MRR 0.3209
Snapshot 0008 | MRR 0.3336
Snapshot 0009 | MRR 0.2903
Snapshot 0010 | MRR 0.3165
Snapshot 0011 | MRR 0.2759
Snapshot 0012 | MRR 0.2556
Snapshot 0013 | MRR 0.3182
Snapshot 0014 | MRR 0.3052
Snapshot 0015 | MRR 0.2820
Snapshot 0016 | MRR 0.2904
Snapshot 0017 | MRR 0.2809
Snapshot 0018 | MRR 0.2841
Snapshot 0019 | MRR 0.2913
Snapshot 0020 | MRR 0.2945
Snapshot 0021 | MRR 0.3334
Snapshot 0022 | MRR 0.2975
Snapshot 0023 | MRR 0.3007
Snapshot 0024 | MRR 0.3029
Snapshot 0025 | MRR 0.3360
Snapshot 0026 | MRR 0.3215
Snapshot 0027 | MRR 0.2797
Snapshot 0028 | MRR 0.2763
Snapshot 0029 | MRR 0.2891
Snapshot 0030 | MRR 0.3077
Snapshot 0031 | MRR 0.2820
Snapshot 0032 | MRR 0.3179
Snapshot 0033 | MRR 0.3097
Snapshot 0034 | MRR 0.2965
Snapshot 0035 | MRR 0.2916
Snapshot 0036 | MRR 0.3201
Snapshot 0037 | MRR 0.3144
Snapshot 0038 | MRR 0.2852
Snapshot 0039 | MRR 0.3429
Snapshot 0040 | MRR 0.3689
Snapshot 0041 | MRR 0.3384
Snapshot 0042 | MRR 0.2383
Snapshot 0043 | MRR 0.3042
Snapshot 0044 | MRR 0.3137
Snapshot 0045 | MRR 0.3385
Snapshot 0046 | MRR 0.3300
Snapshot 0047 | MRR 0.3071
Snapshot 0048 | MRR 0.3550
Snapshot 0049 | MRR 0.2920
Snapshot 0050 | MRR 0.2791
Snapshot 0051 | MRR 0.3119
Snapshot 0052 | MRR 0.3187
Snapshot 0053 | MRR 0.2588
Snapshot 0054 | MRR 0.2802
Snapshot 0055 | MRR 0.2800
Snapshot 0056 | MRR 0.2804
Snapshot 0057 | MRR 0.3201
Snapshot 0058 | MRR 0.3266
Snapshot 0059 | MRR 0.2976
Snapshot 0060 | MRR 0.3502
Snapshot 0061 | MRR 0.2947
Snapshot 0062 | MRR 0.2984
Snapshot 0063 | MRR 0.2759
Snapshot 0064 | MRR 0.3611
Snapshot 0065 | MRR 0.3184
Snapshot 0066 | MRR 0.3259
Snapshot 0067 | MRR 0.3512
Snapshot 0068 | MRR 0.3390
Snapshot 0069 | MRR 0.3546
Snapshot 0070 | MRR 0.2763
Snapshot 0071 | MRR 0.3397
Snapshot 0072 | MRR 0.3357
Snapshot 0073 | MRR 0.2606
Snapshot 0074 | MRR 0.3036
Snapshot 0075 | MRR 0.2838
Snapshot 0076 | MRR 0.3170
Snapshot 0077 | MRR 0.3456
Snapshot 0078 | MRR 0.3403
Snapshot 0079 | MRR 0.3833
Snapshot 0080 | MRR 0.3501
Snapshot 0081 | MRR 0.2712
Snapshot 0082 | MRR 0.3383
Snapshot 0083 | MRR 0.3279
Snapshot 0084 | MRR 0.3032
Snapshot 0085 | MRR 0.3237
Snapshot 0086 | MRR 0.3045
Snapshot 0087 | MRR 0.3320
Snapshot 0088 | MRR 0.3143
Snapshot 0089 | MRR 0.3928
Snapshot 0090 | MRR 0.3499
Snapshot 0091 | MRR 0.3487
Snapshot 0092 | MRR 0.3547
Snapshot 0093 | MRR 0.3545
Snapshot 0094 | MRR 0.3751
Snapshot 0095 | MRR 0.3626
Snapshot 0096 | MRR 0.3457
Snapshot 0097 | MRR 0.3471
Snapshot 0098 | MRR 0.3804
Snapshot 0099 | MRR 0.3667
Snapshot 0100 | MRR 0.3889
Snapshot 0101 | MRR 0.3413
Snapshot 0102 | MRR 0.3368
Snapshot 0103 | MRR 0.3616
Snapshot 0104 | MRR 0.3664
Snapshot 0105 | MRR 0.3821
Snapshot 0106 | MRR 0.3329
Snapshot 0107 | MRR 0.3342
Snapshot 0108 | MRR 0.3020
Snapshot 0109 | MRR 0.3041
Snapshot 0110 | MRR 0.3211
Snapshot 0111 | MRR 0.3259
Snapshot 0112 | MRR 0.3546
Snapshot 0113 | MRR 0.3983
Snapshot 0114 | MRR 0.3764
Snapshot 0115 | MRR 0.3693
Snapshot 0116 | MRR 0.3776
Snapshot 0117 | MRR 0.3693
Snapshot 0118 | MRR 0.3632
Snapshot 0119 | MRR 0.3322
Snapshot 0120 | MRR 0.3684
Snapshot 0121 | MRR 0.3285
Snapshot 0122 | MRR 0.3782
Snapshot 0123 | MRR 0.3844
Snapshot 0124 | MRR 0.3681
Snapshot 0125 | MRR 0.3674
Snapshot 0126 | MRR 0.3754
Snapshot 0127 | MRR 0.3756
Snapshot 0128 | MRR 0.3820
Snapshot 0129 | MRR 0.3316
Snapshot 0130 | MRR 0.3185
Snapshot 0131 | MRR 0.2884
Snapshot 0132 | MRR 0.3472
Snapshot 0133 | MRR 0.3306
Snapshot 0134 | MRR 0.3640
Snapshot 0135 | MRR 0.3593
Snapshot 0136 | MRR 0.3713
Snapshot 0137 | MRR 0.3400
Snapshot 0138 | MRR 0.3482
Snapshot 0139 | MRR 0.4197
Snapshot 0140 | MRR 0.3581
Snapshot 0141 | MRR 0.3220
Snapshot 0142 | MRR 0.3266
Snapshot 0143 | MRR 0.3622
Snapshot 0144 | MRR 0.3380
Snapshot 0145 | MRR 0.3541
Snapshot 0146 | MRR 0.3390
Snapshot 0147 | MRR 0.3403
Snapshot 0148 | MRR 0.3623
Snapshot 0149 | MRR 0.3755
Snapshot 0150 | MRR 0.4054
Snapshot 0151 | MRR 0.3354
Snapshot 0152 | MRR 0.3147
Snapshot 0153 | MRR 0.3622
Snapshot 0154 | MRR 0.3766
Snapshot 0155 | MRR 0.3997
Snapshot 0156 | MRR 0.3550
Snapshot 0157 | MRR 0.3896
Snapshot 0158 | MRR 0.3080
Snapshot 0159 | MRR 0.3656
Snapshot 0160 | MRR 0.2670
Snapshot 0161 | MRR 0.2191
Snapshot 0162 | MRR 0.3581
Snapshot 0163 | MRR 0.3702
Snapshot 0164 | MRR 0.4247
Snapshot 0165 | MRR 0.3837
Snapshot 0166 | MRR 0.3723
Snapshot 0167 | MRR 0.3578
Snapshot 0168 | MRR 0.4112
Snapshot 0169 | MRR 0.4579
Snapshot 0170 | MRR 0.4126
Snapshot 0171 | MRR 0.4299
Snapshot 0172 | MRR 0.3841
Snapshot 0173 | MRR 0.3354
Snapshot 0174 | MRR 0.3679
Snapshot 0175 | MRR 0.3690
Snapshot 0176 | MRR 0.3629
Snapshot 0177 | MRR 0.4380

reddit-body  MRR = 0.331996  (177 eval snapshots)
saved -> results/roland_port/live_update_und-yes_loss-margin/mlp_node-learned_edge-learned/reddit-body/seed1/exp_20260815-100947_lp.json
