
==================================================================
ROLAND pipeline + SiST-GNN encoder
  dataset=reddit-title  mode=live_update  decoder=dot
  node_features=learned  loss=margin  seed=2
==================================================================
  snapshot filter (>= 10 edges): 178 -> 178
  T=178  N=54075  start_compute_mrr=0
  edge features: learned (raw dim 1)
Snapshot 0001 | MRR 0.0670
Snapshot 0002 | MRR 0.3296
Snapshot 0003 | MRR 0.2803
Snapshot 0004 | MRR 0.4193
Snapshot 0005 | MRR 0.3681
Snapshot 0006 | MRR 0.3750
Snapshot 0007 | MRR 0.4440
Snapshot 0008 | MRR 0.3697
Snapshot 0009 | MRR 0.4010
Snapshot 0010 | MRR 0.4309
Snapshot 0011 | MRR 0.3777
Snapshot 0012 | MRR 0.4371
Snapshot 0013 | MRR 0.4173
Snapshot 0014 | MRR 0.3811
Snapshot 0015 | MRR 0.4604
Snapshot 0016 | MRR 0.4636
Snapshot 0017 | MRR 0.4380
Snapshot 0018 | MRR 0.4701
Snapshot 0019 | MRR 0.4718
Snapshot 0020 | MRR 0.4360
Snapshot 0021 | MRR 0.4203
Snapshot 0022 | MRR 0.4102
Snapshot 0023 | MRR 0.4279
Snapshot 0024 | MRR 0.4691
Snapshot 0025 | MRR 0.4199
Snapshot 0026 | MRR 0.4172
Snapshot 0027 | MRR 0.4372
Snapshot 0028 | MRR 0.5030
Snapshot 0029 | MRR 0.4379
Snapshot 0030 | MRR 0.4342
Snapshot 0031 | MRR 0.4223
Snapshot 0032 | MRR 0.4511
Snapshot 0033 | MRR 0.4400
Snapshot 0034 | MRR 0.4155
Snapshot 0035 | MRR 0.4466
Snapshot 0036 | MRR 0.4197
Snapshot 0037 | MRR 0.4292
Snapshot 0038 | MRR 0.4382
Snapshot 0039 | MRR 0.4522
Snapshot 0040 | MRR 0.4785
Snapshot 0041 | MRR 0.4551
Snapshot 0042 | MRR 0.3938
Snapshot 0043 | MRR 0.4291
Snapshot 0044 | MRR 0.4746
Snapshot 0045 | MRR 0.4801
Snapshot 0046 | MRR 0.4497
Snapshot 0047 | MRR 0.4631
Snapshot 0048 | MRR 0.4396
Snapshot 0049 | MRR 0.4282
Snapshot 0050 | MRR 0.4526
Snapshot 0051 | MRR 0.4574
Snapshot 0052 | MRR 0.4666
Snapshot 0053 | MRR 0.4542
Snapshot 0054 | MRR 0.3347
Snapshot 0055 | MRR 0.4156
Snapshot 0056 | MRR 0.4339
Snapshot 0057 | MRR 0.4436
Snapshot 0058 | MRR 0.4364
Snapshot 0059 | MRR 0.4480
Snapshot 0060 | MRR 0.4935
Snapshot 0061 | MRR 0.4586
Snapshot 0062 | MRR 0.4746
Snapshot 0063 | MRR 0.4429
Snapshot 0064 | MRR 0.4244
Snapshot 0065 | MRR 0.4493
Snapshot 0066 | MRR 0.4412
Snapshot 0067 | MRR 0.4362
Snapshot 0068 | MRR 0.4567
Snapshot 0069 | MRR 0.4257
Snapshot 0070 | MRR 0.4572
Snapshot 0071 | MRR 0.4184
Snapshot 0072 | MRR 0.4477
Snapshot 0073 | MRR 0.4271
Snapshot 0074 | MRR 0.4421
Snapshot 0075 | MRR 0.4823
Snapshot 0076 | MRR 0.4697
Snapshot 0077 | MRR 0.4629
Snapshot 0078 | MRR 0.4433
Snapshot 0079 | MRR 0.4812
Snapshot 0080 | MRR 0.4880
Snapshot 0081 | MRR 0.4380
Snapshot 0082 | MRR 0.4495
Snapshot 0083 | MRR 0.4652
Snapshot 0084 | MRR 0.4393
Snapshot 0085 | MRR 0.4665
Snapshot 0086 | MRR 0.4591
Snapshot 0087 | MRR 0.4631
Snapshot 0088 | MRR 0.4334
Snapshot 0089 | MRR 0.4687
Snapshot 0090 | MRR 0.4447
Snapshot 0091 | MRR 0.4284
Snapshot 0092 | MRR 0.4568
Snapshot 0093 | MRR 0.4451
Snapshot 0094 | MRR 0.4409
Snapshot 0095 | MRR 0.4859
Snapshot 0096 | MRR 0.4417
Snapshot 0097 | MRR 0.4640
Snapshot 0098 | MRR 0.4828
Snapshot 0099 | MRR 0.4737
Snapshot 0100 | MRR 0.4650
Snapshot 0101 | MRR 0.4922
Snapshot 0102 | MRR 0.4486
Snapshot 0103 | MRR 0.4940
Snapshot 0104 | MRR 0.4631
Snapshot 0105 | MRR 0.4301
Snapshot 0106 | MRR 0.4286
Snapshot 0107 | MRR 0.4603
Snapshot 0108 | MRR 0.3630
Snapshot 0109 | MRR 0.4326
Snapshot 0110 | MRR 0.4467
Snapshot 0111 | MRR 0.4210
Snapshot 0112 | MRR 0.4014
Snapshot 0113 | MRR 0.4365
Snapshot 0114 | MRR 0.4400
Snapshot 0115 | MRR 0.4271
Snapshot 0116 | MRR 0.4344
Snapshot 0117 | MRR 0.4362
Snapshot 0118 | MRR 0.4085
Snapshot 0119 | MRR 0.4558
Snapshot 0120 | MRR 0.3993
Snapshot 0121 | MRR 0.4397
Snapshot 0122 | MRR 0.4256
Snapshot 0123 | MRR 0.4432
Snapshot 0124 | MRR 0.4304
Snapshot 0125 | MRR 0.4270
Snapshot 0126 | MRR 0.4353
Snapshot 0127 | MRR 0.4441
Snapshot 0128 | MRR 0.4564
Snapshot 0129 | MRR 0.4407
Snapshot 0130 | MRR 0.4660
Snapshot 0131 | MRR 0.4441
Snapshot 0132 | MRR 0.4151
Snapshot 0133 | MRR 0.4000
Snapshot 0134 | MRR 0.4172
Snapshot 0135 | MRR 0.4335
Snapshot 0136 | MRR 0.4541
Snapshot 0137 | MRR 0.4641
Snapshot 0138 | MRR 0.4571
Snapshot 0139 | MRR 0.4709
Snapshot 0140 | MRR 0.4395
Snapshot 0141 | MRR 0.4688
Snapshot 0142 | MRR 0.4070
Snapshot 0143 | MRR 0.4429
Snapshot 0144 | MRR 0.4478
Snapshot 0145 | MRR 0.4355
Snapshot 0146 | MRR 0.4458
Snapshot 0147 | MRR 0.4596
Snapshot 0148 | MRR 0.4519
Snapshot 0149 | MRR 0.4684
Snapshot 0150 | MRR 0.4689
Snapshot 0151 | MRR 0.4514
Snapshot 0152 | MRR 0.4554
Snapshot 0153 | MRR 0.4528
Snapshot 0154 | MRR 0.5095
Snapshot 0155 | MRR 0.4067
Snapshot 0156 | MRR 0.4555
Snapshot 0157 | MRR 0.4260
Snapshot 0158 | MRR 0.4381
Snapshot 0159 | MRR 0.4708
Snapshot 0160 | MRR 0.4337
Snapshot 0161 | MRR 0.3260
Snapshot 0162 | MRR 0.4346
Snapshot 0163 | MRR 0.4389
Snapshot 0164 | MRR 0.4324
Snapshot 0165 | MRR 0.4235
Snapshot 0166 | MRR 0.4392
Snapshot 0167 | MRR 0.4548
Snapshot 0168 | MRR 0.3888
Snapshot 0169 | MRR 0.4545
Snapshot 0170 | MRR 0.4708
Snapshot 0171 | MRR 0.4069
Snapshot 0172 | MRR 0.4405
Snapshot 0173 | MRR 0.3882
Snapshot 0174 | MRR 0.4572
Snapshot 0175 | MRR 0.4128
Snapshot 0176 | MRR 0.4512
Snapshot 0177 | MRR 0.4367

reddit-title  MRR = 0.437158  (177 eval snapshots)
saved -> results/roland_port/live_update_und-yes_loss-margin/dot_node-learned_edge-learned/reddit-title/seed2/exp_20260815-080248_lp.json
