
==================================================================
ROLAND pipeline + SiST-GNN encoder
  dataset=reddit-title  mode=live_update  decoder=mlp
  node_features=learned  loss=margin  seed=4
==================================================================
  snapshot filter (>= 10 edges): 178 -> 178
  T=178  N=54075  start_compute_mrr=0
  edge features: learned (raw dim 1)
Snapshot 0001 | MRR 0.0044
Snapshot 0002 | MRR 0.4445
Snapshot 0003 | MRR 0.4513
Snapshot 0004 | MRR 0.4352
Snapshot 0005 | MRR 0.4258
Snapshot 0006 | MRR 0.4447
Snapshot 0007 | MRR 0.4438
Snapshot 0008 | MRR 0.4646
Snapshot 0009 | MRR 0.4222
Snapshot 0010 | MRR 0.4470
Snapshot 0011 | MRR 0.4507
Snapshot 0012 | MRR 0.4410
Snapshot 0013 | MRR 0.4657
Snapshot 0014 | MRR 0.4100
Snapshot 0015 | MRR 0.4443
Snapshot 0016 | MRR 0.4214
Snapshot 0017 | MRR 0.3960
Snapshot 0018 | MRR 0.3700
Snapshot 0019 | MRR 0.4021
Snapshot 0020 | MRR 0.4276
Snapshot 0021 | MRR 0.4485
Snapshot 0022 | MRR 0.4198
Snapshot 0023 | MRR 0.4475
Snapshot 0024 | MRR 0.4225
Snapshot 0025 | MRR 0.4128
Snapshot 0026 | MRR 0.4342
Snapshot 0027 | MRR 0.4199
Snapshot 0028 | MRR 0.4552
Snapshot 0029 | MRR 0.4205
Snapshot 0030 | MRR 0.3842
Snapshot 0031 | MRR 0.4390
Snapshot 0032 | MRR 0.4114
Snapshot 0033 | MRR 0.4395
Snapshot 0034 | MRR 0.4421
Snapshot 0035 | MRR 0.4148
Snapshot 0036 | MRR 0.4087
Snapshot 0037 | MRR 0.4143
Snapshot 0038 | MRR 0.4301
Snapshot 0039 | MRR 0.4199
Snapshot 0040 | MRR 0.4204
Snapshot 0041 | MRR 0.4729
Snapshot 0042 | MRR 0.4136
Snapshot 0043 | MRR 0.4167
Snapshot 0044 | MRR 0.4480
Snapshot 0045 | MRR 0.4082
Snapshot 0046 | MRR 0.4031
Snapshot 0047 | MRR 0.4399
Snapshot 0048 | MRR 0.4288
Snapshot 0049 | MRR 0.3870
Snapshot 0050 | MRR 0.3935
Snapshot 0051 | MRR 0.4342
Snapshot 0052 | MRR 0.4641
Snapshot 0053 | MRR 0.4215
Snapshot 0054 | MRR 0.4173
Snapshot 0055 | MRR 0.4200
Snapshot 0056 | MRR 0.4009
Snapshot 0057 | MRR 0.4830
Snapshot 0058 | MRR 0.3961
Snapshot 0059 | MRR 0.4173
Snapshot 0060 | MRR 0.4009
Snapshot 0061 | MRR 0.3888
Snapshot 0062 | MRR 0.4100
Snapshot 0063 | MRR 0.4260
Snapshot 0064 | MRR 0.4070
Snapshot 0065 | MRR 0.4492
Snapshot 0066 | MRR 0.4041
Snapshot 0067 | MRR 0.3732
Snapshot 0068 | MRR 0.3858
Snapshot 0069 | MRR 0.4504
Snapshot 0070 | MRR 0.3846
Snapshot 0071 | MRR 0.4056
Snapshot 0072 | MRR 0.4541
Snapshot 0073 | MRR 0.4323
Snapshot 0074 | MRR 0.4064
Snapshot 0075 | MRR 0.4383
Snapshot 0076 | MRR 0.3914
Snapshot 0077 | MRR 0.4024
Snapshot 0078 | MRR 0.3683
Snapshot 0079 | MRR 0.3995
Snapshot 0080 | MRR 0.4503
Snapshot 0081 | MRR 0.4150
Snapshot 0082 | MRR 0.3984
Snapshot 0083 | MRR 0.4225
Snapshot 0084 | MRR 0.3932
Snapshot 0085 | MRR 0.3997
Snapshot 0086 | MRR 0.4400
Snapshot 0087 | MRR 0.4255
Snapshot 0088 | MRR 0.4128
Snapshot 0089 | MRR 0.4085
Snapshot 0090 | MRR 0.3974
Snapshot 0091 | MRR 0.3705
Snapshot 0092 | MRR 0.3896
Snapshot 0093 | MRR 0.3817
Snapshot 0094 | MRR 0.4262
Snapshot 0095 | MRR 0.4133
Snapshot 0096 | MRR 0.4051
Snapshot 0097 | MRR 0.4094
Snapshot 0098 | MRR 0.4029
Snapshot 0099 | MRR 0.4087
Snapshot 0100 | MRR 0.4289
Snapshot 0101 | MRR 0.4008
Snapshot 0102 | MRR 0.4152
Snapshot 0103 | MRR 0.4465
Snapshot 0104 | MRR 0.4547
Snapshot 0105 | MRR 0.4451
Snapshot 0106 | MRR 0.4348
Snapshot 0107 | MRR 0.4101
Snapshot 0108 | MRR 0.3617
Snapshot 0109 | MRR 0.3858
Snapshot 0110 | MRR 0.3858
Snapshot 0111 | MRR 0.4230
Snapshot 0112 | MRR 0.4069
Snapshot 0113 | MRR 0.4381
Snapshot 0114 | MRR 0.4240
Snapshot 0115 | MRR 0.4153
Snapshot 0116 | MRR 0.4373
Snapshot 0117 | MRR 0.4456
Snapshot 0118 | MRR 0.4149
Snapshot 0119 | MRR 0.3890
Snapshot 0120 | MRR 0.3950
Snapshot 0121 | MRR 0.3806
Snapshot 0122 | MRR 0.4014
Snapshot 0123 | MRR 0.4472
Snapshot 0124 | MRR 0.4527
Snapshot 0125 | MRR 0.3894
Snapshot 0126 | MRR 0.4311
Snapshot 0127 | MRR 0.4085
Snapshot 0128 | MRR 0.4186
Snapshot 0129 | MRR 0.3917
Snapshot 0130 | MRR 0.4456
Snapshot 0131 | MRR 0.4234
Snapshot 0132 | MRR 0.4169
Snapshot 0133 | MRR 0.4148
Snapshot 0134 | MRR 0.4276
Snapshot 0135 | MRR 0.3793
Snapshot 0136 | MRR 0.4296
Snapshot 0137 | MRR 0.4331
Snapshot 0138 | MRR 0.4577
Snapshot 0139 | MRR 0.4189
Snapshot 0140 | MRR 0.4111
Snapshot 0141 | MRR 0.4576
Snapshot 0142 | MRR 0.4259
Snapshot 0143 | MRR 0.3824
Snapshot 0144 | MRR 0.4346
Snapshot 0145 | MRR 0.4314
Snapshot 0146 | MRR 0.4641
Snapshot 0147 | MRR 0.4235
Snapshot 0148 | MRR 0.4491
Snapshot 0149 | MRR 0.4612
Snapshot 0150 | MRR 0.4534
Snapshot 0151 | MRR 0.4557
Snapshot 0152 | MRR 0.4257
Snapshot 0153 | MRR 0.4208
Snapshot 0154 | MRR 0.4250
Snapshot 0155 | MRR 0.3770
Snapshot 0156 | MRR 0.4040
Snapshot 0157 | MRR 0.4168
Snapshot 0158 | MRR 0.4458
Snapshot 0159 | MRR 0.4272
Snapshot 0160 | MRR 0.3996
Snapshot 0161 | MRR 0.2466
Snapshot 0162 | MRR 0.3999
Snapshot 0163 | MRR 0.4139
Snapshot 0164 | MRR 0.4203
Snapshot 0165 | MRR 0.4328
Snapshot 0166 | MRR 0.4088
Snapshot 0167 | MRR 0.3991
Snapshot 0168 | MRR 0.4174
Snapshot 0169 | MRR 0.4065
Snapshot 0170 | MRR 0.4126
Snapshot 0171 | MRR 0.4067
Snapshot 0172 | MRR 0.4332
Snapshot 0173 | MRR 0.4185
Snapshot 0174 | MRR 0.4291
Snapshot 0175 | MRR 0.4118
Snapshot 0176 | MRR 0.4272
Snapshot 0177 | MRR 0.4446

reddit-title  MRR = 0.416838  (177 eval snapshots)
saved -> results/roland_port/live_update_und-yes_loss-margin/mlp_node-learned_edge-learned/reddit-title/seed4/exp_20260815-091045_lp.json
