
==================================================================
ROLAND pipeline + SiST-GNN encoder
  dataset=uci-message  mode=live_update_fixed_split  decoder=mlp
  node_features=learned  seed=2
==================================================================
  T=89  N=1899  start_compute_mrr=72
  edge features: none (raw dim 1)
Snapshot 0072 | MRR 0.1368
Snapshot 0073 | MRR 0.2201
Snapshot 0074 | MRR 0.1912
Snapshot 0075 | MRR 0.2934
Snapshot 0076 | MRR 0.3722
Snapshot 0077 | MRR 0.2444
Snapshot 0078 | MRR 0.3899
Snapshot 0079 | MRR 0.2326
Snapshot 0080 | MRR 0.1599
Snapshot 0081 | MRR 0.2102
Snapshot 0082 | MRR 0.1958
Snapshot 0083 | MRR 0.3217
Snapshot 0084 | MRR 0.2655
Snapshot 0085 | MRR 0.2860
Snapshot 0086 | MRR 0.3298
Snapshot 0087 | MRR 0.3003
Snapshot 0088 | MRR 0.2643

uci-message  MRR = 0.259662  (17 eval snapshots)
saved -> results/roland_port/live_update_fixed_split/mlp_node-learned_edge-none/uci-message/seed2/exp_20260813-152659_lp.json
