
==================================================================
ROLAND pipeline + SiST-GNN encoder
  dataset=reddit-title  mode=live_update  decoder=mlp
  node_features=learned  loss=margin  seed=1
==================================================================
  snapshot filter (>= 10 edges): 178 -> 178
  T=178  N=54075  start_compute_mrr=0
  edge features: learned (raw dim 1)
Snapshot 0001 | MRR 0.0160
Snapshot 0002 | MRR 0.3935
Snapshot 0003 | MRR 0.4407
Snapshot 0004 | MRR 0.4206
Snapshot 0005 | MRR 0.4105
Snapshot 0006 | MRR 0.4958
Snapshot 0007 | MRR 0.4409
Snapshot 0008 | MRR 0.4536
Snapshot 0009 | MRR 0.4064
Snapshot 0010 | MRR 0.4384
Snapshot 0011 | MRR 0.4314
Snapshot 0012 | MRR 0.4475
Snapshot 0013 | MRR 0.4032
Snapshot 0014 | MRR 0.3412
Snapshot 0015 | MRR 0.3071
Snapshot 0016 | MRR 0.3969
Snapshot 0017 | MRR 0.4166
Snapshot 0018 | MRR 0.4060
Snapshot 0019 | MRR 0.3540
Snapshot 0020 | MRR 0.4324
Snapshot 0021 | MRR 0.4169
Snapshot 0022 | MRR 0.3897
Snapshot 0023 | MRR 0.4285
Snapshot 0024 | MRR 0.4472
Snapshot 0025 | MRR 0.4251
Snapshot 0026 | MRR 0.4054
Snapshot 0027 | MRR 0.4180
Snapshot 0028 | MRR 0.3810
Snapshot 0029 | MRR 0.4240
Snapshot 0030 | MRR 0.4253
Snapshot 0031 | MRR 0.4278
Snapshot 0032 | MRR 0.4257
Snapshot 0033 | MRR 0.4429
Snapshot 0034 | MRR 0.4571
Snapshot 0035 | MRR 0.4263
Snapshot 0036 | MRR 0.4240
Snapshot 0037 | MRR 0.4285
Snapshot 0038 | MRR 0.4001
Snapshot 0039 | MRR 0.4544
Snapshot 0040 | MRR 0.4672
Snapshot 0041 | MRR 0.4032
Snapshot 0042 | MRR 0.4366
Snapshot 0043 | MRR 0.4233
Snapshot 0044 | MRR 0.4787
Snapshot 0045 | MRR 0.4220
Snapshot 0046 | MRR 0.4295
Snapshot 0047 | MRR 0.4423
Snapshot 0048 | MRR 0.3830
Snapshot 0049 | MRR 0.4295
Snapshot 0050 | MRR 0.4209
Snapshot 0051 | MRR 0.4096
Snapshot 0052 | MRR 0.4618
Snapshot 0053 | MRR 0.4802
Snapshot 0054 | MRR 0.3545
Snapshot 0055 | MRR 0.4260
Snapshot 0056 | MRR 0.4202
Snapshot 0057 | MRR 0.4562
Snapshot 0058 | MRR 0.4277
Snapshot 0059 | MRR 0.4652
Snapshot 0060 | MRR 0.4717
Snapshot 0061 | MRR 0.4263
Snapshot 0062 | MRR 0.4370
Snapshot 0063 | MRR 0.4254
Snapshot 0064 | MRR 0.4541
Snapshot 0065 | MRR 0.4293
Snapshot 0066 | MRR 0.4275
Snapshot 0067 | MRR 0.4203
Snapshot 0068 | MRR 0.4243
Snapshot 0069 | MRR 0.4466
Snapshot 0070 | MRR 0.4269
Snapshot 0071 | MRR 0.4306
Snapshot 0072 | MRR 0.4182
Snapshot 0073 | MRR 0.4522
Snapshot 0074 | MRR 0.4223
Snapshot 0075 | MRR 0.4450
Snapshot 0076 | MRR 0.4349
Snapshot 0077 | MRR 0.4099
Snapshot 0078 | MRR 0.4333
Snapshot 0079 | MRR 0.4375
Snapshot 0080 | MRR 0.4386
Snapshot 0081 | MRR 0.4088
Snapshot 0082 | MRR 0.4566
Snapshot 0083 | MRR 0.4508
Snapshot 0084 | MRR 0.4283
Snapshot 0085 | MRR 0.4030
Snapshot 0086 | MRR 0.4360
Snapshot 0087 | MRR 0.4333
Snapshot 0088 | MRR 0.4026
Snapshot 0089 | MRR 0.4223
Snapshot 0090 | MRR 0.4296
Snapshot 0091 | MRR 0.4530
Snapshot 0092 | MRR 0.4275
Snapshot 0093 | MRR 0.4573
Snapshot 0094 | MRR 0.4238
Snapshot 0095 | MRR 0.4320
Snapshot 0096 | MRR 0.3917
Snapshot 0097 | MRR 0.4571
Snapshot 0098 | MRR 0.4198
Snapshot 0099 | MRR 0.4531
Snapshot 0100 | MRR 0.4422
Snapshot 0101 | MRR 0.4644
Snapshot 0102 | MRR 0.4630
Snapshot 0103 | MRR 0.4570
Snapshot 0104 | MRR 0.4484
Snapshot 0105 | MRR 0.4229
Snapshot 0106 | MRR 0.4326
Snapshot 0107 | MRR 0.3756
Snapshot 0108 | MRR 0.3644
Snapshot 0109 | MRR 0.4319
Snapshot 0110 | MRR 0.4197
Snapshot 0111 | MRR 0.4496
Snapshot 0112 | MRR 0.4366
Snapshot 0113 | MRR 0.4612
Snapshot 0114 | MRR 0.4152
Snapshot 0115 | MRR 0.4551
Snapshot 0116 | MRR 0.4145
Snapshot 0117 | MRR 0.4096
Snapshot 0118 | MRR 0.4313
Snapshot 0119 | MRR 0.4459
Snapshot 0120 | MRR 0.4218
Snapshot 0121 | MRR 0.4303
Snapshot 0122 | MRR 0.4119
Snapshot 0123 | MRR 0.4547
Snapshot 0124 | MRR 0.4425
Snapshot 0125 | MRR 0.4545
Snapshot 0126 | MRR 0.4114
Snapshot 0127 | MRR 0.4487
Snapshot 0128 | MRR 0.4478
Snapshot 0129 | MRR 0.4460
Snapshot 0130 | MRR 0.4776
Snapshot 0131 | MRR 0.3780
Snapshot 0132 | MRR 0.3923
Snapshot 0133 | MRR 0.4131
Snapshot 0134 | MRR 0.4335
Snapshot 0135 | MRR 0.4363
Snapshot 0136 | MRR 0.4320
Snapshot 0137 | MRR 0.4593
Snapshot 0138 | MRR 0.4281
Snapshot 0139 | MRR 0.4316
Snapshot 0140 | MRR 0.4556
Snapshot 0141 | MRR 0.4622
Snapshot 0142 | MRR 0.4668
Snapshot 0143 | MRR 0.4436
Snapshot 0144 | MRR 0.3845
Snapshot 0145 | MRR 0.4336
Snapshot 0146 | MRR 0.4508
Snapshot 0147 | MRR 0.4279
Snapshot 0148 | MRR 0.4589
Snapshot 0149 | MRR 0.4414
Snapshot 0150 | MRR 0.4370
Snapshot 0151 | MRR 0.4637
Snapshot 0152 | MRR 0.4515
Snapshot 0153 | MRR 0.4482
Snapshot 0154 | MRR 0.4597
Snapshot 0155 | MRR 0.4247
Snapshot 0156 | MRR 0.4438
Snapshot 0157 | MRR 0.4498
Snapshot 0158 | MRR 0.4392
Snapshot 0159 | MRR 0.4567
Snapshot 0160 | MRR 0.4412
Snapshot 0161 | MRR 0.2749
Snapshot 0162 | MRR 0.3977
Snapshot 0163 | MRR 0.4234
Snapshot 0164 | MRR 0.4321
Snapshot 0165 | MRR 0.4520
Snapshot 0166 | MRR 0.4556
Snapshot 0167 | MRR 0.4219
Snapshot 0168 | MRR 0.4340
Snapshot 0169 | MRR 0.4283
Snapshot 0170 | MRR 0.4138
Snapshot 0171 | MRR 0.4500
Snapshot 0172 | MRR 0.4608
Snapshot 0173 | MRR 0.4097
Snapshot 0174 | MRR 0.4409
Snapshot 0175 | MRR 0.4373
Snapshot 0176 | MRR 0.4299
Snapshot 0177 | MRR 0.4581

reddit-title  MRR = 0.427634  (177 eval snapshots)
saved -> results/roland_port/live_update_und-yes_loss-margin/mlp_node-learned_edge-learned/reddit-title/seed1/exp_20260815-084052_lp.json
