
==================================================================
ROLAND pipeline + SiST-GNN encoder
  dataset=uci-message  mode=live_update_fixed_split  decoder=mlp
  node_features=constant  seed=2
==================================================================
  T=89  N=1899  start_compute_mrr=72
  edge features: learned (raw dim 1)
Snapshot 0072 | MRR 0.1901
Snapshot 0073 | MRR 0.2417
Snapshot 0074 | MRR 0.3298
Snapshot 0075 | MRR 0.2854
Snapshot 0076 | MRR 0.2618
Snapshot 0077 | MRR 0.1978
Snapshot 0078 | MRR 0.2600
Snapshot 0079 | MRR 0.1600
Snapshot 0080 | MRR 0.1277
Snapshot 0081 | MRR 0.1524
Snapshot 0082 | MRR 0.1453
Snapshot 0083 | MRR 0.2014
Snapshot 0084 | MRR 0.1364
Snapshot 0085 | MRR 0.6658
Snapshot 0086 | MRR 0.3099
Snapshot 0087 | MRR 0.2081
Snapshot 0088 | MRR 0.1700

uci-message  MRR = 0.237860  (17 eval snapshots)
saved -> results/roland_port/live_update_fixed_split/mlp_node-constant_edge-learned/uci-message/seed2/exp_20260813-154541_lp.json
