
==================================================================
ROLAND pipeline + SiST-GNN encoder
  dataset=uci-message  mode=live_update_fixed_split  decoder=mlp
  node_features=constant  seed=2
==================================================================
  T=89  N=1899  start_compute_mrr=72
  edge features: none (raw dim 1)
Snapshot 0072 | MRR 0.1891
Snapshot 0073 | MRR 0.2311
Snapshot 0074 | MRR 0.2457
Snapshot 0075 | MRR 0.2694
Snapshot 0076 | MRR 0.2295
Snapshot 0077 | MRR 0.1991
Snapshot 0078 | MRR 0.2612
Snapshot 0079 | MRR 0.1866
Snapshot 0080 | MRR 0.2068
Snapshot 0081 | MRR 0.2791
Snapshot 0082 | MRR 0.1528
Snapshot 0083 | MRR 0.2077
Snapshot 0084 | MRR 0.1980
Snapshot 0085 | MRR 0.5792
Snapshot 0086 | MRR 0.2285
Snapshot 0087 | MRR 0.1237
Snapshot 0088 | MRR 0.1167

uci-message  MRR = 0.229652  (17 eval snapshots)
saved -> results/roland_port/live_update_fixed_split/mlp_node-constant_edge-none/uci-message/seed2/exp_20260813-160234_lp.json
