
==================================================================
ROLAND pipeline + SiST-GNN encoder
  dataset=bitcoin-alpha  mode=live_update  decoder=mlp
  node_features=learned  loss=bce  seed=0
==================================================================
  snapshot filter (>= 10 edges): 274 -> 254
  T=254  N=3783  start_compute_mrr=0
  edge features: learned (raw dim 2)
Snapshot 0001 | MRR 0.0089
Snapshot 0002 | MRR 0.6667
Snapshot 0003 | MRR 0.0026
Snapshot 0004 | MRR 0.5062
Snapshot 0005 | MRR 0.2976
Snapshot 0006 | MRR 0.1675
Snapshot 0007 | MRR 0.4005
Snapshot 0008 | MRR 0.1809
Snapshot 0009 | MRR 0.1481
Snapshot 0010 | MRR 0.3545
Snapshot 0011 | MRR 0.0795
Snapshot 0012 | MRR 0.4707
Snapshot 0013 | MRR 0.1203
Snapshot 0014 | MRR 0.2296
Snapshot 0015 | MRR 0.0672
Snapshot 0016 | MRR 0.3016
Snapshot 0017 | MRR 0.4391
Snapshot 0018 | MRR 0.1521
Snapshot 0019 | MRR 0.2529
Snapshot 0020 | MRR 0.2474
Snapshot 0021 | MRR 0.4716
Snapshot 0022 | MRR 0.2965
Snapshot 0023 | MRR 0.1295
Snapshot 0024 | MRR 0.2531
Snapshot 0025 | MRR 0.0835
Snapshot 0026 | MRR 0.0399
Snapshot 0027 | MRR 0.0984
Snapshot 0028 | MRR 0.0557
Snapshot 0029 | MRR 0.0425
Snapshot 0030 | MRR 0.0300
Snapshot 0031 | MRR 0.0659
Snapshot 0032 | MRR 0.0238
Snapshot 0033 | MRR 0.0600
Snapshot 0034 | MRR 0.1047
Snapshot 0035 | MRR 0.0343
Snapshot 0036 | MRR 0.0485
Snapshot 0037 | MRR 0.2352
Snapshot 0038 | MRR 0.0872
Snapshot 0039 | MRR 0.1162
Snapshot 0040 | MRR 0.2130
Snapshot 0041 | MRR 0.2609
Snapshot 0042 | MRR 0.1912
Snapshot 0043 | MRR 0.0734
Snapshot 0044 | MRR 0.1175
Snapshot 0045 | MRR 0.1559
Snapshot 0046 | MRR 0.0551
Snapshot 0047 | MRR 0.1271
Snapshot 0048 | MRR 0.1734
Snapshot 0049 | MRR 0.2999
Snapshot 0050 | MRR 0.1851
Snapshot 0051 | MRR 0.3589
Snapshot 0052 | MRR 0.1066
Snapshot 0053 | MRR 0.1312
Snapshot 0054 | MRR 0.1667
Snapshot 0055 | MRR 0.1440
Snapshot 0056 | MRR 0.2033
Snapshot 0057 | MRR 0.2545
Snapshot 0058 | MRR 0.0832
Snapshot 0059 | MRR 0.1315
Snapshot 0060 | MRR 0.3725
Snapshot 0061 | MRR 0.1254
Snapshot 0062 | MRR 0.0322
Snapshot 0063 | MRR 0.3225
Snapshot 0064 | MRR 0.0701
Snapshot 0065 | MRR 0.0571
Snapshot 0066 | MRR 0.2311
Snapshot 0067 | MRR 0.2277
Snapshot 0068 | MRR 0.1742
Snapshot 0069 | MRR 0.0885
Snapshot 0070 | MRR 0.0630
Snapshot 0071 | MRR 0.0954
Snapshot 0072 | MRR 0.0954
Snapshot 0073 | MRR 0.1009
Snapshot 0074 | MRR 0.1168
Snapshot 0075 | MRR 0.1212
Snapshot 0076 | MRR 0.1666
Snapshot 0077 | MRR 0.0669
Snapshot 0078 | MRR 0.1247
Snapshot 0079 | MRR 0.1293
Snapshot 0080 | MRR 0.0805
Snapshot 0081 | MRR 0.0871
Snapshot 0082 | MRR 0.1102
Snapshot 0083 | MRR 0.0876
Snapshot 0084 | MRR 0.1026
Snapshot 0085 | MRR 0.2397
Snapshot 0086 | MRR 0.1517
Snapshot 0087 | MRR 0.1125
Snapshot 0088 | MRR 0.1398
Snapshot 0089 | MRR 0.0451
Snapshot 0090 | MRR 0.0742
Snapshot 0091 | MRR 0.0878
Snapshot 0092 | MRR 0.0895
Snapshot 0093 | MRR 0.0564
Snapshot 0094 | MRR 0.0743
Snapshot 0095 | MRR 0.1187
Snapshot 0096 | MRR 0.2163
Snapshot 0097 | MRR 0.1331
Snapshot 0098 | MRR 0.1436
Snapshot 0099 | MRR 0.1710
Snapshot 0100 | MRR 0.2897
Snapshot 0101 | MRR 0.1495
Snapshot 0102 | MRR 0.0430
Snapshot 0103 | MRR 0.1091
Snapshot 0104 | MRR 0.1169
Snapshot 0105 | MRR 0.1954
Snapshot 0106 | MRR 0.1234
Snapshot 0107 | MRR 0.0770
Snapshot 0108 | MRR 0.1544
Snapshot 0109 | MRR 0.1763
Snapshot 0110 | MRR 0.2173
Snapshot 0111 | MRR 0.1420
Snapshot 0112 | MRR 0.0900
Snapshot 0113 | MRR 0.2365
Snapshot 0114 | MRR 0.0842
Snapshot 0115 | MRR 0.0658
Snapshot 0116 | MRR 0.1333
Snapshot 0117 | MRR 0.0764
Snapshot 0118 | MRR 0.0769
Snapshot 0119 | MRR 0.1468
Snapshot 0120 | MRR 0.1618
Snapshot 0121 | MRR 0.1595
Snapshot 0122 | MRR 0.0432
Snapshot 0123 | MRR 0.0724
Snapshot 0124 | MRR 0.1239
Snapshot 0125 | MRR 0.1561
Snapshot 0126 | MRR 0.1280
Snapshot 0127 | MRR 0.1242
Snapshot 0128 | MRR 0.0828
Snapshot 0129 | MRR 0.0716
Snapshot 0130 | MRR 0.0915
Snapshot 0131 | MRR 0.0626
Snapshot 0132 | MRR 0.1065
Snapshot 0133 | MRR 0.0843
Snapshot 0134 | MRR 0.1313
Snapshot 0135 | MRR 0.0567
Snapshot 0136 | MRR 0.0495
Snapshot 0137 | MRR 0.1143
Snapshot 0138 | MRR 0.1457
Snapshot 0139 | MRR 0.0619
Snapshot 0140 | MRR 0.1085
Snapshot 0141 | MRR 0.1692
Snapshot 0142 | MRR 0.1600
Snapshot 0143 | MRR 0.1174
Snapshot 0144 | MRR 0.2145
Snapshot 0145 | MRR 0.2525
Snapshot 0146 | MRR 0.1485
Snapshot 0147 | MRR 0.0776
Snapshot 0148 | MRR 0.1839
Snapshot 0149 | MRR 0.0832
Snapshot 0150 | MRR 0.1935
Snapshot 0151 | MRR 0.0633
Snapshot 0152 | MRR 0.1207
Snapshot 0153 | MRR 0.0269
Snapshot 0154 | MRR 0.0738
Snapshot 0155 | MRR 0.2051
Snapshot 0156 | MRR 0.2996
Snapshot 0157 | MRR 0.2063
Snapshot 0158 | MRR 0.1511
Snapshot 0159 | MRR 0.0867
Snapshot 0160 | MRR 0.1594
Snapshot 0161 | MRR 0.1408
Snapshot 0162 | MRR 0.0860
Snapshot 0163 | MRR 0.2266
Snapshot 0164 | MRR 0.2049
Snapshot 0165 | MRR 0.1886
Snapshot 0166 | MRR 0.0160
Snapshot 0167 | MRR 0.0143
Snapshot 0168 | MRR 0.2733
Snapshot 0169 | MRR 0.1406
Snapshot 0170 | MRR 0.2578
Snapshot 0171 | MRR 0.1745
Snapshot 0172 | MRR 0.1179
Snapshot 0173 | MRR 0.1162
Snapshot 0174 | MRR 0.0789
Snapshot 0175 | MRR 0.1206
Snapshot 0176 | MRR 0.2158
Snapshot 0177 | MRR 0.2135
Snapshot 0178 | MRR 0.0102
Snapshot 0179 | MRR 0.2352
Snapshot 0180 | MRR 0.2218
Snapshot 0181 | MRR 0.0629
Snapshot 0182 | MRR 0.0653
Snapshot 0183 | MRR 0.1920
Snapshot 0184 | MRR 0.1335
Snapshot 0185 | MRR 0.1113
Snapshot 0186 | MRR 0.0600
Snapshot 0187 | MRR 0.1974
Snapshot 0188 | MRR 0.1404
Snapshot 0189 | MRR 0.0264
Snapshot 0190 | MRR 0.1737
Snapshot 0191 | MRR 0.0780
Snapshot 0192 | MRR 0.1430
Snapshot 0193 | MRR 0.1645
Snapshot 0194 | MRR 0.1504
Snapshot 0195 | MRR 0.1171
Snapshot 0196 | MRR 0.2417
Snapshot 0197 | MRR 0.3758
Snapshot 0198 | MRR 0.1813
Snapshot 0199 | MRR 0.1638
Snapshot 0200 | MRR 0.1770
Snapshot 0201 | MRR 0.0622
Snapshot 0202 | MRR 0.1168
Snapshot 0203 | MRR 0.2447
Snapshot 0204 | MRR 0.1921
Snapshot 0205 | MRR 0.1852
Snapshot 0206 | MRR 0.1410
Snapshot 0207 | MRR 0.1997
Snapshot 0208 | MRR 0.1022
Snapshot 0209 | MRR 0.2327
Snapshot 0210 | MRR 0.1358
Snapshot 0211 | MRR 0.1711
Snapshot 0212 | MRR 0.3589
Snapshot 0213 | MRR 0.3900
Snapshot 0214 | MRR 0.1302
Snapshot 0215 | MRR 0.1888
Snapshot 0216 | MRR 0.2786
Snapshot 0217 | MRR 0.3555
Snapshot 0218 | MRR 0.2968
Snapshot 0219 | MRR 0.1897
Snapshot 0220 | MRR 0.1011
Snapshot 0221 | MRR 0.0887
Snapshot 0222 | MRR 0.1146
Snapshot 0223 | MRR 0.0142
Snapshot 0224 | MRR 0.0842
Snapshot 0225 | MRR 0.5018
Snapshot 0226 | MRR 1.0000
Snapshot 0227 | MRR 0.0447
Snapshot 0228 | MRR 0.3006
Snapshot 0229 | MRR 0.1671
Snapshot 0230 | MRR 0.3620
Snapshot 0231 | MRR 0.2342
Snapshot 0232 | MRR 0.5833
Snapshot 0233 | MRR 0.6673
Snapshot 0234 | MRR 0.2520
Snapshot 0235 | MRR 0.4113
Snapshot 0236 | MRR 0.1024
Snapshot 0237 | MRR 0.1333
Snapshot 0238 | MRR 0.1730
Snapshot 0239 | MRR 0.5714
Snapshot 0240 | MRR 0.3333
Snapshot 0241 | MRR 0.1672
Snapshot 0242 | MRR 0.0684
Snapshot 0243 | MRR 0.5000
Snapshot 0244 | MRR 0.4167
Snapshot 0245 | MRR 0.3333
Snapshot 0246 | MRR 0.2460
Snapshot 0247 | MRR 0.1000
Snapshot 0248 | MRR 0.5012
Snapshot 0249 | MRR 0.5008
Snapshot 0250 | MRR 0.0072
Snapshot 0251 | MRR 0.0954
Snapshot 0252 | MRR 0.1476
Snapshot 0253 | MRR 0.3405

bitcoin-alpha  MRR = 0.171486  (253 eval snapshots)
saved -> results/roland_port/live_update_und-yes_loss-bce/mlp_node-learned_edge-learned/bitcoin-alpha/seed0/exp_20260814-193714_lp.json
