
==================================================================
ROLAND pipeline + SiST-GNN encoder
  dataset=uci-message  mode=live_update_fixed_split  decoder=dot
  node_features=constant  seed=0
==================================================================
  T=89  N=1899  start_compute_mrr=72
  edge features: none (raw dim 1)
Snapshot 0072 | MRR 0.1980
Snapshot 0073 | MRR 0.1817
Snapshot 0074 | MRR 0.1210
Snapshot 0075 | MRR 0.2273
Snapshot 0076 | MRR 0.2313
Snapshot 0077 | MRR 0.2695
Snapshot 0078 | MRR 0.2431
Snapshot 0079 | MRR 0.1441
Snapshot 0080 | MRR 0.0715
Snapshot 0081 | MRR 0.2338
Snapshot 0082 | MRR 0.1440
Snapshot 0083 | MRR 0.1539
Snapshot 0084 | MRR 0.1396
Snapshot 0085 | MRR 0.0708
Snapshot 0086 | MRR 0.1679
Snapshot 0087 | MRR 0.1733
Snapshot 0088 | MRR 0.1531

uci-message  MRR = 0.171992  (17 eval snapshots)
saved -> results/roland_port/live_update_fixed_split/dot_node-constant_edge-none/uci-message/seed0/exp_20260813-144603_lp.json
