
==================================================================
ROLAND pipeline + SiST-GNN encoder
  dataset=uci-message  mode=live_update_fixed_split  decoder=mlp
  node_features=constant  seed=0
==================================================================
  T=89  N=1899  start_compute_mrr=72
  edge features: learned (raw dim 1)
Snapshot 0072 | MRR 0.2585
Snapshot 0073 | MRR 0.2728
Snapshot 0074 | MRR 0.2514
Snapshot 0075 | MRR 0.2605
Snapshot 0076 | MRR 0.2660
Snapshot 0077 | MRR 0.1344
Snapshot 0078 | MRR 0.2735
Snapshot 0079 | MRR 0.1973
Snapshot 0080 | MRR 0.1325
Snapshot 0081 | MRR 0.1178
Snapshot 0082 | MRR 0.1424
Snapshot 0083 | MRR 0.2102
Snapshot 0084 | MRR 0.1574
Snapshot 0085 | MRR 0.4518
Snapshot 0086 | MRR 0.1805
Snapshot 0087 | MRR 0.1709
Snapshot 0088 | MRR 0.2020

uci-message  MRR = 0.216476  (17 eval snapshots)
saved -> results/roland_port/live_update_fixed_split/mlp_node-constant_edge-learned/uci-message/seed0/exp_20260813-153701_lp.json
