
==================================================================
ROLAND pipeline + SiST-GNN encoder
  dataset=reddit-body  mode=live_update  decoder=dot
  node_features=learned  loss=margin  seed=3
==================================================================
  snapshot filter (>= 10 edges): 178 -> 178
  T=178  N=35776  start_compute_mrr=0
  edge features: learned (raw dim 1)
Snapshot 0001 | MRR 0.0036
Snapshot 0002 | MRR 0.1795
Snapshot 0003 | MRR 0.2308
Snapshot 0004 | MRR 0.2951
Snapshot 0005 | MRR 0.3257
Snapshot 0006 | MRR 0.3085
Snapshot 0007 | MRR 0.2510
Snapshot 0008 | MRR 0.3191
Snapshot 0009 | MRR 0.3019
Snapshot 0010 | MRR 0.2826
Snapshot 0011 | MRR 0.3075
Snapshot 0012 | MRR 0.3451
Snapshot 0013 | MRR 0.3558
Snapshot 0014 | MRR 0.2989
Snapshot 0015 | MRR 0.2854
Snapshot 0016 | MRR 0.3466
Snapshot 0017 | MRR 0.3014
Snapshot 0018 | MRR 0.3373
Snapshot 0019 | MRR 0.2837
Snapshot 0020 | MRR 0.3773
Snapshot 0021 | MRR 0.3834
Snapshot 0022 | MRR 0.3567
Snapshot 0023 | MRR 0.3184
Snapshot 0024 | MRR 0.3482
Snapshot 0025 | MRR 0.3123
Snapshot 0026 | MRR 0.3326
Snapshot 0027 | MRR 0.3602
Snapshot 0028 | MRR 0.3193
Snapshot 0029 | MRR 0.3352
Snapshot 0030 | MRR 0.2859
Snapshot 0031 | MRR 0.3001
Snapshot 0032 | MRR 0.3434
Snapshot 0033 | MRR 0.3368
Snapshot 0034 | MRR 0.3390
Snapshot 0035 | MRR 0.3672
Snapshot 0036 | MRR 0.3322
Snapshot 0037 | MRR 0.3871
Snapshot 0038 | MRR 0.3638
Snapshot 0039 | MRR 0.4014
Snapshot 0040 | MRR 0.4073
Snapshot 0041 | MRR 0.4461
Snapshot 0042 | MRR 0.3614
Snapshot 0043 | MRR 0.3323
Snapshot 0044 | MRR 0.3677
Snapshot 0045 | MRR 0.3798
Snapshot 0046 | MRR 0.3733
Snapshot 0047 | MRR 0.3632
Snapshot 0048 | MRR 0.3968
Snapshot 0049 | MRR 0.3848
Snapshot 0050 | MRR 0.4227
Snapshot 0051 | MRR 0.4093
Snapshot 0052 | MRR 0.3620
Snapshot 0053 | MRR 0.3477
Snapshot 0054 | MRR 0.2783
Snapshot 0055 | MRR 0.3227
Snapshot 0056 | MRR 0.3141
Snapshot 0057 | MRR 0.3297
Snapshot 0058 | MRR 0.3885
Snapshot 0059 | MRR 0.3479
Snapshot 0060 | MRR 0.3475
Snapshot 0061 | MRR 0.4069
Snapshot 0062 | MRR 0.3729
Snapshot 0063 | MRR 0.4507
Snapshot 0064 | MRR 0.3623
Snapshot 0065 | MRR 0.4171
Snapshot 0066 | MRR 0.3926
Snapshot 0067 | MRR 0.3684
Snapshot 0068 | MRR 0.4030
Snapshot 0069 | MRR 0.3790
Snapshot 0070 | MRR 0.3391
Snapshot 0071 | MRR 0.3628
Snapshot 0072 | MRR 0.3754
Snapshot 0073 | MRR 0.3874
Snapshot 0074 | MRR 0.4253
Snapshot 0075 | MRR 0.3547
Snapshot 0076 | MRR 0.3822
Snapshot 0077 | MRR 0.3491
Snapshot 0078 | MRR 0.3441
Snapshot 0079 | MRR 0.3836
Snapshot 0080 | MRR 0.4117
Snapshot 0081 | MRR 0.3372
Snapshot 0082 | MRR 0.3646
Snapshot 0083 | MRR 0.3424
Snapshot 0084 | MRR 0.3719
Snapshot 0085 | MRR 0.3572
Snapshot 0086 | MRR 0.3809
Snapshot 0087 | MRR 0.3660
Snapshot 0088 | MRR 0.3547
Snapshot 0089 | MRR 0.3733
Snapshot 0090 | MRR 0.3683
Snapshot 0091 | MRR 0.3420
Snapshot 0092 | MRR 0.3389
Snapshot 0093 | MRR 0.3916
Snapshot 0094 | MRR 0.3820
Snapshot 0095 | MRR 0.3398
Snapshot 0096 | MRR 0.3786
Snapshot 0097 | MRR 0.3714
Snapshot 0098 | MRR 0.4085
Snapshot 0099 | MRR 0.3879
Snapshot 0100 | MRR 0.3779
Snapshot 0101 | MRR 0.3993
Snapshot 0102 | MRR 0.3646
Snapshot 0103 | MRR 0.3681
Snapshot 0104 | MRR 0.4125
Snapshot 0105 | MRR 0.3751
Snapshot 0106 | MRR 0.3679
Snapshot 0107 | MRR 0.3532
Snapshot 0108 | MRR 0.3467
Snapshot 0109 | MRR 0.3229
Snapshot 0110 | MRR 0.3634
Snapshot 0111 | MRR 0.3846
Snapshot 0112 | MRR 0.3573
Snapshot 0113 | MRR 0.4173
Snapshot 0114 | MRR 0.3910
Snapshot 0115 | MRR 0.4389
Snapshot 0116 | MRR 0.3989
Snapshot 0117 | MRR 0.4061
Snapshot 0118 | MRR 0.4163
Snapshot 0119 | MRR 0.3890
Snapshot 0120 | MRR 0.4041
Snapshot 0121 | MRR 0.3423
Snapshot 0122 | MRR 0.4433
Snapshot 0123 | MRR 0.3950
Snapshot 0124 | MRR 0.3572
Snapshot 0125 | MRR 0.3925
Snapshot 0126 | MRR 0.3937
Snapshot 0127 | MRR 0.4181
Snapshot 0128 | MRR 0.4214
Snapshot 0129 | MRR 0.3812
Snapshot 0130 | MRR 0.4323
Snapshot 0131 | MRR 0.3315
Snapshot 0132 | MRR 0.3893
Snapshot 0133 | MRR 0.3532
Snapshot 0134 | MRR 0.3978
Snapshot 0135 | MRR 0.4073
Snapshot 0136 | MRR 0.3998
Snapshot 0137 | MRR 0.3976
Snapshot 0138 | MRR 0.4241
Snapshot 0139 | MRR 0.4219
Snapshot 0140 | MRR 0.3779
Snapshot 0141 | MRR 0.3758
Snapshot 0142 | MRR 0.3963
Snapshot 0143 | MRR 0.4057
Snapshot 0144 | MRR 0.4196
Snapshot 0145 | MRR 0.4066
Snapshot 0146 | MRR 0.3911
Snapshot 0147 | MRR 0.4192
Snapshot 0148 | MRR 0.3458
Snapshot 0149 | MRR 0.4444
Snapshot 0150 | MRR 0.3904
Snapshot 0151 | MRR 0.4036
Snapshot 0152 | MRR 0.4144
Snapshot 0153 | MRR 0.4465
Snapshot 0154 | MRR 0.4277
Snapshot 0155 | MRR 0.3691
Snapshot 0156 | MRR 0.4265
Snapshot 0157 | MRR 0.4274
Snapshot 0158 | MRR 0.4047
Snapshot 0159 | MRR 0.3797
Snapshot 0160 | MRR 0.3038
Snapshot 0161 | MRR 0.3231
Snapshot 0162 | MRR 0.3932
Snapshot 0163 | MRR 0.4139
Snapshot 0164 | MRR 0.3699
Snapshot 0165 | MRR 0.4204
Snapshot 0166 | MRR 0.4034
Snapshot 0167 | MRR 0.4471
Snapshot 0168 | MRR 0.4443
Snapshot 0169 | MRR 0.4437
Snapshot 0170 | MRR 0.3951
Snapshot 0171 | MRR 0.4348
Snapshot 0172 | MRR 0.4302
Snapshot 0173 | MRR 0.3184
Snapshot 0174 | MRR 0.3601
Snapshot 0175 | MRR 0.4167
Snapshot 0176 | MRR 0.4050
Snapshot 0177 | MRR 0.4604

reddit-body  MRR = 0.369373  (177 eval snapshots)
saved -> results/roland_port/live_update_und-yes_loss-margin/dot_node-learned_edge-learned/reddit-body/seed3/exp_20260815-094357_lp.json
