
==================================================================
ROLAND pipeline + SiST-GNN encoder
  dataset=uci-message  mode=live_update_fixed_split  decoder=mlp
  node_features=learned  seed=3
==================================================================
  T=89  N=1899  start_compute_mrr=72
  edge features: learned (raw dim 1)
Snapshot 0072 | MRR 0.2542
Snapshot 0073 | MRR 0.3907
Snapshot 0074 | MRR 0.3670
Snapshot 0075 | MRR 0.4827
Snapshot 0076 | MRR 0.4310
Snapshot 0077 | MRR 0.4155
Snapshot 0078 | MRR 0.4306
Snapshot 0079 | MRR 0.3659
Snapshot 0080 | MRR 0.2829
Snapshot 0081 | MRR 0.3557
Snapshot 0082 | MRR 0.2378
Snapshot 0083 | MRR 0.3278
Snapshot 0084 | MRR 0.3376
Snapshot 0085 | MRR 0.3344
Snapshot 0086 | MRR 0.4146
Snapshot 0087 | MRR 0.3442
Snapshot 0088 | MRR 0.2737

uci-message  MRR = 0.355658  (17 eval snapshots)
saved -> results/roland_port/live_update_fixed_split/mlp_node-learned_edge-learned/uci-message/seed3/exp_20260813-151338_lp.json
