
==================================================================
ROLAND pipeline + SiST-GNN encoder
  dataset=reddit-body  mode=live_update  decoder=mlp
  node_features=learned  loss=margin  seed=3
==================================================================
  snapshot filter (>= 10 edges): 178 -> 178
  T=178  N=35776  start_compute_mrr=0
  edge features: learned (raw dim 1)
Snapshot 0001 | MRR 0.0116
Snapshot 0002 | MRR 0.3054
Snapshot 0003 | MRR 0.2270
Snapshot 0004 | MRR 0.2902
Snapshot 0005 | MRR 0.3329
Snapshot 0006 | MRR 0.2944
Snapshot 0007 | MRR 0.2750
Snapshot 0008 | MRR 0.3331
Snapshot 0009 | MRR 0.2486
Snapshot 0010 | MRR 0.1962
Snapshot 0011 | MRR 0.2655
Snapshot 0012 | MRR 0.2739
Snapshot 0013 | MRR 0.2715
Snapshot 0014 | MRR 0.2720
Snapshot 0015 | MRR 0.2701
Snapshot 0016 | MRR 0.2920
Snapshot 0017 | MRR 0.2740
Snapshot 0018 | MRR 0.3327
Snapshot 0019 | MRR 0.2669
Snapshot 0020 | MRR 0.3159
Snapshot 0021 | MRR 0.3477
Snapshot 0022 | MRR 0.2902
Snapshot 0023 | MRR 0.2891
Snapshot 0024 | MRR 0.2898
Snapshot 0025 | MRR 0.3040
Snapshot 0026 | MRR 0.2793
Snapshot 0027 | MRR 0.2939
Snapshot 0028 | MRR 0.2319
Snapshot 0029 | MRR 0.2805
Snapshot 0030 | MRR 0.2680
Snapshot 0031 | MRR 0.2703
Snapshot 0032 | MRR 0.2725
Snapshot 0033 | MRR 0.3020
Snapshot 0034 | MRR 0.2745
Snapshot 0035 | MRR 0.2806
Snapshot 0036 | MRR 0.2799
Snapshot 0037 | MRR 0.3423
Snapshot 0038 | MRR 0.2782
Snapshot 0039 | MRR 0.3245
Snapshot 0040 | MRR 0.3203
Snapshot 0041 | MRR 0.3740
Snapshot 0042 | MRR 0.2791
Snapshot 0043 | MRR 0.2876
Snapshot 0044 | MRR 0.3272
Snapshot 0045 | MRR 0.3206
Snapshot 0046 | MRR 0.3139
Snapshot 0047 | MRR 0.2975
Snapshot 0048 | MRR 0.3548
Snapshot 0049 | MRR 0.2741
Snapshot 0050 | MRR 0.3877
Snapshot 0051 | MRR 0.3712
Snapshot 0052 | MRR 0.3040
Snapshot 0053 | MRR 0.3026
Snapshot 0054 | MRR 0.2241
Snapshot 0055 | MRR 0.2820
Snapshot 0056 | MRR 0.2777
Snapshot 0057 | MRR 0.3004
Snapshot 0058 | MRR 0.3432
Snapshot 0059 | MRR 0.3248
Snapshot 0060 | MRR 0.2991
Snapshot 0061 | MRR 0.3729
Snapshot 0062 | MRR 0.3467
Snapshot 0063 | MRR 0.3735
Snapshot 0064 | MRR 0.3457
Snapshot 0065 | MRR 0.3528
Snapshot 0066 | MRR 0.3573
Snapshot 0067 | MRR 0.3409
Snapshot 0068 | MRR 0.3771
Snapshot 0069 | MRR 0.3579
Snapshot 0070 | MRR 0.2959
Snapshot 0071 | MRR 0.3166
Snapshot 0072 | MRR 0.3250
Snapshot 0073 | MRR 0.3651
Snapshot 0074 | MRR 0.3832
Snapshot 0075 | MRR 0.3331
Snapshot 0076 | MRR 0.3279
Snapshot 0077 | MRR 0.3512
Snapshot 0078 | MRR 0.3144
Snapshot 0079 | MRR 0.3601
Snapshot 0080 | MRR 0.3753
Snapshot 0081 | MRR 0.3345
Snapshot 0082 | MRR 0.3409
Snapshot 0083 | MRR 0.3333
Snapshot 0084 | MRR 0.3532
Snapshot 0085 | MRR 0.3441
Snapshot 0086 | MRR 0.3556
Snapshot 0087 | MRR 0.3487
Snapshot 0088 | MRR 0.3346
Snapshot 0089 | MRR 0.3888
Snapshot 0090 | MRR 0.3580
Snapshot 0091 | MRR 0.3714
Snapshot 0092 | MRR 0.3298
Snapshot 0093 | MRR 0.3569
Snapshot 0094 | MRR 0.3726
Snapshot 0095 | MRR 0.3149
Snapshot 0096 | MRR 0.3490
Snapshot 0097 | MRR 0.3712
Snapshot 0098 | MRR 0.3872
Snapshot 0099 | MRR 0.3711
Snapshot 0100 | MRR 0.3453
Snapshot 0101 | MRR 0.3743
Snapshot 0102 | MRR 0.3324
Snapshot 0103 | MRR 0.3607
Snapshot 0104 | MRR 0.3849
Snapshot 0105 | MRR 0.3523
Snapshot 0106 | MRR 0.3270
Snapshot 0107 | MRR 0.3546
Snapshot 0108 | MRR 0.2934
Snapshot 0109 | MRR 0.3111
Snapshot 0110 | MRR 0.3772
Snapshot 0111 | MRR 0.3758
Snapshot 0112 | MRR 0.3735
Snapshot 0113 | MRR 0.3644
Snapshot 0114 | MRR 0.3943
Snapshot 0115 | MRR 0.4220
Snapshot 0116 | MRR 0.4015
Snapshot 0117 | MRR 0.3954
Snapshot 0118 | MRR 0.3928
Snapshot 0119 | MRR 0.3937
Snapshot 0120 | MRR 0.3719
Snapshot 0121 | MRR 0.3279
Snapshot 0122 | MRR 0.3868
Snapshot 0123 | MRR 0.3568
Snapshot 0124 | MRR 0.3375
Snapshot 0125 | MRR 0.3918
Snapshot 0126 | MRR 0.3522
Snapshot 0127 | MRR 0.3999
Snapshot 0128 | MRR 0.3782
Snapshot 0129 | MRR 0.3545
Snapshot 0130 | MRR 0.3849
Snapshot 0131 | MRR 0.3196
Snapshot 0132 | MRR 0.3897
Snapshot 0133 | MRR 0.3186
Snapshot 0134 | MRR 0.3722
Snapshot 0135 | MRR 0.3279
Snapshot 0136 | MRR 0.3590
Snapshot 0137 | MRR 0.3566
Snapshot 0138 | MRR 0.3823
Snapshot 0139 | MRR 0.4219
Snapshot 0140 | MRR 0.3858
Snapshot 0141 | MRR 0.3253
Snapshot 0142 | MRR 0.3758
Snapshot 0143 | MRR 0.3874
Snapshot 0144 | MRR 0.3522
Snapshot 0145 | MRR 0.3785
Snapshot 0146 | MRR 0.3963
Snapshot 0147 | MRR 0.3707
Snapshot 0148 | MRR 0.3383
Snapshot 0149 | MRR 0.4195
Snapshot 0150 | MRR 0.3587
Snapshot 0151 | MRR 0.3764
Snapshot 0152 | MRR 0.3780
Snapshot 0153 | MRR 0.3928
Snapshot 0154 | MRR 0.3984
Snapshot 0155 | MRR 0.3729
Snapshot 0156 | MRR 0.3899
Snapshot 0157 | MRR 0.3656
Snapshot 0158 | MRR 0.3816
Snapshot 0159 | MRR 0.3492
Snapshot 0160 | MRR 0.2817
Snapshot 0161 | MRR 0.2831
Snapshot 0162 | MRR 0.3461
Snapshot 0163 | MRR 0.4164
Snapshot 0164 | MRR 0.3588
Snapshot 0165 | MRR 0.3920
Snapshot 0166 | MRR 0.3911
Snapshot 0167 | MRR 0.4342
Snapshot 0168 | MRR 0.4302
Snapshot 0169 | MRR 0.3947
Snapshot 0170 | MRR 0.3888
Snapshot 0171 | MRR 0.4066
Snapshot 0172 | MRR 0.4039
Snapshot 0173 | MRR 0.2906
Snapshot 0174 | MRR 0.3524
Snapshot 0175 | MRR 0.3804
Snapshot 0176 | MRR 0.4107
Snapshot 0177 | MRR 0.4057

reddit-body  MRR = 0.338869  (177 eval snapshots)
saved -> results/roland_port/live_update_und-yes_loss-margin/mlp_node-learned_edge-learned/reddit-body/seed3/exp_20260815-102755_lp.json
