
==================================================================
ROLAND pipeline + SiST-GNN encoder
  dataset=uci-message  mode=live_update_fixed_split  decoder=dot
  node_features=learned  seed=3
==================================================================
  T=89  N=1899  start_compute_mrr=72
  edge features: none (raw dim 1)
Snapshot 0072 | MRR 0.1600
Snapshot 0073 | MRR 0.2799
Snapshot 0074 | MRR 0.2276
Snapshot 0075 | MRR 0.3404
Snapshot 0076 | MRR 0.2349
Snapshot 0077 | MRR 0.2727
Snapshot 0078 | MRR 0.3063
Snapshot 0079 | MRR 0.2605
Snapshot 0080 | MRR 0.2261
Snapshot 0081 | MRR 0.1562
Snapshot 0082 | MRR 0.2563
Snapshot 0083 | MRR 0.1925
Snapshot 0084 | MRR 0.3441
Snapshot 0085 | MRR 0.1073
Snapshot 0086 | MRR 0.2116
Snapshot 0087 | MRR 0.2535
Snapshot 0088 | MRR 0.1782

uci-message  MRR = 0.235784  (17 eval snapshots)
saved -> results/roland_port/live_update_fixed_split/dot_node-learned_edge-none/uci-message/seed3/exp_20260813-142133_lp.json
