
==================================================================
ROLAND pipeline + SiST-GNN encoder
  dataset=reddit-title  mode=live_update  decoder=dot
  node_features=learned  loss=margin  seed=0
==================================================================
  snapshot filter (>= 10 edges): 178 -> 178
  T=178  N=54075  start_compute_mrr=0
  edge features: learned (raw dim 1)
Snapshot 0001 | MRR 0.1819
Snapshot 0002 | MRR 0.2806
Snapshot 0003 | MRR 0.4110
Snapshot 0004 | MRR 0.4338
Snapshot 0005 | MRR 0.4230
Snapshot 0006 | MRR 0.4500
Snapshot 0007 | MRR 0.4298
Snapshot 0008 | MRR 0.4362
Snapshot 0009 | MRR 0.4506
Snapshot 0010 | MRR 0.4588
Snapshot 0011 | MRR 0.4432
Snapshot 0012 | MRR 0.4111
Snapshot 0013 | MRR 0.4371
Snapshot 0014 | MRR 0.3990
Snapshot 0015 | MRR 0.4059
Snapshot 0016 | MRR 0.4366
Snapshot 0017 | MRR 0.3971
Snapshot 0018 | MRR 0.4150
Snapshot 0019 | MRR 0.4565
Snapshot 0020 | MRR 0.4187
Snapshot 0021 | MRR 0.4224
Snapshot 0022 | MRR 0.4377
Snapshot 0023 | MRR 0.4268
Snapshot 0024 | MRR 0.4401
Snapshot 0025 | MRR 0.4671
Snapshot 0026 | MRR 0.4245
Snapshot 0027 | MRR 0.4230
Snapshot 0028 | MRR 0.3964
Snapshot 0029 | MRR 0.4721
Snapshot 0030 | MRR 0.4228
Snapshot 0031 | MRR 0.4322
Snapshot 0032 | MRR 0.4520
Snapshot 0033 | MRR 0.4436
Snapshot 0034 | MRR 0.3618
Snapshot 0035 | MRR 0.4229
Snapshot 0036 | MRR 0.4219
Snapshot 0037 | MRR 0.4423
Snapshot 0038 | MRR 0.4268
Snapshot 0039 | MRR 0.4678
Snapshot 0040 | MRR 0.4827
Snapshot 0041 | MRR 0.4272
Snapshot 0042 | MRR 0.4367
Snapshot 0043 | MRR 0.4512
Snapshot 0044 | MRR 0.4136
Snapshot 0045 | MRR 0.4810
Snapshot 0046 | MRR 0.4763
Snapshot 0047 | MRR 0.4089
Snapshot 0048 | MRR 0.4612
Snapshot 0049 | MRR 0.4460
Snapshot 0050 | MRR 0.4696
Snapshot 0051 | MRR 0.4632
Snapshot 0052 | MRR 0.4772
Snapshot 0053 | MRR 0.4832
Snapshot 0054 | MRR 0.4443
Snapshot 0055 | MRR 0.4312
Snapshot 0056 | MRR 0.4378
Snapshot 0057 | MRR 0.4340
Snapshot 0058 | MRR 0.4460
Snapshot 0059 | MRR 0.4567
Snapshot 0060 | MRR 0.4561
Snapshot 0061 | MRR 0.4259
Snapshot 0062 | MRR 0.4573
Snapshot 0063 | MRR 0.4657
Snapshot 0064 | MRR 0.4315
Snapshot 0065 | MRR 0.4898
Snapshot 0066 | MRR 0.4671
Snapshot 0067 | MRR 0.4186
Snapshot 0068 | MRR 0.4422
Snapshot 0069 | MRR 0.4698
Snapshot 0070 | MRR 0.5098
Snapshot 0071 | MRR 0.4318
Snapshot 0072 | MRR 0.4272
Snapshot 0073 | MRR 0.4455
Snapshot 0074 | MRR 0.4851
Snapshot 0075 | MRR 0.4865
Snapshot 0076 | MRR 0.4487
Snapshot 0077 | MRR 0.4429
Snapshot 0078 | MRR 0.4501
Snapshot 0079 | MRR 0.4509
Snapshot 0080 | MRR 0.4703
Snapshot 0081 | MRR 0.4341
Snapshot 0082 | MRR 0.4505
Snapshot 0083 | MRR 0.4163
Snapshot 0084 | MRR 0.4429
Snapshot 0085 | MRR 0.4404
Snapshot 0086 | MRR 0.4654
Snapshot 0087 | MRR 0.4398
Snapshot 0088 | MRR 0.4315
Snapshot 0089 | MRR 0.4348
Snapshot 0090 | MRR 0.4515
Snapshot 0091 | MRR 0.4434
Snapshot 0092 | MRR 0.4270
Snapshot 0093 | MRR 0.4229
Snapshot 0094 | MRR 0.4520
Snapshot 0095 | MRR 0.4498
Snapshot 0096 | MRR 0.4072
Snapshot 0097 | MRR 0.4339
Snapshot 0098 | MRR 0.4921
Snapshot 0099 | MRR 0.4197
Snapshot 0100 | MRR 0.4557
Snapshot 0101 | MRR 0.4348
Snapshot 0102 | MRR 0.4633
Snapshot 0103 | MRR 0.4603
Snapshot 0104 | MRR 0.4507
Snapshot 0105 | MRR 0.4993
Snapshot 0106 | MRR 0.3682
Snapshot 0107 | MRR 0.4165
Snapshot 0108 | MRR 0.3867
Snapshot 0109 | MRR 0.4145
Snapshot 0110 | MRR 0.4211
Snapshot 0111 | MRR 0.4446
Snapshot 0112 | MRR 0.4167
Snapshot 0113 | MRR 0.4505
Snapshot 0114 | MRR 0.4397
Snapshot 0115 | MRR 0.4365
Snapshot 0116 | MRR 0.4257
Snapshot 0117 | MRR 0.4434
Snapshot 0118 | MRR 0.4632
Snapshot 0119 | MRR 0.4330
Snapshot 0120 | MRR 0.3995
Snapshot 0121 | MRR 0.4290
Snapshot 0122 | MRR 0.4174
Snapshot 0123 | MRR 0.4371
Snapshot 0124 | MRR 0.4327
Snapshot 0125 | MRR 0.4308
Snapshot 0126 | MRR 0.4614
Snapshot 0127 | MRR 0.4208
Snapshot 0128 | MRR 0.4277
Snapshot 0129 | MRR 0.4082
Snapshot 0130 | MRR 0.4513
Snapshot 0131 | MRR 0.4493
Snapshot 0132 | MRR 0.4615
Snapshot 0133 | MRR 0.4584
Snapshot 0134 | MRR 0.4365
Snapshot 0135 | MRR 0.4574
Snapshot 0136 | MRR 0.4390
Snapshot 0137 | MRR 0.4494
Snapshot 0138 | MRR 0.4567
Snapshot 0139 | MRR 0.4595
Snapshot 0140 | MRR 0.4556
Snapshot 0141 | MRR 0.4725
Snapshot 0142 | MRR 0.4464
Snapshot 0143 | MRR 0.4371
Snapshot 0144 | MRR 0.4449
Snapshot 0145 | MRR 0.4064
Snapshot 0146 | MRR 0.4575
Snapshot 0147 | MRR 0.4460
Snapshot 0148 | MRR 0.4814
Snapshot 0149 | MRR 0.4610
Snapshot 0150 | MRR 0.4423
Snapshot 0151 | MRR 0.4408
Snapshot 0152 | MRR 0.4558
Snapshot 0153 | MRR 0.4414
Snapshot 0154 | MRR 0.4685
Snapshot 0155 | MRR 0.4302
Snapshot 0156 | MRR 0.4215
Snapshot 0157 | MRR 0.4218
Snapshot 0158 | MRR 0.4362
Snapshot 0159 | MRR 0.4219
Snapshot 0160 | MRR 0.4422
Snapshot 0161 | MRR 0.3047
Snapshot 0162 | MRR 0.4041
Snapshot 0163 | MRR 0.4237
Snapshot 0164 | MRR 0.4482
Snapshot 0165 | MRR 0.4213
Snapshot 0166 | MRR 0.4401
Snapshot 0167 | MRR 0.4415
Snapshot 0168 | MRR 0.4057
Snapshot 0169 | MRR 0.3997
Snapshot 0170 | MRR 0.4584
Snapshot 0171 | MRR 0.4130
Snapshot 0172 | MRR 0.3997
Snapshot 0173 | MRR 0.4105
Snapshot 0174 | MRR 0.4174
Snapshot 0175 | MRR 0.4277
Snapshot 0176 | MRR 0.4577
Snapshot 0177 | MRR 0.4776

reddit-title  MRR = 0.436874  (177 eval snapshots)
saved -> results/roland_port/live_update_und-yes_loss-margin/dot_node-learned_edge-learned/reddit-title/seed0/exp_20260815-074445_lp.json
