
==================================================================
ROLAND pipeline + SiST-GNN encoder
  dataset=reddit-body  mode=live_update  decoder=mlp
  node_features=learned  loss=margin  seed=2
==================================================================
  snapshot filter (>= 10 edges): 178 -> 178
  T=178  N=35776  start_compute_mrr=0
  edge features: learned (raw dim 1)
Snapshot 0001 | MRR 0.0570
Snapshot 0002 | MRR 0.3074
Snapshot 0003 | MRR 0.2580
Snapshot 0004 | MRR 0.2978
Snapshot 0005 | MRR 0.2883
Snapshot 0006 | MRR 0.3129
Snapshot 0007 | MRR 0.2765
Snapshot 0008 | MRR 0.3122
Snapshot 0009 | MRR 0.2755
Snapshot 0010 | MRR 0.2103
Snapshot 0011 | MRR 0.3171
Snapshot 0012 | MRR 0.3121
Snapshot 0013 | MRR 0.2996
Snapshot 0014 | MRR 0.2375
Snapshot 0015 | MRR 0.2432
Snapshot 0016 | MRR 0.3187
Snapshot 0017 | MRR 0.2846
Snapshot 0018 | MRR 0.3127
Snapshot 0019 | MRR 0.2772
Snapshot 0020 | MRR 0.2761
Snapshot 0021 | MRR 0.3675
Snapshot 0022 | MRR 0.3065
Snapshot 0023 | MRR 0.3046
Snapshot 0024 | MRR 0.2792
Snapshot 0025 | MRR 0.3197
Snapshot 0026 | MRR 0.3310
Snapshot 0027 | MRR 0.3369
Snapshot 0028 | MRR 0.3208
Snapshot 0029 | MRR 0.3208
Snapshot 0030 | MRR 0.3370
Snapshot 0031 | MRR 0.3102
Snapshot 0032 | MRR 0.3456
Snapshot 0033 | MRR 0.2933
Snapshot 0034 | MRR 0.3368
Snapshot 0035 | MRR 0.3289
Snapshot 0036 | MRR 0.3200
Snapshot 0037 | MRR 0.3111
Snapshot 0038 | MRR 0.3483
Snapshot 0039 | MRR 0.3214
Snapshot 0040 | MRR 0.3296
Snapshot 0041 | MRR 0.3112
Snapshot 0042 | MRR 0.3474
Snapshot 0043 | MRR 0.2905
Snapshot 0044 | MRR 0.3405
Snapshot 0045 | MRR 0.2916
Snapshot 0046 | MRR 0.3318
Snapshot 0047 | MRR 0.3268
Snapshot 0048 | MRR 0.3689
Snapshot 0049 | MRR 0.3203
Snapshot 0050 | MRR 0.3602
Snapshot 0051 | MRR 0.3830
Snapshot 0052 | MRR 0.3586
Snapshot 0053 | MRR 0.3136
Snapshot 0054 | MRR 0.3126
Snapshot 0055 | MRR 0.2673
Snapshot 0056 | MRR 0.3361
Snapshot 0057 | MRR 0.3472
Snapshot 0058 | MRR 0.3175
Snapshot 0059 | MRR 0.3485
Snapshot 0060 | MRR 0.3323
Snapshot 0061 | MRR 0.3402
Snapshot 0062 | MRR 0.3123
Snapshot 0063 | MRR 0.3396
Snapshot 0064 | MRR 0.3253
Snapshot 0065 | MRR 0.3198
Snapshot 0066 | MRR 0.3467
Snapshot 0067 | MRR 0.3256
Snapshot 0068 | MRR 0.3390
Snapshot 0069 | MRR 0.3556
Snapshot 0070 | MRR 0.3666
Snapshot 0071 | MRR 0.3029
Snapshot 0072 | MRR 0.3084
Snapshot 0073 | MRR 0.3497
Snapshot 0074 | MRR 0.3968
Snapshot 0075 | MRR 0.3187
Snapshot 0076 | MRR 0.3052
Snapshot 0077 | MRR 0.3165
Snapshot 0078 | MRR 0.3199
Snapshot 0079 | MRR 0.3401
Snapshot 0080 | MRR 0.3226
Snapshot 0081 | MRR 0.3042
Snapshot 0082 | MRR 0.3651
Snapshot 0083 | MRR 0.3113
Snapshot 0084 | MRR 0.3357
Snapshot 0085 | MRR 0.3382
Snapshot 0086 | MRR 0.3500
Snapshot 0087 | MRR 0.3756
Snapshot 0088 | MRR 0.3270
Snapshot 0089 | MRR 0.3155
Snapshot 0090 | MRR 0.3893
Snapshot 0091 | MRR 0.3404
Snapshot 0092 | MRR 0.3377
Snapshot 0093 | MRR 0.3242
Snapshot 0094 | MRR 0.3051
Snapshot 0095 | MRR 0.2947
Snapshot 0096 | MRR 0.3586
Snapshot 0097 | MRR 0.3456
Snapshot 0098 | MRR 0.3657
Snapshot 0099 | MRR 0.3162
Snapshot 0100 | MRR 0.3141
Snapshot 0101 | MRR 0.3199
Snapshot 0102 | MRR 0.3040
Snapshot 0103 | MRR 0.3401
Snapshot 0104 | MRR 0.3878
Snapshot 0105 | MRR 0.3523
Snapshot 0106 | MRR 0.3266
Snapshot 0107 | MRR 0.2961
Snapshot 0108 | MRR 0.2636
Snapshot 0109 | MRR 0.2974
Snapshot 0110 | MRR 0.3513
Snapshot 0111 | MRR 0.3758
Snapshot 0112 | MRR 0.3175
Snapshot 0113 | MRR 0.3769
Snapshot 0114 | MRR 0.3532
Snapshot 0115 | MRR 0.3738
Snapshot 0116 | MRR 0.3523
Snapshot 0117 | MRR 0.3786
Snapshot 0118 | MRR 0.3504
Snapshot 0119 | MRR 0.3479
Snapshot 0120 | MRR 0.3597
Snapshot 0121 | MRR 0.3498
Snapshot 0122 | MRR 0.3864
Snapshot 0123 | MRR 0.3938
Snapshot 0124 | MRR 0.3310
Snapshot 0125 | MRR 0.3747
Snapshot 0126 | MRR 0.3247
Snapshot 0127 | MRR 0.3929
Snapshot 0128 | MRR 0.3500
Snapshot 0129 | MRR 0.3696
Snapshot 0130 | MRR 0.3448
Snapshot 0131 | MRR 0.2974
Snapshot 0132 | MRR 0.3481
Snapshot 0133 | MRR 0.3529
Snapshot 0134 | MRR 0.3702
Snapshot 0135 | MRR 0.3152
Snapshot 0136 | MRR 0.3594
Snapshot 0137 | MRR 0.3421
Snapshot 0138 | MRR 0.3812
Snapshot 0139 | MRR 0.3330
Snapshot 0140 | MRR 0.3628
Snapshot 0141 | MRR 0.3360
Snapshot 0142 | MRR 0.3762
Snapshot 0143 | MRR 0.3336
Snapshot 0144 | MRR 0.3638
Snapshot 0145 | MRR 0.3733
Snapshot 0146 | MRR 0.3293
Snapshot 0147 | MRR 0.3439
Snapshot 0148 | MRR 0.4095
Snapshot 0149 | MRR 0.3933
Snapshot 0150 | MRR 0.3793
Snapshot 0151 | MRR 0.3681
Snapshot 0152 | MRR 0.3644
Snapshot 0153 | MRR 0.3729
Snapshot 0154 | MRR 0.3660
Snapshot 0155 | MRR 0.3884
Snapshot 0156 | MRR 0.4103
Snapshot 0157 | MRR 0.3798
Snapshot 0158 | MRR 0.3392
Snapshot 0159 | MRR 0.4138
Snapshot 0160 | MRR 0.2200
Snapshot 0161 | MRR 0.2784
Snapshot 0162 | MRR 0.3298
Snapshot 0163 | MRR 0.3629
Snapshot 0164 | MRR 0.3727
Snapshot 0165 | MRR 0.3702
Snapshot 0166 | MRR 0.3789
Snapshot 0167 | MRR 0.3864
Snapshot 0168 | MRR 0.4402
Snapshot 0169 | MRR 0.4192
Snapshot 0170 | MRR 0.4006
Snapshot 0171 | MRR 0.3964
Snapshot 0172 | MRR 0.3506
Snapshot 0173 | MRR 0.2908
Snapshot 0174 | MRR 0.3805
Snapshot 0175 | MRR 0.4057
Snapshot 0176 | MRR 0.3822
Snapshot 0177 | MRR 0.4054

reddit-body  MRR = 0.335780  (177 eval snapshots)
saved -> results/roland_port/live_update_und-yes_loss-margin/mlp_node-learned_edge-learned/reddit-body/seed2/exp_20260815-101839_lp.json
