
==================================================================
ROLAND pipeline + SiST-GNN encoder
  dataset=reddit-title  mode=live_update  decoder=mlp
  node_features=learned  loss=margin  seed=0
==================================================================
  snapshot filter (>= 10 edges): 178 -> 178
  T=178  N=54075  start_compute_mrr=0
  edge features: learned (raw dim 1)
Snapshot 0001 | MRR 0.1975
Snapshot 0002 | MRR 0.4111
Snapshot 0003 | MRR 0.2839
Snapshot 0004 | MRR 0.4379
Snapshot 0005 | MRR 0.4142
Snapshot 0006 | MRR 0.4481
Snapshot 0007 | MRR 0.4484
Snapshot 0008 | MRR 0.4375
Snapshot 0009 | MRR 0.4457
Snapshot 0010 | MRR 0.4354
Snapshot 0011 | MRR 0.4326
Snapshot 0012 | MRR 0.4310
Snapshot 0013 | MRR 0.4292
Snapshot 0014 | MRR 0.3852
Snapshot 0015 | MRR 0.3951
Snapshot 0016 | MRR 0.4178
Snapshot 0017 | MRR 0.4077
Snapshot 0018 | MRR 0.4107
Snapshot 0019 | MRR 0.4471
Snapshot 0020 | MRR 0.4158
Snapshot 0021 | MRR 0.4293
Snapshot 0022 | MRR 0.4104
Snapshot 0023 | MRR 0.3899
Snapshot 0024 | MRR 0.4148
Snapshot 0025 | MRR 0.4244
Snapshot 0026 | MRR 0.4269
Snapshot 0027 | MRR 0.4083
Snapshot 0028 | MRR 0.4089
Snapshot 0029 | MRR 0.4401
Snapshot 0030 | MRR 0.4287
Snapshot 0031 | MRR 0.4157
Snapshot 0032 | MRR 0.4155
Snapshot 0033 | MRR 0.4243
Snapshot 0034 | MRR 0.3547
Snapshot 0035 | MRR 0.3996
Snapshot 0036 | MRR 0.3770
Snapshot 0037 | MRR 0.4192
Snapshot 0038 | MRR 0.4110
Snapshot 0039 | MRR 0.4236
Snapshot 0040 | MRR 0.4597
Snapshot 0041 | MRR 0.4028
Snapshot 0042 | MRR 0.4238
Snapshot 0043 | MRR 0.4252
Snapshot 0044 | MRR 0.4208
Snapshot 0045 | MRR 0.4374
Snapshot 0046 | MRR 0.4272
Snapshot 0047 | MRR 0.4087
Snapshot 0048 | MRR 0.4068
Snapshot 0049 | MRR 0.4196
Snapshot 0050 | MRR 0.4267
Snapshot 0051 | MRR 0.4676
Snapshot 0052 | MRR 0.4578
Snapshot 0053 | MRR 0.4482
Snapshot 0054 | MRR 0.3752
Snapshot 0055 | MRR 0.4313
Snapshot 0056 | MRR 0.4275
Snapshot 0057 | MRR 0.3864
Snapshot 0058 | MRR 0.4529
Snapshot 0059 | MRR 0.4332
Snapshot 0060 | MRR 0.4285
Snapshot 0061 | MRR 0.3979
Snapshot 0062 | MRR 0.4588
Snapshot 0063 | MRR 0.4560
Snapshot 0064 | MRR 0.4289
Snapshot 0065 | MRR 0.4373
Snapshot 0066 | MRR 0.4406
Snapshot 0067 | MRR 0.4151
Snapshot 0068 | MRR 0.4020
Snapshot 0069 | MRR 0.4545
Snapshot 0070 | MRR 0.4990
Snapshot 0071 | MRR 0.4263
Snapshot 0072 | MRR 0.4324
Snapshot 0073 | MRR 0.4431
Snapshot 0074 | MRR 0.4579
Snapshot 0075 | MRR 0.4809
Snapshot 0076 | MRR 0.4314
Snapshot 0077 | MRR 0.4594
Snapshot 0078 | MRR 0.4411
Snapshot 0079 | MRR 0.4548
Snapshot 0080 | MRR 0.4653
Snapshot 0081 | MRR 0.4302
Snapshot 0082 | MRR 0.4593
Snapshot 0083 | MRR 0.3893
Snapshot 0084 | MRR 0.4403
Snapshot 0085 | MRR 0.4371
Snapshot 0086 | MRR 0.4726
Snapshot 0087 | MRR 0.4683
Snapshot 0088 | MRR 0.4293
Snapshot 0089 | MRR 0.4279
Snapshot 0090 | MRR 0.4609
Snapshot 0091 | MRR 0.4342
Snapshot 0092 | MRR 0.4447
Snapshot 0093 | MRR 0.4295
Snapshot 0094 | MRR 0.4357
Snapshot 0095 | MRR 0.4582
Snapshot 0096 | MRR 0.4036
Snapshot 0097 | MRR 0.4344
Snapshot 0098 | MRR 0.4773
Snapshot 0099 | MRR 0.4250
Snapshot 0100 | MRR 0.4421
Snapshot 0101 | MRR 0.4494
Snapshot 0102 | MRR 0.4399
Snapshot 0103 | MRR 0.4630
Snapshot 0104 | MRR 0.4611
Snapshot 0105 | MRR 0.4803
Snapshot 0106 | MRR 0.3856
Snapshot 0107 | MRR 0.4009
Snapshot 0108 | MRR 0.3784
Snapshot 0109 | MRR 0.4091
Snapshot 0110 | MRR 0.4284
Snapshot 0111 | MRR 0.4439
Snapshot 0112 | MRR 0.4244
Snapshot 0113 | MRR 0.4589
Snapshot 0114 | MRR 0.4478
Snapshot 0115 | MRR 0.4284
Snapshot 0116 | MRR 0.4173
Snapshot 0117 | MRR 0.4423
Snapshot 0118 | MRR 0.4677
Snapshot 0119 | MRR 0.4426
Snapshot 0120 | MRR 0.3962
Snapshot 0121 | MRR 0.4188
Snapshot 0122 | MRR 0.4153
Snapshot 0123 | MRR 0.4457
Snapshot 0124 | MRR 0.4549
Snapshot 0125 | MRR 0.4464
Snapshot 0126 | MRR 0.4513
Snapshot 0127 | MRR 0.4267
Snapshot 0128 | MRR 0.4151
Snapshot 0129 | MRR 0.4024
Snapshot 0130 | MRR 0.4322
Snapshot 0131 | MRR 0.4306
Snapshot 0132 | MRR 0.4210
Snapshot 0133 | MRR 0.4543
Snapshot 0134 | MRR 0.4458
Snapshot 0135 | MRR 0.4689
Snapshot 0136 | MRR 0.4215
Snapshot 0137 | MRR 0.4381
Snapshot 0138 | MRR 0.4482
Snapshot 0139 | MRR 0.4451
Snapshot 0140 | MRR 0.4380
Snapshot 0141 | MRR 0.4751
Snapshot 0142 | MRR 0.4432
Snapshot 0143 | MRR 0.4589
Snapshot 0144 | MRR 0.4344
Snapshot 0145 | MRR 0.4273
Snapshot 0146 | MRR 0.4814
Snapshot 0147 | MRR 0.4384
Snapshot 0148 | MRR 0.4899
Snapshot 0149 | MRR 0.4955
Snapshot 0150 | MRR 0.4532
Snapshot 0151 | MRR 0.4269
Snapshot 0152 | MRR 0.4590
Snapshot 0153 | MRR 0.4385
Snapshot 0154 | MRR 0.4592
Snapshot 0155 | MRR 0.4475
Snapshot 0156 | MRR 0.4326
Snapshot 0157 | MRR 0.4409
Snapshot 0158 | MRR 0.4550
Snapshot 0159 | MRR 0.4406
Snapshot 0160 | MRR 0.4473
Snapshot 0161 | MRR 0.3062
Snapshot 0162 | MRR 0.3977
Snapshot 0163 | MRR 0.4284
Snapshot 0164 | MRR 0.4566
Snapshot 0165 | MRR 0.4504
Snapshot 0166 | MRR 0.4560
Snapshot 0167 | MRR 0.4591
Snapshot 0168 | MRR 0.4213
Snapshot 0169 | MRR 0.4277
Snapshot 0170 | MRR 0.4490
Snapshot 0171 | MRR 0.4258
Snapshot 0172 | MRR 0.4180
Snapshot 0173 | MRR 0.4161
Snapshot 0174 | MRR 0.4198
Snapshot 0175 | MRR 0.4596
Snapshot 0176 | MRR 0.4656
Snapshot 0177 | MRR 0.4488

reddit-title  MRR = 0.431304  (177 eval snapshots)
saved -> results/roland_port/live_update_und-yes_loss-margin/mlp_node-learned_edge-learned/reddit-title/seed0/exp_20260815-083051_lp.json
