
==================================================================
ROLAND pipeline + SiST-GNN encoder
  dataset=uci-message  mode=live_update_fixed_split  decoder=mlp
  node_features=constant  seed=3
==================================================================
  T=89  N=1899  start_compute_mrr=72
  edge features: learned (raw dim 1)
Snapshot 0072 | MRR 0.2687
Snapshot 0073 | MRR 0.3257
Snapshot 0074 | MRR 0.2954
Snapshot 0075 | MRR 0.2433
Snapshot 0076 | MRR 0.2269
Snapshot 0077 | MRR 0.1347
Snapshot 0078 | MRR 0.2672
Snapshot 0079 | MRR 0.1803
Snapshot 0080 | MRR 0.1657
Snapshot 0081 | MRR 0.2016
Snapshot 0082 | MRR 0.2711
Snapshot 0083 | MRR 0.1865
Snapshot 0084 | MRR 0.1692
Snapshot 0085 | MRR 0.6241
Snapshot 0086 | MRR 0.2522
Snapshot 0087 | MRR 0.1353
Snapshot 0088 | MRR 0.1924

uci-message  MRR = 0.243567  (17 eval snapshots)
saved -> results/roland_port/live_update_fixed_split/mlp_node-constant_edge-learned/uci-message/seed3/exp_20260813-154949_lp.json
