
==================================================================
ROLAND pipeline + SiST-GNN encoder
  dataset=reddit-body  mode=live_update  decoder=mlp
  node_features=learned  loss=margin  seed=0
==================================================================
  snapshot filter (>= 10 edges): 178 -> 178
  T=178  N=35776  start_compute_mrr=0
  edge features: learned (raw dim 1)
Snapshot 0001 | MRR 0.0040
Snapshot 0002 | MRR 0.2868
Snapshot 0003 | MRR 0.2719
Snapshot 0004 | MRR 0.2526
Snapshot 0005 | MRR 0.3230
Snapshot 0006 | MRR 0.3178
Snapshot 0007 | MRR 0.2787
Snapshot 0008 | MRR 0.2803
Snapshot 0009 | MRR 0.2781
Snapshot 0010 | MRR 0.2506
Snapshot 0011 | MRR 0.3296
Snapshot 0012 | MRR 0.3436
Snapshot 0013 | MRR 0.2749
Snapshot 0014 | MRR 0.2580
Snapshot 0015 | MRR 0.2412
Snapshot 0016 | MRR 0.3266
Snapshot 0017 | MRR 0.2818
Snapshot 0018 | MRR 0.3044
Snapshot 0019 | MRR 0.2830
Snapshot 0020 | MRR 0.3027
Snapshot 0021 | MRR 0.3421
Snapshot 0022 | MRR 0.3234
Snapshot 0023 | MRR 0.3064
Snapshot 0024 | MRR 0.2515
Snapshot 0025 | MRR 0.3041
Snapshot 0026 | MRR 0.2995
Snapshot 0027 | MRR 0.2842
Snapshot 0028 | MRR 0.3140
Snapshot 0029 | MRR 0.2607
Snapshot 0030 | MRR 0.2866
Snapshot 0031 | MRR 0.3433
Snapshot 0032 | MRR 0.3117
Snapshot 0033 | MRR 0.3041
Snapshot 0034 | MRR 0.2492
Snapshot 0035 | MRR 0.3645
Snapshot 0036 | MRR 0.3185
Snapshot 0037 | MRR 0.2903
Snapshot 0038 | MRR 0.3372
Snapshot 0039 | MRR 0.3108
Snapshot 0040 | MRR 0.3428
Snapshot 0041 | MRR 0.2999
Snapshot 0042 | MRR 0.3511
Snapshot 0043 | MRR 0.3532
Snapshot 0044 | MRR 0.3707
Snapshot 0045 | MRR 0.3250
Snapshot 0046 | MRR 0.3406
Snapshot 0047 | MRR 0.3552
Snapshot 0048 | MRR 0.3934
Snapshot 0049 | MRR 0.3024
Snapshot 0050 | MRR 0.3756
Snapshot 0051 | MRR 0.3852
Snapshot 0052 | MRR 0.3598
Snapshot 0053 | MRR 0.3172
Snapshot 0054 | MRR 0.2841
Snapshot 0055 | MRR 0.3460
Snapshot 0056 | MRR 0.3489
Snapshot 0057 | MRR 0.3576
Snapshot 0058 | MRR 0.3736
Snapshot 0059 | MRR 0.3306
Snapshot 0060 | MRR 0.3217
Snapshot 0061 | MRR 0.3534
Snapshot 0062 | MRR 0.3495
Snapshot 0063 | MRR 0.3579
Snapshot 0064 | MRR 0.3368
Snapshot 0065 | MRR 0.3570
Snapshot 0066 | MRR 0.3515
Snapshot 0067 | MRR 0.3506
Snapshot 0068 | MRR 0.2982
Snapshot 0069 | MRR 0.3490
Snapshot 0070 | MRR 0.3402
Snapshot 0071 | MRR 0.3160
Snapshot 0072 | MRR 0.3370
Snapshot 0073 | MRR 0.3510
Snapshot 0074 | MRR 0.3225
Snapshot 0075 | MRR 0.3361
Snapshot 0076 | MRR 0.3554
Snapshot 0077 | MRR 0.3405
Snapshot 0078 | MRR 0.4188
Snapshot 0079 | MRR 0.3422
Snapshot 0080 | MRR 0.3412
Snapshot 0081 | MRR 0.3365
Snapshot 0082 | MRR 0.3148
Snapshot 0083 | MRR 0.2679
Snapshot 0084 | MRR 0.3333
Snapshot 0085 | MRR 0.3576
Snapshot 0086 | MRR 0.3469
Snapshot 0087 | MRR 0.3231
Snapshot 0088 | MRR 0.3204
Snapshot 0089 | MRR 0.3524
Snapshot 0090 | MRR 0.3271
Snapshot 0091 | MRR 0.3456
Snapshot 0092 | MRR 0.3669
Snapshot 0093 | MRR 0.3418
Snapshot 0094 | MRR 0.3584
Snapshot 0095 | MRR 0.3618
Snapshot 0096 | MRR 0.3458
Snapshot 0097 | MRR 0.4058
Snapshot 0098 | MRR 0.4011
Snapshot 0099 | MRR 0.3069
Snapshot 0100 | MRR 0.3706
Snapshot 0101 | MRR 0.3355
Snapshot 0102 | MRR 0.3223
Snapshot 0103 | MRR 0.3204
Snapshot 0104 | MRR 0.3784
Snapshot 0105 | MRR 0.3267
Snapshot 0106 | MRR 0.3081
Snapshot 0107 | MRR 0.3524
Snapshot 0108 | MRR 0.3132
Snapshot 0109 | MRR 0.3375
Snapshot 0110 | MRR 0.3632
Snapshot 0111 | MRR 0.3281
Snapshot 0112 | MRR 0.3510
Snapshot 0113 | MRR 0.3266
Snapshot 0114 | MRR 0.3604
Snapshot 0115 | MRR 0.3842
Snapshot 0116 | MRR 0.3526
Snapshot 0117 | MRR 0.3676
Snapshot 0118 | MRR 0.3486
Snapshot 0119 | MRR 0.3834
Snapshot 0120 | MRR 0.3308
Snapshot 0121 | MRR 0.3340
Snapshot 0122 | MRR 0.3889
Snapshot 0123 | MRR 0.3715
Snapshot 0124 | MRR 0.3041
Snapshot 0125 | MRR 0.3835
Snapshot 0126 | MRR 0.3736
Snapshot 0127 | MRR 0.3459
Snapshot 0128 | MRR 0.3610
Snapshot 0129 | MRR 0.3736
Snapshot 0130 | MRR 0.3710
Snapshot 0131 | MRR 0.3145
Snapshot 0132 | MRR 0.3020
Snapshot 0133 | MRR 0.3410
Snapshot 0134 | MRR 0.3235
Snapshot 0135 | MRR 0.3414
Snapshot 0136 | MRR 0.3836
Snapshot 0137 | MRR 0.3538
Snapshot 0138 | MRR 0.3911
Snapshot 0139 | MRR 0.3910
Snapshot 0140 | MRR 0.3571
Snapshot 0141 | MRR 0.3772
Snapshot 0142 | MRR 0.3419
Snapshot 0143 | MRR 0.3663
Snapshot 0144 | MRR 0.3993
Snapshot 0145 | MRR 0.3521
Snapshot 0146 | MRR 0.3686
Snapshot 0147 | MRR 0.3358
Snapshot 0148 | MRR 0.3223
Snapshot 0149 | MRR 0.4266
Snapshot 0150 | MRR 0.3924
Snapshot 0151 | MRR 0.3844
Snapshot 0152 | MRR 0.3431
Snapshot 0153 | MRR 0.3434
Snapshot 0154 | MRR 0.3320
Snapshot 0155 | MRR 0.3892
Snapshot 0156 | MRR 0.3753
Snapshot 0157 | MRR 0.3977
Snapshot 0158 | MRR 0.3417
Snapshot 0159 | MRR 0.3635
Snapshot 0160 | MRR 0.3259
Snapshot 0161 | MRR 0.2308
Snapshot 0162 | MRR 0.3515
Snapshot 0163 | MRR 0.3498
Snapshot 0164 | MRR 0.3586
Snapshot 0165 | MRR 0.3907
Snapshot 0166 | MRR 0.4319
Snapshot 0167 | MRR 0.3909
Snapshot 0168 | MRR 0.4049
Snapshot 0169 | MRR 0.3828
Snapshot 0170 | MRR 0.3663
Snapshot 0171 | MRR 0.4290
Snapshot 0172 | MRR 0.3925
Snapshot 0173 | MRR 0.3853
Snapshot 0174 | MRR 0.3554
Snapshot 0175 | MRR 0.4203
Snapshot 0176 | MRR 0.3874
Snapshot 0177 | MRR 0.4065

reddit-body  MRR = 0.339134  (177 eval snapshots)
saved -> results/roland_port/live_update_und-yes_loss-margin/mlp_node-learned_edge-learned/reddit-body/seed0/exp_20260815-100100_lp.json
