
==================================================================
ROLAND pipeline + SiST-GNN encoder
  dataset=uci-message  mode=live_update_fixed_split  decoder=mlp
  node_features=constant  seed=1
==================================================================
  T=89  N=1899  start_compute_mrr=72
  edge features: learned (raw dim 1)
Snapshot 0072 | MRR 0.2130
Snapshot 0073 | MRR 0.2047
Snapshot 0074 | MRR 0.2149
Snapshot 0075 | MRR 0.2445
Snapshot 0076 | MRR 0.2574
Snapshot 0077 | MRR 0.1449
Snapshot 0078 | MRR 0.2532
Snapshot 0079 | MRR 0.1891
Snapshot 0080 | MRR 0.1353
Snapshot 0081 | MRR 0.1021
Snapshot 0082 | MRR 0.1381
Snapshot 0083 | MRR 0.1264
Snapshot 0084 | MRR 0.1384
Snapshot 0085 | MRR 0.1894
Snapshot 0086 | MRR 0.1570
Snapshot 0087 | MRR 0.0758
Snapshot 0088 | MRR 0.2079

uci-message  MRR = 0.175999  (17 eval snapshots)
saved -> results/roland_port/live_update_fixed_split/mlp_node-constant_edge-learned/uci-message/seed1/exp_20260813-154112_lp.json
