
==================================================================
ROLAND pipeline + SiST-GNN encoder
  dataset=uci-message  mode=live_update_fixed_split  decoder=dot
  node_features=constant  seed=1
==================================================================
  T=89  N=1899  start_compute_mrr=72
  edge features: none (raw dim 1)
Snapshot 0072 | MRR 0.2175
Snapshot 0073 | MRR 0.1757
Snapshot 0074 | MRR 0.2735
Snapshot 0075 | MRR 0.2046
Snapshot 0076 | MRR 0.2446
Snapshot 0077 | MRR 0.1242
Snapshot 0078 | MRR 0.2467
Snapshot 0079 | MRR 0.1579
Snapshot 0080 | MRR 0.1677
Snapshot 0081 | MRR 0.0752
Snapshot 0082 | MRR 0.0754
Snapshot 0083 | MRR 0.1089
Snapshot 0084 | MRR 0.2266
Snapshot 0085 | MRR 0.0264
Snapshot 0086 | MRR 0.1237
Snapshot 0087 | MRR 0.1207
Snapshot 0088 | MRR 0.1121

uci-message  MRR = 0.157738  (17 eval snapshots)
saved -> results/roland_port/live_update_fixed_split/dot_node-constant_edge-none/uci-message/seed1/exp_20260813-144839_lp.json
