
==================================================================
ROLAND pipeline + SiST-GNN encoder
  dataset=reddit-title  mode=live_update  decoder=dot
  node_features=learned  loss=margin  seed=1
==================================================================
  snapshot filter (>= 10 edges): 178 -> 178
  T=178  N=54075  start_compute_mrr=0
  edge features: learned (raw dim 1)
Snapshot 0001 | MRR 0.0839
Snapshot 0002 | MRR 0.2916
Snapshot 0003 | MRR 0.4561
Snapshot 0004 | MRR 0.4063
Snapshot 0005 | MRR 0.4071
Snapshot 0006 | MRR 0.4817
Snapshot 0007 | MRR 0.4218
Snapshot 0008 | MRR 0.4281
Snapshot 0009 | MRR 0.3922
Snapshot 0010 | MRR 0.4237
Snapshot 0011 | MRR 0.4103
Snapshot 0012 | MRR 0.4308
Snapshot 0013 | MRR 0.3797
Snapshot 0014 | MRR 0.3892
Snapshot 0015 | MRR 0.3734
Snapshot 0016 | MRR 0.4097
Snapshot 0017 | MRR 0.4567
Snapshot 0018 | MRR 0.4334
Snapshot 0019 | MRR 0.3875
Snapshot 0020 | MRR 0.4394
Snapshot 0021 | MRR 0.4214
Snapshot 0022 | MRR 0.4011
Snapshot 0023 | MRR 0.4377
Snapshot 0024 | MRR 0.4156
Snapshot 0025 | MRR 0.4358
Snapshot 0026 | MRR 0.4268
Snapshot 0027 | MRR 0.4308
Snapshot 0028 | MRR 0.4113
Snapshot 0029 | MRR 0.4220
Snapshot 0030 | MRR 0.4474
Snapshot 0031 | MRR 0.4653
Snapshot 0032 | MRR 0.4427
Snapshot 0033 | MRR 0.4448
Snapshot 0034 | MRR 0.4599
Snapshot 0035 | MRR 0.4414
Snapshot 0036 | MRR 0.4247
Snapshot 0037 | MRR 0.4303
Snapshot 0038 | MRR 0.4098
Snapshot 0039 | MRR 0.4554
Snapshot 0040 | MRR 0.4556
Snapshot 0041 | MRR 0.4440
Snapshot 0042 | MRR 0.4496
Snapshot 0043 | MRR 0.4393
Snapshot 0044 | MRR 0.4854
Snapshot 0045 | MRR 0.4599
Snapshot 0046 | MRR 0.4210
Snapshot 0047 | MRR 0.4674
Snapshot 0048 | MRR 0.4348
Snapshot 0049 | MRR 0.4640
Snapshot 0050 | MRR 0.4419
Snapshot 0051 | MRR 0.3990
Snapshot 0052 | MRR 0.4686
Snapshot 0053 | MRR 0.4686
Snapshot 0054 | MRR 0.3436
Snapshot 0055 | MRR 0.4279
Snapshot 0056 | MRR 0.4408
Snapshot 0057 | MRR 0.4785
Snapshot 0058 | MRR 0.4527
Snapshot 0059 | MRR 0.4694
Snapshot 0060 | MRR 0.4994
Snapshot 0061 | MRR 0.4475
Snapshot 0062 | MRR 0.4517
Snapshot 0063 | MRR 0.4195
Snapshot 0064 | MRR 0.4552
Snapshot 0065 | MRR 0.4659
Snapshot 0066 | MRR 0.4070
Snapshot 0067 | MRR 0.4235
Snapshot 0068 | MRR 0.4316
Snapshot 0069 | MRR 0.4582
Snapshot 0070 | MRR 0.4390
Snapshot 0071 | MRR 0.4209
Snapshot 0072 | MRR 0.4559
Snapshot 0073 | MRR 0.4951
Snapshot 0074 | MRR 0.4624
Snapshot 0075 | MRR 0.4585
Snapshot 0076 | MRR 0.4463
Snapshot 0077 | MRR 0.4194
Snapshot 0078 | MRR 0.4506
Snapshot 0079 | MRR 0.4560
Snapshot 0080 | MRR 0.4602
Snapshot 0081 | MRR 0.4385
Snapshot 0082 | MRR 0.4708
Snapshot 0083 | MRR 0.4613
Snapshot 0084 | MRR 0.4553
Snapshot 0085 | MRR 0.4469
Snapshot 0086 | MRR 0.4508
Snapshot 0087 | MRR 0.4290
Snapshot 0088 | MRR 0.4335
Snapshot 0089 | MRR 0.4358
Snapshot 0090 | MRR 0.4455
Snapshot 0091 | MRR 0.4612
Snapshot 0092 | MRR 0.4500
Snapshot 0093 | MRR 0.4661
Snapshot 0094 | MRR 0.4317
Snapshot 0095 | MRR 0.4509
Snapshot 0096 | MRR 0.4130
Snapshot 0097 | MRR 0.4540
Snapshot 0098 | MRR 0.4158
Snapshot 0099 | MRR 0.4490
Snapshot 0100 | MRR 0.4432
Snapshot 0101 | MRR 0.4719
Snapshot 0102 | MRR 0.4725
Snapshot 0103 | MRR 0.4508
Snapshot 0104 | MRR 0.4317
Snapshot 0105 | MRR 0.4533
Snapshot 0106 | MRR 0.4466
Snapshot 0107 | MRR 0.3744
Snapshot 0108 | MRR 0.4084
Snapshot 0109 | MRR 0.4069
Snapshot 0110 | MRR 0.4063
Snapshot 0111 | MRR 0.4690
Snapshot 0112 | MRR 0.4345
Snapshot 0113 | MRR 0.4676
Snapshot 0114 | MRR 0.4092
Snapshot 0115 | MRR 0.4367
Snapshot 0116 | MRR 0.4304
Snapshot 0117 | MRR 0.4218
Snapshot 0118 | MRR 0.4291
Snapshot 0119 | MRR 0.4522
Snapshot 0120 | MRR 0.4449
Snapshot 0121 | MRR 0.4388
Snapshot 0122 | MRR 0.4210
Snapshot 0123 | MRR 0.4793
Snapshot 0124 | MRR 0.4657
Snapshot 0125 | MRR 0.4483
Snapshot 0126 | MRR 0.4265
Snapshot 0127 | MRR 0.4615
Snapshot 0128 | MRR 0.4627
Snapshot 0129 | MRR 0.4449
Snapshot 0130 | MRR 0.4656
Snapshot 0131 | MRR 0.4050
Snapshot 0132 | MRR 0.4120
Snapshot 0133 | MRR 0.4291
Snapshot 0134 | MRR 0.4378
Snapshot 0135 | MRR 0.4428
Snapshot 0136 | MRR 0.4253
Snapshot 0137 | MRR 0.4772
Snapshot 0138 | MRR 0.4188
Snapshot 0139 | MRR 0.4472
Snapshot 0140 | MRR 0.4600
Snapshot 0141 | MRR 0.4573
Snapshot 0142 | MRR 0.4556
Snapshot 0143 | MRR 0.4412
Snapshot 0144 | MRR 0.4044
Snapshot 0145 | MRR 0.4413
Snapshot 0146 | MRR 0.4528
Snapshot 0147 | MRR 0.4316
Snapshot 0148 | MRR 0.4825
Snapshot 0149 | MRR 0.4372
Snapshot 0150 | MRR 0.4435
Snapshot 0151 | MRR 0.4601
Snapshot 0152 | MRR 0.4527
Snapshot 0153 | MRR 0.4482
Snapshot 0154 | MRR 0.4379
Snapshot 0155 | MRR 0.4398
Snapshot 0156 | MRR 0.4381
Snapshot 0157 | MRR 0.4412
Snapshot 0158 | MRR 0.4275
Snapshot 0159 | MRR 0.4439
Snapshot 0160 | MRR 0.4197
Snapshot 0161 | MRR 0.3343
Snapshot 0162 | MRR 0.4328
Snapshot 0163 | MRR 0.4130
Snapshot 0164 | MRR 0.4273
Snapshot 0165 | MRR 0.4292
Snapshot 0166 | MRR 0.4274
Snapshot 0167 | MRR 0.4406
Snapshot 0168 | MRR 0.4334
Snapshot 0169 | MRR 0.4295
Snapshot 0170 | MRR 0.4224
Snapshot 0171 | MRR 0.4415
Snapshot 0172 | MRR 0.4474
Snapshot 0173 | MRR 0.4008
Snapshot 0174 | MRR 0.4436
Snapshot 0175 | MRR 0.4150
Snapshot 0176 | MRR 0.4337
Snapshot 0177 | MRR 0.4828

reddit-title  MRR = 0.435389  (177 eval snapshots)
saved -> results/roland_port/live_update_und-yes_loss-margin/dot_node-learned_edge-learned/reddit-title/seed1/exp_20260815-075341_lp.json
