
==================================================================
ROLAND pipeline + SiST-GNN encoder
  dataset=reddit-body  mode=live_update  decoder=mlp
  node_features=learned  loss=margin  seed=4
==================================================================
  snapshot filter (>= 10 edges): 178 -> 178
  T=178  N=35776  start_compute_mrr=0
  edge features: learned (raw dim 1)
Snapshot 0001 | MRR 0.0033
Snapshot 0002 | MRR 0.2822
Snapshot 0003 | MRR 0.2351
Snapshot 0004 | MRR 0.2771
Snapshot 0005 | MRR 0.3058
Snapshot 0006 | MRR 0.3724
Snapshot 0007 | MRR 0.3029
Snapshot 0008 | MRR 0.3252
Snapshot 0009 | MRR 0.2582
Snapshot 0010 | MRR 0.2418
Snapshot 0011 | MRR 0.2392
Snapshot 0012 | MRR 0.2931
Snapshot 0013 | MRR 0.2099
Snapshot 0014 | MRR 0.3078
Snapshot 0015 | MRR 0.2974
Snapshot 0016 | MRR 0.2729
Snapshot 0017 | MRR 0.2520
Snapshot 0018 | MRR 0.2719
Snapshot 0019 | MRR 0.2932
Snapshot 0020 | MRR 0.2497
Snapshot 0021 | MRR 0.3397
Snapshot 0022 | MRR 0.3192
Snapshot 0023 | MRR 0.3021
Snapshot 0024 | MRR 0.2823
Snapshot 0025 | MRR 0.3134
Snapshot 0026 | MRR 0.2842
Snapshot 0027 | MRR 0.2835
Snapshot 0028 | MRR 0.2621
Snapshot 0029 | MRR 0.3040
Snapshot 0030 | MRR 0.2934
Snapshot 0031 | MRR 0.2695
Snapshot 0032 | MRR 0.3345
Snapshot 0033 | MRR 0.3181
Snapshot 0034 | MRR 0.2926
Snapshot 0035 | MRR 0.3375
Snapshot 0036 | MRR 0.3111
Snapshot 0037 | MRR 0.3197
Snapshot 0038 | MRR 0.3171
Snapshot 0039 | MRR 0.3091
Snapshot 0040 | MRR 0.3114
Snapshot 0041 | MRR 0.2785
Snapshot 0042 | MRR 0.3281
Snapshot 0043 | MRR 0.3325
Snapshot 0044 | MRR 0.2950
Snapshot 0045 | MRR 0.3511
Snapshot 0046 | MRR 0.3586
Snapshot 0047 | MRR 0.3320
Snapshot 0048 | MRR 0.3984
Snapshot 0049 | MRR 0.2963
Snapshot 0050 | MRR 0.3142
Snapshot 0051 | MRR 0.3381
Snapshot 0052 | MRR 0.3204
Snapshot 0053 | MRR 0.3030
Snapshot 0054 | MRR 0.2662
Snapshot 0055 | MRR 0.3160
Snapshot 0056 | MRR 0.3469
Snapshot 0057 | MRR 0.3120
Snapshot 0058 | MRR 0.3230
Snapshot 0059 | MRR 0.2944
Snapshot 0060 | MRR 0.3111
Snapshot 0061 | MRR 0.3047
Snapshot 0062 | MRR 0.3161
Snapshot 0063 | MRR 0.2926
Snapshot 0064 | MRR 0.3283
Snapshot 0065 | MRR 0.3736
Snapshot 0066 | MRR 0.3293
Snapshot 0067 | MRR 0.2987
Snapshot 0068 | MRR 0.3467
Snapshot 0069 | MRR 0.3772
Snapshot 0070 | MRR 0.3353
Snapshot 0071 | MRR 0.3046
Snapshot 0072 | MRR 0.3469
Snapshot 0073 | MRR 0.2793
Snapshot 0074 | MRR 0.3285
Snapshot 0075 | MRR 0.3213
Snapshot 0076 | MRR 0.3271
Snapshot 0077 | MRR 0.3160
Snapshot 0078 | MRR 0.3701
Snapshot 0079 | MRR 0.3728
Snapshot 0080 | MRR 0.3097
Snapshot 0081 | MRR 0.3380
Snapshot 0082 | MRR 0.3422
Snapshot 0083 | MRR 0.2849
Snapshot 0084 | MRR 0.3215
Snapshot 0085 | MRR 0.3322
Snapshot 0086 | MRR 0.2996
Snapshot 0087 | MRR 0.2997
Snapshot 0088 | MRR 0.3279
Snapshot 0089 | MRR 0.3332
Snapshot 0090 | MRR 0.3475
Snapshot 0091 | MRR 0.3731
Snapshot 0092 | MRR 0.3677
Snapshot 0093 | MRR 0.3622
Snapshot 0094 | MRR 0.3753
Snapshot 0095 | MRR 0.3802
Snapshot 0096 | MRR 0.3581
Snapshot 0097 | MRR 0.3981
Snapshot 0098 | MRR 0.3522
Snapshot 0099 | MRR 0.3439
Snapshot 0100 | MRR 0.3886
Snapshot 0101 | MRR 0.4344
Snapshot 0102 | MRR 0.3377
Snapshot 0103 | MRR 0.3578
Snapshot 0104 | MRR 0.3805
Snapshot 0105 | MRR 0.3517
Snapshot 0106 | MRR 0.3180
Snapshot 0107 | MRR 0.3009
Snapshot 0108 | MRR 0.3359
Snapshot 0109 | MRR 0.3234
Snapshot 0110 | MRR 0.3632
Snapshot 0111 | MRR 0.3624
Snapshot 0112 | MRR 0.3069
Snapshot 0113 | MRR 0.3558
Snapshot 0114 | MRR 0.4194
Snapshot 0115 | MRR 0.4235
Snapshot 0116 | MRR 0.3400
Snapshot 0117 | MRR 0.3596
Snapshot 0118 | MRR 0.3349
Snapshot 0119 | MRR 0.3713
Snapshot 0120 | MRR 0.3590
Snapshot 0121 | MRR 0.3979
Snapshot 0122 | MRR 0.3333
Snapshot 0123 | MRR 0.3431
Snapshot 0124 | MRR 0.3412
Snapshot 0125 | MRR 0.3795
Snapshot 0126 | MRR 0.3580
Snapshot 0127 | MRR 0.3765
Snapshot 0128 | MRR 0.3792
Snapshot 0129 | MRR 0.3880
Snapshot 0130 | MRR 0.3805
Snapshot 0131 | MRR 0.3170
Snapshot 0132 | MRR 0.3205
Snapshot 0133 | MRR 0.3628
Snapshot 0134 | MRR 0.3390
Snapshot 0135 | MRR 0.3550
Snapshot 0136 | MRR 0.3987
Snapshot 0137 | MRR 0.3869
Snapshot 0138 | MRR 0.3765
Snapshot 0139 | MRR 0.3930
Snapshot 0140 | MRR 0.3511
Snapshot 0141 | MRR 0.3879
Snapshot 0142 | MRR 0.3617
Snapshot 0143 | MRR 0.3524
Snapshot 0144 | MRR 0.3924
Snapshot 0145 | MRR 0.3808
Snapshot 0146 | MRR 0.3338
Snapshot 0147 | MRR 0.3622
Snapshot 0148 | MRR 0.3721
Snapshot 0149 | MRR 0.3667
Snapshot 0150 | MRR 0.3845
Snapshot 0151 | MRR 0.3889
Snapshot 0152 | MRR 0.3954
Snapshot 0153 | MRR 0.3533
Snapshot 0154 | MRR 0.3510
Snapshot 0155 | MRR 0.3279
Snapshot 0156 | MRR 0.3722
Snapshot 0157 | MRR 0.4255
Snapshot 0158 | MRR 0.3535
Snapshot 0159 | MRR 0.3538
Snapshot 0160 | MRR 0.2890
Snapshot 0161 | MRR 0.2819
Snapshot 0162 | MRR 0.3114
Snapshot 0163 | MRR 0.3613
Snapshot 0164 | MRR 0.3776
Snapshot 0165 | MRR 0.4010
Snapshot 0166 | MRR 0.4005
Snapshot 0167 | MRR 0.4226
Snapshot 0168 | MRR 0.4562
Snapshot 0169 | MRR 0.4249
Snapshot 0170 | MRR 0.3852
Snapshot 0171 | MRR 0.4475
Snapshot 0172 | MRR 0.4200
Snapshot 0173 | MRR 0.3153
Snapshot 0174 | MRR 0.3477
Snapshot 0175 | MRR 0.3843
Snapshot 0176 | MRR 0.3592
Snapshot 0177 | MRR 0.3931

reddit-body  MRR = 0.336297  (177 eval snapshots)
saved -> results/roland_port/live_update_und-yes_loss-margin/mlp_node-learned_edge-learned/reddit-body/seed4/exp_20260815-103708_lp.json
