
==================================================================
ROLAND pipeline + SiST-GNN encoder
  dataset=bitcoin-otc  mode=live_update  decoder=dot
  node_features=learned  loss=bce  seed=3
==================================================================
  snapshot filter (>= 10 edges): 279 -> 273
  T=273  N=5881  start_compute_mrr=0
  edge features: learned (raw dim 2)
Snapshot 0001 | MRR 0.0018
Snapshot 0002 | MRR 0.0081
Snapshot 0003 | MRR 0.0024
Snapshot 0004 | MRR 0.0013
Snapshot 0005 | MRR 0.3670
Snapshot 0006 | MRR 0.0011
Snapshot 0007 | MRR 0.0076
Snapshot 0008 | MRR 0.2505
Snapshot 0009 | MRR 0.0213
Snapshot 0010 | MRR 0.3340
Snapshot 0011 | MRR 0.2555
Snapshot 0012 | MRR 0.1020
Snapshot 0013 | MRR 0.0654
Snapshot 0014 | MRR 0.1437
Snapshot 0015 | MRR 0.1554
Snapshot 0016 | MRR 0.4272
Snapshot 0017 | MRR 0.1872
Snapshot 0018 | MRR 0.0829
Snapshot 0019 | MRR 0.0367
Snapshot 0020 | MRR 0.1225
Snapshot 0021 | MRR 0.0675
Snapshot 0022 | MRR 0.1137
Snapshot 0023 | MRR 0.0966
Snapshot 0024 | MRR 0.0982
Snapshot 0025 | MRR 0.0812
Snapshot 0026 | MRR 0.0815
Snapshot 0027 | MRR 0.1330
Snapshot 0028 | MRR 0.0646
Snapshot 0029 | MRR 0.0579
Snapshot 0030 | MRR 0.0740
Snapshot 0031 | MRR 0.0430
Snapshot 0032 | MRR 0.1046
Snapshot 0033 | MRR 0.0324
Snapshot 0034 | MRR 0.0842
Snapshot 0035 | MRR 0.0402
Snapshot 0036 | MRR 0.1120
Snapshot 0037 | MRR 0.1405
Snapshot 0038 | MRR 0.0878
Snapshot 0039 | MRR 0.0964
Snapshot 0040 | MRR 0.0911
Snapshot 0041 | MRR 0.1036
Snapshot 0042 | MRR 0.0410
Snapshot 0043 | MRR 0.1240
Snapshot 0044 | MRR 0.1569
Snapshot 0045 | MRR 0.1009
Snapshot 0046 | MRR 0.0676
Snapshot 0047 | MRR 0.0174
Snapshot 0048 | MRR 0.0955
Snapshot 0049 | MRR 0.0235
Snapshot 0050 | MRR 0.1927
Snapshot 0051 | MRR 0.1154
Snapshot 0052 | MRR 0.0948
Snapshot 0053 | MRR 0.0986
Snapshot 0054 | MRR 0.1324
Snapshot 0055 | MRR 0.0313
Snapshot 0056 | MRR 0.0234
Snapshot 0057 | MRR 0.1203
Snapshot 0058 | MRR 0.0816
Snapshot 0059 | MRR 0.2842
Snapshot 0060 | MRR 0.1388
Snapshot 0061 | MRR 0.1875
Snapshot 0062 | MRR 0.0359
Snapshot 0063 | MRR 0.0588
Snapshot 0064 | MRR 0.1088
Snapshot 0065 | MRR 0.1475
Snapshot 0066 | MRR 0.0380
Snapshot 0067 | MRR 0.1038
Snapshot 0068 | MRR 0.0581
Snapshot 0069 | MRR 0.0748
Snapshot 0070 | MRR 0.1069
Snapshot 0071 | MRR 0.1476
Snapshot 0072 | MRR 0.1322
Snapshot 0073 | MRR 0.0660
Snapshot 0074 | MRR 0.0342
Snapshot 0075 | MRR 0.0416
Snapshot 0076 | MRR 0.0872
Snapshot 0077 | MRR 0.0663
Snapshot 0078 | MRR 0.0537
Snapshot 0079 | MRR 0.0583
Snapshot 0080 | MRR 0.0415
Snapshot 0081 | MRR 0.0198
Snapshot 0082 | MRR 0.0389
Snapshot 0083 | MRR 0.0338
Snapshot 0084 | MRR 0.0292
Snapshot 0085 | MRR 0.0928
Snapshot 0086 | MRR 0.0765
Snapshot 0087 | MRR 0.0509
Snapshot 0088 | MRR 0.1065
Snapshot 0089 | MRR 0.0838
Snapshot 0090 | MRR 0.0807
Snapshot 0091 | MRR 0.0743
Snapshot 0092 | MRR 0.0739
Snapshot 0093 | MRR 0.0399
Snapshot 0094 | MRR 0.0372
Snapshot 0095 | MRR 0.0492
Snapshot 0096 | MRR 0.1361
Snapshot 0097 | MRR 0.0285
Snapshot 0098 | MRR 0.0361
Snapshot 0099 | MRR 0.0740
Snapshot 0100 | MRR 0.0504
Snapshot 0101 | MRR 0.0186
Snapshot 0102 | MRR 0.0914
Snapshot 0103 | MRR 0.0437
Snapshot 0104 | MRR 0.0481
Snapshot 0105 | MRR 0.0283
Snapshot 0106 | MRR 0.0533
Snapshot 0107 | MRR 0.0306
Snapshot 0108 | MRR 0.0407
Snapshot 0109 | MRR 0.1101
Snapshot 0110 | MRR 0.0858
Snapshot 0111 | MRR 0.0773
Snapshot 0112 | MRR 0.0337
Snapshot 0113 | MRR 0.0403
Snapshot 0114 | MRR 0.0481
Snapshot 0115 | MRR 0.0305
Snapshot 0116 | MRR 0.1261
Snapshot 0117 | MRR 0.0731
Snapshot 0118 | MRR 0.1173
Snapshot 0119 | MRR 0.0890
Snapshot 0120 | MRR 0.0648
Snapshot 0121 | MRR 0.0782
Snapshot 0122 | MRR 0.0817
Snapshot 0123 | MRR 0.0274
Snapshot 0124 | MRR 0.0331
Snapshot 0125 | MRR 0.0587
Snapshot 0126 | MRR 0.0349
Snapshot 0127 | MRR 0.0277
Snapshot 0128 | MRR 0.0489
Snapshot 0129 | MRR 0.0469
Snapshot 0130 | MRR 0.0562
Snapshot 0131 | MRR 0.0579
Snapshot 0132 | MRR 0.0382
Snapshot 0133 | MRR 0.0346
Snapshot 0134 | MRR 0.0052
Snapshot 0135 | MRR 0.0967
Snapshot 0136 | MRR 0.0863
Snapshot 0137 | MRR 0.0499
Snapshot 0138 | MRR 0.1470
Snapshot 0139 | MRR 0.0799
Snapshot 0140 | MRR 0.0559
Snapshot 0141 | MRR 0.1453
Snapshot 0142 | MRR 0.0648
Snapshot 0143 | MRR 0.0440
Snapshot 0144 | MRR 0.0723
Snapshot 0145 | MRR 0.0431
Snapshot 0146 | MRR 0.0764
Snapshot 0147 | MRR 0.0993
Snapshot 0148 | MRR 0.0846
Snapshot 0149 | MRR 0.0322
Snapshot 0150 | MRR 0.2025
Snapshot 0151 | MRR 0.0187
Snapshot 0152 | MRR 0.0543
Snapshot 0153 | MRR 0.1013
Snapshot 0154 | MRR 0.0315
Snapshot 0155 | MRR 0.1573
Snapshot 0156 | MRR 0.1329
Snapshot 0157 | MRR 0.0834
Snapshot 0158 | MRR 0.0762
Snapshot 0159 | MRR 0.0539
Snapshot 0160 | MRR 0.0511
Snapshot 0161 | MRR 0.0260
Snapshot 0162 | MRR 0.0558
Snapshot 0163 | MRR 0.0737
Snapshot 0164 | MRR 0.0231
Snapshot 0165 | MRR 0.0244
Snapshot 0166 | MRR 0.0500
Snapshot 0167 | MRR 0.0262
Snapshot 0168 | MRR 0.0315
Snapshot 0169 | MRR 0.0597
Snapshot 0170 | MRR 0.0160
Snapshot 0171 | MRR 0.0972
Snapshot 0172 | MRR 0.0680
Snapshot 0173 | MRR 0.0747
Snapshot 0174 | MRR 0.0823
Snapshot 0175 | MRR 0.0795
Snapshot 0176 | MRR 0.0786
Snapshot 0177 | MRR 0.1236
Snapshot 0178 | MRR 0.1223
Snapshot 0179 | MRR 0.0241
Snapshot 0180 | MRR 0.0144
Snapshot 0181 | MRR 0.0144
Snapshot 0182 | MRR 0.0706
Snapshot 0183 | MRR 0.0804
Snapshot 0184 | MRR 0.1295
Snapshot 0185 | MRR 0.0746
Snapshot 0186 | MRR 0.1293
Snapshot 0187 | MRR 0.0845
Snapshot 0188 | MRR 0.1019
Snapshot 0189 | MRR 0.0470
Snapshot 0190 | MRR 0.0662
Snapshot 0191 | MRR 0.0658
Snapshot 0192 | MRR 0.0231
Snapshot 0193 | MRR 0.1553
Snapshot 0194 | MRR 0.0043
Snapshot 0195 | MRR 0.0533
Snapshot 0196 | MRR 0.0532
Snapshot 0197 | MRR 0.1037
Snapshot 0198 | MRR 0.2236
Snapshot 0199 | MRR 0.0895
Snapshot 0200 | MRR 0.0369
Snapshot 0201 | MRR 0.0262
Snapshot 0202 | MRR 0.0613
Snapshot 0203 | MRR 0.0329
Snapshot 0204 | MRR 0.0912
Snapshot 0205 | MRR 0.0873
Snapshot 0206 | MRR 0.2160
Snapshot 0207 | MRR 0.1122
Snapshot 0208 | MRR 0.0361
Snapshot 0209 | MRR 0.0834
Snapshot 0210 | MRR 0.0719
Snapshot 0211 | MRR 0.0448
Snapshot 0212 | MRR 0.1546
Snapshot 0213 | MRR 0.0488
Snapshot 0214 | MRR 0.0228
Snapshot 0215 | MRR 0.1662
Snapshot 0216 | MRR 0.0360
Snapshot 0217 | MRR 0.2097
Snapshot 0218 | MRR 0.1946
Snapshot 0219 | MRR 0.0593
Snapshot 0220 | MRR 0.0197
Snapshot 0221 | MRR 0.0240
Snapshot 0222 | MRR 0.1180
Snapshot 0223 | MRR 0.0285
Snapshot 0224 | MRR 0.0684
Snapshot 0225 | MRR 0.0659
Snapshot 0226 | MRR 0.0050
Snapshot 0227 | MRR 0.0241
Snapshot 0228 | MRR 0.0040
Snapshot 0229 | MRR 0.0011
Snapshot 0230 | MRR 0.0569
Snapshot 0231 | MRR 0.0828
Snapshot 0232 | MRR 0.0105
Snapshot 0233 | MRR 0.0863
Snapshot 0234 | MRR 0.2522
Snapshot 0235 | MRR 0.0418
Snapshot 0236 | MRR 0.0183
Snapshot 0237 | MRR 0.0091
Snapshot 0238 | MRR 0.2513
Snapshot 0239 | MRR 0.0408
Snapshot 0240 | MRR 0.0384
Snapshot 0241 | MRR 0.0440
Snapshot 0242 | MRR 0.1555
Snapshot 0243 | MRR 0.0463
Snapshot 0244 | MRR 0.0114
Snapshot 0245 | MRR 0.0481
Snapshot 0246 | MRR 0.1220
Snapshot 0247 | MRR 0.0094
Snapshot 0248 | MRR 0.1207
Snapshot 0249 | MRR 0.0196
Snapshot 0250 | MRR 0.0521
Snapshot 0251 | MRR 0.0656
Snapshot 0252 | MRR 0.1143
Snapshot 0253 | MRR 0.3933
Snapshot 0254 | MRR 0.2985
Snapshot 0255 | MRR 0.0070
Snapshot 0256 | MRR 0.0294
Snapshot 0257 | MRR 0.0560
Snapshot 0258 | MRR 0.0017
Snapshot 0259 | MRR 1.0000
Snapshot 0260 | MRR 0.0483
Snapshot 0261 | MRR 0.5625
Snapshot 0262 | MRR 0.0010
Snapshot 0263 | MRR 0.2615
Snapshot 0264 | MRR 0.2243
Snapshot 0265 | MRR 0.0161
Snapshot 0266 | MRR 0.0176
Snapshot 0267 | MRR 0.3536
Snapshot 0268 | MRR 0.0165
Snapshot 0269 | MRR 0.2754
Snapshot 0270 | MRR 0.0576
Snapshot 0271 | MRR 0.1959
Snapshot 0272 | MRR 0.3762

bitcoin-otc  MRR = 0.088098  (272 eval snapshots)
saved -> results/roland_port/live_update_und-yes_loss-bce/dot_node-learned_edge-learned/bitcoin-otc/seed3/exp_20260814-211012_lp.json
