
==================================================================
ROLAND pipeline + SiST-GNN encoder
  dataset=uci-message  mode=live_update_fixed_split  decoder=dot
  node_features=learned  seed=2
==================================================================
  T=89  N=1899  start_compute_mrr=72
  edge features: none (raw dim 1)
Snapshot 0072 | MRR 0.2109
Snapshot 0073 | MRR 0.2336
Snapshot 0074 | MRR 0.2135
Snapshot 0075 | MRR 0.3196
Snapshot 0076 | MRR 0.3458
Snapshot 0077 | MRR 0.1807
Snapshot 0078 | MRR 0.3210
Snapshot 0079 | MRR 0.1802
Snapshot 0080 | MRR 0.2677
Snapshot 0081 | MRR 0.2931
Snapshot 0082 | MRR 0.2340
Snapshot 0083 | MRR 0.2507
Snapshot 0084 | MRR 0.3167
Snapshot 0085 | MRR 0.1203
Snapshot 0086 | MRR 0.1981
Snapshot 0087 | MRR 0.2925
Snapshot 0088 | MRR 0.1729

uci-message  MRR = 0.244188  (17 eval snapshots)
saved -> results/roland_port/live_update_fixed_split/dot_node-learned_edge-none/uci-message/seed2/exp_20260813-141909_lp.json
