
==================================================================
ROLAND pipeline + SiST-GNN encoder
  dataset=reddit-title  mode=live_update  decoder=dot
  node_features=learned  loss=margin  seed=4
==================================================================
  snapshot filter (>= 10 edges): 178 -> 178
  T=178  N=54075  start_compute_mrr=0
  edge features: learned (raw dim 1)
Snapshot 0001 | MRR 0.0588
Snapshot 0002 | MRR 0.3001
Snapshot 0003 | MRR 0.4020
Snapshot 0004 | MRR 0.4304
Snapshot 0005 | MRR 0.4258
Snapshot 0006 | MRR 0.4465
Snapshot 0007 | MRR 0.4557
Snapshot 0008 | MRR 0.4484
Snapshot 0009 | MRR 0.4273
Snapshot 0010 | MRR 0.4540
Snapshot 0011 | MRR 0.4460
Snapshot 0012 | MRR 0.4395
Snapshot 0013 | MRR 0.4666
Snapshot 0014 | MRR 0.4286
Snapshot 0015 | MRR 0.4762
Snapshot 0016 | MRR 0.4676
Snapshot 0017 | MRR 0.4538
Snapshot 0018 | MRR 0.4112
Snapshot 0019 | MRR 0.4498
Snapshot 0020 | MRR 0.4444
Snapshot 0021 | MRR 0.4590
Snapshot 0022 | MRR 0.4347
Snapshot 0023 | MRR 0.4408
Snapshot 0024 | MRR 0.4444
Snapshot 0025 | MRR 0.4256
Snapshot 0026 | MRR 0.4550
Snapshot 0027 | MRR 0.4431
Snapshot 0028 | MRR 0.4565
Snapshot 0029 | MRR 0.4260
Snapshot 0030 | MRR 0.4075
Snapshot 0031 | MRR 0.4447
Snapshot 0032 | MRR 0.4232
Snapshot 0033 | MRR 0.4423
Snapshot 0034 | MRR 0.4289
Snapshot 0035 | MRR 0.4382
Snapshot 0036 | MRR 0.4352
Snapshot 0037 | MRR 0.4467
Snapshot 0038 | MRR 0.4589
Snapshot 0039 | MRR 0.4450
Snapshot 0040 | MRR 0.4173
Snapshot 0041 | MRR 0.4928
Snapshot 0042 | MRR 0.4611
Snapshot 0043 | MRR 0.4491
Snapshot 0044 | MRR 0.4660
Snapshot 0045 | MRR 0.4584
Snapshot 0046 | MRR 0.4539
Snapshot 0047 | MRR 0.4825
Snapshot 0048 | MRR 0.4679
Snapshot 0049 | MRR 0.4313
Snapshot 0050 | MRR 0.4361
Snapshot 0051 | MRR 0.4458
Snapshot 0052 | MRR 0.4942
Snapshot 0053 | MRR 0.4676
Snapshot 0054 | MRR 0.3976
Snapshot 0055 | MRR 0.4717
Snapshot 0056 | MRR 0.4408
Snapshot 0057 | MRR 0.4790
Snapshot 0058 | MRR 0.4382
Snapshot 0059 | MRR 0.4348
Snapshot 0060 | MRR 0.4224
Snapshot 0061 | MRR 0.4186
Snapshot 0062 | MRR 0.4575
Snapshot 0063 | MRR 0.4672
Snapshot 0064 | MRR 0.4466
Snapshot 0065 | MRR 0.4852
Snapshot 0066 | MRR 0.4430
Snapshot 0067 | MRR 0.4092
Snapshot 0068 | MRR 0.4122
Snapshot 0069 | MRR 0.4727
Snapshot 0070 | MRR 0.4093
Snapshot 0071 | MRR 0.4394
Snapshot 0072 | MRR 0.4556
Snapshot 0073 | MRR 0.4502
Snapshot 0074 | MRR 0.4745
Snapshot 0075 | MRR 0.4731
Snapshot 0076 | MRR 0.4229
Snapshot 0077 | MRR 0.4380
Snapshot 0078 | MRR 0.4322
Snapshot 0079 | MRR 0.4747
Snapshot 0080 | MRR 0.4929
Snapshot 0081 | MRR 0.4452
Snapshot 0082 | MRR 0.4539
Snapshot 0083 | MRR 0.4534
Snapshot 0084 | MRR 0.4269
Snapshot 0085 | MRR 0.4582
Snapshot 0086 | MRR 0.4478
Snapshot 0087 | MRR 0.5175
Snapshot 0088 | MRR 0.4584
Snapshot 0089 | MRR 0.4546
Snapshot 0090 | MRR 0.4223
Snapshot 0091 | MRR 0.4473
Snapshot 0092 | MRR 0.4328
Snapshot 0093 | MRR 0.4485
Snapshot 0094 | MRR 0.4652
Snapshot 0095 | MRR 0.4770
Snapshot 0096 | MRR 0.4346
Snapshot 0097 | MRR 0.4329
Snapshot 0098 | MRR 0.4504
Snapshot 0099 | MRR 0.4617
Snapshot 0100 | MRR 0.4651
Snapshot 0101 | MRR 0.4739
Snapshot 0102 | MRR 0.4380
Snapshot 0103 | MRR 0.4626
Snapshot 0104 | MRR 0.4808
Snapshot 0105 | MRR 0.4554
Snapshot 0106 | MRR 0.4934
Snapshot 0107 | MRR 0.4545
Snapshot 0108 | MRR 0.3751
Snapshot 0109 | MRR 0.4168
Snapshot 0110 | MRR 0.4189
Snapshot 0111 | MRR 0.4528
Snapshot 0112 | MRR 0.4220
Snapshot 0113 | MRR 0.4854
Snapshot 0114 | MRR 0.4440
Snapshot 0115 | MRR 0.4304
Snapshot 0116 | MRR 0.4478
Snapshot 0117 | MRR 0.4627
Snapshot 0118 | MRR 0.4564
Snapshot 0119 | MRR 0.4218
Snapshot 0120 | MRR 0.4250
Snapshot 0121 | MRR 0.4180
Snapshot 0122 | MRR 0.4253
Snapshot 0123 | MRR 0.4880
Snapshot 0124 | MRR 0.4613
Snapshot 0125 | MRR 0.4189
Snapshot 0126 | MRR 0.4411
Snapshot 0127 | MRR 0.4462
Snapshot 0128 | MRR 0.4232
Snapshot 0129 | MRR 0.4165
Snapshot 0130 | MRR 0.4968
Snapshot 0131 | MRR 0.4404
Snapshot 0132 | MRR 0.4409
Snapshot 0133 | MRR 0.4231
Snapshot 0134 | MRR 0.4543
Snapshot 0135 | MRR 0.4125
Snapshot 0136 | MRR 0.4363
Snapshot 0137 | MRR 0.4613
Snapshot 0138 | MRR 0.4530
Snapshot 0139 | MRR 0.4236
Snapshot 0140 | MRR 0.4258
Snapshot 0141 | MRR 0.4798
Snapshot 0142 | MRR 0.4522
Snapshot 0143 | MRR 0.4157
Snapshot 0144 | MRR 0.4489
Snapshot 0145 | MRR 0.4440
Snapshot 0146 | MRR 0.4719
Snapshot 0147 | MRR 0.4361
Snapshot 0148 | MRR 0.4651
Snapshot 0149 | MRR 0.4563
Snapshot 0150 | MRR 0.4512
Snapshot 0151 | MRR 0.4693
Snapshot 0152 | MRR 0.4243
Snapshot 0153 | MRR 0.4418
Snapshot 0154 | MRR 0.4283
Snapshot 0155 | MRR 0.4175
Snapshot 0156 | MRR 0.4196
Snapshot 0157 | MRR 0.4109
Snapshot 0158 | MRR 0.4251
Snapshot 0159 | MRR 0.4588
Snapshot 0160 | MRR 0.3690
Snapshot 0161 | MRR 0.3161
Snapshot 0162 | MRR 0.4193
Snapshot 0163 | MRR 0.4153
Snapshot 0164 | MRR 0.4256
Snapshot 0165 | MRR 0.4361
Snapshot 0166 | MRR 0.4319
Snapshot 0167 | MRR 0.4295
Snapshot 0168 | MRR 0.4010
Snapshot 0169 | MRR 0.4143
Snapshot 0170 | MRR 0.4205
Snapshot 0171 | MRR 0.4340
Snapshot 0172 | MRR 0.4424
Snapshot 0173 | MRR 0.4381
Snapshot 0174 | MRR 0.4498
Snapshot 0175 | MRR 0.4187
Snapshot 0176 | MRR 0.4449
Snapshot 0177 | MRR 0.4485

reddit-title  MRR = 0.440236  (177 eval snapshots)
saved -> results/roland_port/live_update_und-yes_loss-margin/dot_node-learned_edge-learned/reddit-title/seed4/exp_20260815-082054_lp.json
