
==================================================================
ROLAND pipeline + SiST-GNN encoder
  dataset=uci-message  mode=live_update_fixed_split  decoder=mlp
  node_features=learned  seed=4
==================================================================
  T=89  N=1899  start_compute_mrr=72
  edge features: learned (raw dim 1)
Snapshot 0072 | MRR 0.3824
Snapshot 0073 | MRR 0.4014
Snapshot 0074 | MRR 0.4075
Snapshot 0075 | MRR 0.5094
Snapshot 0076 | MRR 0.4254
Snapshot 0077 | MRR 0.4339
Snapshot 0078 | MRR 0.4428
Snapshot 0079 | MRR 0.3652
Snapshot 0080 | MRR 0.2997
Snapshot 0081 | MRR 0.2480
Snapshot 0082 | MRR 0.3346
Snapshot 0083 | MRR 0.4456
Snapshot 0084 | MRR 0.3216
Snapshot 0085 | MRR 0.3343
Snapshot 0086 | MRR 0.3899
Snapshot 0087 | MRR 0.3297
Snapshot 0088 | MRR 0.3258

uci-message  MRR = 0.376311  (17 eval snapshots)
saved -> results/roland_port/live_update_fixed_split/mlp_node-learned_edge-learned/uci-message/seed4/exp_20260813-151803_lp.json
