
==================================================================
ROLAND pipeline + SiST-GNN encoder
  dataset=uci-message  mode=live_update_fixed_split  decoder=mlp
  node_features=constant  seed=4
==================================================================
  T=89  N=1899  start_compute_mrr=72
  edge features: none (raw dim 1)
Snapshot 0072 | MRR 0.2298
Snapshot 0073 | MRR 0.2044
Snapshot 0074 | MRR 0.3167
Snapshot 0075 | MRR 0.2774
Snapshot 0076 | MRR 0.2707
Snapshot 0077 | MRR 0.2055
Snapshot 0078 | MRR 0.3164
Snapshot 0079 | MRR 0.2035
Snapshot 0080 | MRR 0.2423
Snapshot 0081 | MRR 0.1618
Snapshot 0082 | MRR 0.1803
Snapshot 0083 | MRR 0.2391
Snapshot 0084 | MRR 0.1022
Snapshot 0085 | MRR 0.1115
Snapshot 0086 | MRR 0.2473
Snapshot 0087 | MRR 0.0913
Snapshot 0088 | MRR 0.1749

uci-message  MRR = 0.210305  (17 eval snapshots)
saved -> results/roland_port/live_update_fixed_split/mlp_node-constant_edge-none/uci-message/seed4/exp_20260813-160844_lp.json
