
==================================================================
ROLAND pipeline + SiST-GNN encoder
  dataset=uci-message  mode=live_update_fixed_split  decoder=dot
  node_features=constant  seed=4
==================================================================
  T=89  N=1899  start_compute_mrr=72
  edge features: none (raw dim 1)
Snapshot 0072 | MRR 0.1655
Snapshot 0073 | MRR 0.2363
Snapshot 0074 | MRR 0.1930
Snapshot 0075 | MRR 0.2418
Snapshot 0076 | MRR 0.1434
Snapshot 0077 | MRR 0.1087
Snapshot 0078 | MRR 0.1862
Snapshot 0079 | MRR 0.1983
Snapshot 0080 | MRR 0.1279
Snapshot 0081 | MRR 0.1230
Snapshot 0082 | MRR 0.1187
Snapshot 0083 | MRR 0.1380
Snapshot 0084 | MRR 0.0893
Snapshot 0085 | MRR 0.0399
Snapshot 0086 | MRR 0.1956
Snapshot 0087 | MRR 0.1359
Snapshot 0088 | MRR 0.1047

uci-message  MRR = 0.149775  (17 eval snapshots)
saved -> results/roland_port/live_update_fixed_split/dot_node-constant_edge-none/uci-message/seed4/exp_20260813-145620_lp.json
