
==================================================================
ROLAND pipeline + SiST-GNN encoder
  dataset=bitcoin-otc  mode=live_update  decoder=mlp
  node_features=learned  loss=bce  seed=3
==================================================================
  snapshot filter (>= 10 edges): 279 -> 273
  T=273  N=5881  start_compute_mrr=0
  edge features: learned (raw dim 2)
Snapshot 0001 | MRR 0.0013
Snapshot 0002 | MRR 0.5025
Snapshot 0003 | MRR 0.2530
Snapshot 0004 | MRR 0.2025
Snapshot 0005 | MRR 0.4113
Snapshot 0006 | MRR 0.2245
Snapshot 0007 | MRR 0.4263
Snapshot 0008 | MRR 1.0000
Snapshot 0009 | MRR 0.3454
Snapshot 0010 | MRR 0.2509
Snapshot 0011 | MRR 0.5280
Snapshot 0012 | MRR 0.2080
Snapshot 0013 | MRR 0.1372
Snapshot 0014 | MRR 0.4081
Snapshot 0015 | MRR 0.2090
Snapshot 0016 | MRR 0.3779
Snapshot 0017 | MRR 0.2783
Snapshot 0018 | MRR 0.2581
Snapshot 0019 | MRR 0.3765
Snapshot 0020 | MRR 0.2680
Snapshot 0021 | MRR 0.2089
Snapshot 0022 | MRR 0.4404
Snapshot 0023 | MRR 0.1491
Snapshot 0024 | MRR 0.2902
Snapshot 0025 | MRR 0.2155
Snapshot 0026 | MRR 0.1427
Snapshot 0027 | MRR 0.0944
Snapshot 0028 | MRR 0.0928
Snapshot 0029 | MRR 0.1079
Snapshot 0030 | MRR 0.0881
Snapshot 0031 | MRR 0.0661
Snapshot 0032 | MRR 0.0953
Snapshot 0033 | MRR 0.0602
Snapshot 0034 | MRR 0.1216
Snapshot 0035 | MRR 0.0874
Snapshot 0036 | MRR 0.1525
Snapshot 0037 | MRR 0.1345
Snapshot 0038 | MRR 0.2531
Snapshot 0039 | MRR 0.2595
Snapshot 0040 | MRR 0.1638
Snapshot 0041 | MRR 0.1657
Snapshot 0042 | MRR 0.1183
Snapshot 0043 | MRR 0.1802
Snapshot 0044 | MRR 0.2076
Snapshot 0045 | MRR 0.1133
Snapshot 0046 | MRR 0.3564
Snapshot 0047 | MRR 0.2144
Snapshot 0048 | MRR 0.4916
Snapshot 0049 | MRR 0.2416
Snapshot 0050 | MRR 0.3863
Snapshot 0051 | MRR 0.3382
Snapshot 0052 | MRR 0.1562
Snapshot 0053 | MRR 0.2993
Snapshot 0054 | MRR 0.4237
Snapshot 0055 | MRR 0.2285
Snapshot 0056 | MRR 0.2886
Snapshot 0057 | MRR 0.3642
Snapshot 0058 | MRR 0.3479
Snapshot 0059 | MRR 0.3516
Snapshot 0060 | MRR 0.2011
Snapshot 0061 | MRR 0.6667
Snapshot 0062 | MRR 0.1054
Snapshot 0063 | MRR 0.1129
Snapshot 0064 | MRR 0.1418
Snapshot 0065 | MRR 0.1624
Snapshot 0066 | MRR 0.2157
Snapshot 0067 | MRR 0.1336
Snapshot 0068 | MRR 0.2394
Snapshot 0069 | MRR 0.1959
Snapshot 0070 | MRR 0.2066
Snapshot 0071 | MRR 0.3004
Snapshot 0072 | MRR 0.2489
Snapshot 0073 | MRR 0.2310
Snapshot 0074 | MRR 0.3189
Snapshot 0075 | MRR 0.2215
Snapshot 0076 | MRR 0.3166
Snapshot 0077 | MRR 0.2094
Snapshot 0078 | MRR 0.1589
Snapshot 0079 | MRR 0.1374
Snapshot 0080 | MRR 0.1408
Snapshot 0081 | MRR 0.2146
Snapshot 0082 | MRR 0.1247
Snapshot 0083 | MRR 0.1972
Snapshot 0084 | MRR 0.1349
Snapshot 0085 | MRR 0.1550
Snapshot 0086 | MRR 0.1569
Snapshot 0087 | MRR 0.0865
Snapshot 0088 | MRR 0.1935
Snapshot 0089 | MRR 0.1358
Snapshot 0090 | MRR 0.1415
Snapshot 0091 | MRR 0.1385
Snapshot 0092 | MRR 0.1503
Snapshot 0093 | MRR 0.1533
Snapshot 0094 | MRR 0.1298
Snapshot 0095 | MRR 0.1867
Snapshot 0096 | MRR 0.1548
Snapshot 0097 | MRR 0.0984
Snapshot 0098 | MRR 0.1946
Snapshot 0099 | MRR 0.1513
Snapshot 0100 | MRR 0.1462
Snapshot 0101 | MRR 0.1512
Snapshot 0102 | MRR 0.1846
Snapshot 0103 | MRR 0.1731
Snapshot 0104 | MRR 0.1116
Snapshot 0105 | MRR 0.1284
Snapshot 0106 | MRR 0.1946
Snapshot 0107 | MRR 0.2377
Snapshot 0108 | MRR 0.1154
Snapshot 0109 | MRR 0.2502
Snapshot 0110 | MRR 0.1636
Snapshot 0111 | MRR 0.2264
Snapshot 0112 | MRR 0.1689
Snapshot 0113 | MRR 0.0600
Snapshot 0114 | MRR 0.3654
Snapshot 0115 | MRR 0.2397
Snapshot 0116 | MRR 0.1110
Snapshot 0117 | MRR 0.1329
Snapshot 0118 | MRR 0.2649
Snapshot 0119 | MRR 0.2325
Snapshot 0120 | MRR 0.2652
Snapshot 0121 | MRR 0.1717
Snapshot 0122 | MRR 0.2254
Snapshot 0123 | MRR 0.1648
Snapshot 0124 | MRR 0.1498
Snapshot 0125 | MRR 0.2792
Snapshot 0126 | MRR 0.1943
Snapshot 0127 | MRR 0.1574
Snapshot 0128 | MRR 0.1333
Snapshot 0129 | MRR 0.1910
Snapshot 0130 | MRR 0.2091
Snapshot 0131 | MRR 0.1079
Snapshot 0132 | MRR 0.1676
Snapshot 0133 | MRR 0.0905
Snapshot 0134 | MRR 0.0971
Snapshot 0135 | MRR 0.1592
Snapshot 0136 | MRR 0.2103
Snapshot 0137 | MRR 0.1477
Snapshot 0138 | MRR 0.1396
Snapshot 0139 | MRR 0.1395
Snapshot 0140 | MRR 0.1851
Snapshot 0141 | MRR 0.1236
Snapshot 0142 | MRR 0.2476
Snapshot 0143 | MRR 0.1111
Snapshot 0144 | MRR 0.1945
Snapshot 0145 | MRR 0.1642
Snapshot 0146 | MRR 0.1903
Snapshot 0147 | MRR 0.1899
Snapshot 0148 | MRR 0.1265
Snapshot 0149 | MRR 0.3011
Snapshot 0150 | MRR 0.2115
Snapshot 0151 | MRR 0.1973
Snapshot 0152 | MRR 0.1218
Snapshot 0153 | MRR 0.1286
Snapshot 0154 | MRR 0.0491
Snapshot 0155 | MRR 0.2120
Snapshot 0156 | MRR 0.1718
Snapshot 0157 | MRR 0.3410
Snapshot 0158 | MRR 0.1422
Snapshot 0159 | MRR 0.1834
Snapshot 0160 | MRR 0.0896
Snapshot 0161 | MRR 0.0944
Snapshot 0162 | MRR 0.1725
Snapshot 0163 | MRR 0.1588
Snapshot 0164 | MRR 0.1873
Snapshot 0165 | MRR 0.1680
Snapshot 0166 | MRR 0.2608
Snapshot 0167 | MRR 0.1006
Snapshot 0168 | MRR 0.0432
Snapshot 0169 | MRR 0.1006
Snapshot 0170 | MRR 0.2322
Snapshot 0171 | MRR 0.2556
Snapshot 0172 | MRR 0.2418
Snapshot 0173 | MRR 0.0937
Snapshot 0174 | MRR 0.1845
Snapshot 0175 | MRR 0.1306
Snapshot 0176 | MRR 0.0632
Snapshot 0177 | MRR 0.1967
Snapshot 0178 | MRR 0.1458
Snapshot 0179 | MRR 0.3310
Snapshot 0180 | MRR 0.1298
Snapshot 0181 | MRR 0.0472
Snapshot 0182 | MRR 0.1559
Snapshot 0183 | MRR 0.0709
Snapshot 0184 | MRR 0.2845
Snapshot 0185 | MRR 0.1876
Snapshot 0186 | MRR 0.1439
Snapshot 0187 | MRR 0.1879
Snapshot 0188 | MRR 0.2095
Snapshot 0189 | MRR 0.2619
Snapshot 0190 | MRR 0.1167
Snapshot 0191 | MRR 0.0506
Snapshot 0192 | MRR 0.2198
Snapshot 0193 | MRR 0.2978
Snapshot 0194 | MRR 0.0829
Snapshot 0195 | MRR 0.1782
Snapshot 0196 | MRR 0.0591
Snapshot 0197 | MRR 0.0824
Snapshot 0198 | MRR 0.2004
Snapshot 0199 | MRR 0.1074
Snapshot 0200 | MRR 0.2716
Snapshot 0201 | MRR 0.1722
Snapshot 0202 | MRR 0.2734
Snapshot 0203 | MRR 0.1916
Snapshot 0204 | MRR 0.1058
Snapshot 0205 | MRR 0.1694
Snapshot 0206 | MRR 0.2074
Snapshot 0207 | MRR 0.2147
Snapshot 0208 | MRR 0.1732
Snapshot 0209 | MRR 0.0471
Snapshot 0210 | MRR 0.0595
Snapshot 0211 | MRR 0.2360
Snapshot 0212 | MRR 0.1693
Snapshot 0213 | MRR 0.3387
Snapshot 0214 | MRR 0.0577
Snapshot 0215 | MRR 0.3984
Snapshot 0216 | MRR 0.3740
Snapshot 0217 | MRR 0.1936
Snapshot 0218 | MRR 0.0309
Snapshot 0219 | MRR 0.1328
Snapshot 0220 | MRR 0.1565
Snapshot 0221 | MRR 0.0776
Snapshot 0222 | MRR 0.2726
Snapshot 0223 | MRR 0.1587
Snapshot 0224 | MRR 0.3606
Snapshot 0225 | MRR 0.2319
Snapshot 0226 | MRR 0.0546
Snapshot 0227 | MRR 0.4841
Snapshot 0228 | MRR 0.0401
Snapshot 0229 | MRR 0.0325
Snapshot 0230 | MRR 0.1203
Snapshot 0231 | MRR 0.1131
Snapshot 0232 | MRR 0.3397
Snapshot 0233 | MRR 0.0805
Snapshot 0234 | MRR 0.2941
Snapshot 0235 | MRR 0.1980
Snapshot 0236 | MRR 0.2782
Snapshot 0237 | MRR 0.4216
Snapshot 0238 | MRR 0.4406
Snapshot 0239 | MRR 0.1383
Snapshot 0240 | MRR 0.1510
Snapshot 0241 | MRR 0.0673
Snapshot 0242 | MRR 0.3517
Snapshot 0243 | MRR 0.1683
Snapshot 0244 | MRR 0.1920
Snapshot 0245 | MRR 0.4081
Snapshot 0246 | MRR 0.2240
Snapshot 0247 | MRR 0.5250
Snapshot 0248 | MRR 0.3602
Snapshot 0249 | MRR 0.0725
Snapshot 0250 | MRR 0.0275
Snapshot 0251 | MRR 0.1528
Snapshot 0252 | MRR 0.2726
Snapshot 0253 | MRR 0.4222
Snapshot 0254 | MRR 0.2935
Snapshot 0255 | MRR 0.0033
Snapshot 0256 | MRR 0.0770
Snapshot 0257 | MRR 0.2939
Snapshot 0258 | MRR 0.0038
Snapshot 0259 | MRR 0.1250
Snapshot 0260 | MRR 0.0692
Snapshot 0261 | MRR 0.1964
Snapshot 0262 | MRR 0.0938
Snapshot 0263 | MRR 0.4111
Snapshot 0264 | MRR 0.0563
Snapshot 0265 | MRR 0.5208
Snapshot 0266 | MRR 0.1756
Snapshot 0267 | MRR 0.3676
Snapshot 0268 | MRR 0.1690
Snapshot 0269 | MRR 0.4479
Snapshot 0270 | MRR 0.2038
Snapshot 0271 | MRR 0.4643
Snapshot 0272 | MRR 0.6735

bitcoin-otc  MRR = 0.205355  (272 eval snapshots)
saved -> results/roland_port/live_update_und-yes_loss-bce/mlp_node-learned_edge-learned/bitcoin-otc/seed3/exp_20260814-221257_lp.json
