
==================================================================
ROLAND pipeline + SiST-GNN encoder
  dataset=reddit-body  mode=live_update  decoder=dot
  node_features=learned  loss=margin  seed=1
==================================================================
  snapshot filter (>= 10 edges): 178 -> 178
  T=178  N=35776  start_compute_mrr=0
  edge features: learned (raw dim 1)
Snapshot 0001 | MRR 0.0093
Snapshot 0002 | MRR 0.2080
Snapshot 0003 | MRR 0.2278
Snapshot 0004 | MRR 0.2927
Snapshot 0005 | MRR 0.2908
Snapshot 0006 | MRR 0.2728
Snapshot 0007 | MRR 0.3179
Snapshot 0008 | MRR 0.3235
Snapshot 0009 | MRR 0.2910
Snapshot 0010 | MRR 0.3276
Snapshot 0011 | MRR 0.3570
Snapshot 0012 | MRR 0.2893
Snapshot 0013 | MRR 0.3232
Snapshot 0014 | MRR 0.3237
Snapshot 0015 | MRR 0.3088
Snapshot 0016 | MRR 0.2942
Snapshot 0017 | MRR 0.3272
Snapshot 0018 | MRR 0.2983
Snapshot 0019 | MRR 0.2911
Snapshot 0020 | MRR 0.3231
Snapshot 0021 | MRR 0.3831
Snapshot 0022 | MRR 0.3204
Snapshot 0023 | MRR 0.3082
Snapshot 0024 | MRR 0.3565
Snapshot 0025 | MRR 0.3592
Snapshot 0026 | MRR 0.3448
Snapshot 0027 | MRR 0.2858
Snapshot 0028 | MRR 0.3286
Snapshot 0029 | MRR 0.3354
Snapshot 0030 | MRR 0.3350
Snapshot 0031 | MRR 0.3374
Snapshot 0032 | MRR 0.3520
Snapshot 0033 | MRR 0.3782
Snapshot 0034 | MRR 0.3863
Snapshot 0035 | MRR 0.3619
Snapshot 0036 | MRR 0.3963
Snapshot 0037 | MRR 0.3460
Snapshot 0038 | MRR 0.3259
Snapshot 0039 | MRR 0.3901
Snapshot 0040 | MRR 0.4526
Snapshot 0041 | MRR 0.3466
Snapshot 0042 | MRR 0.3203
Snapshot 0043 | MRR 0.3895
Snapshot 0044 | MRR 0.3743
Snapshot 0045 | MRR 0.3733
Snapshot 0046 | MRR 0.4064
Snapshot 0047 | MRR 0.3341
Snapshot 0048 | MRR 0.3724
Snapshot 0049 | MRR 0.3789
Snapshot 0050 | MRR 0.3816
Snapshot 0051 | MRR 0.4099
Snapshot 0052 | MRR 0.3841
Snapshot 0053 | MRR 0.3153
Snapshot 0054 | MRR 0.3747
Snapshot 0055 | MRR 0.3343
Snapshot 0056 | MRR 0.3617
Snapshot 0057 | MRR 0.3941
Snapshot 0058 | MRR 0.4042
Snapshot 0059 | MRR 0.3544
Snapshot 0060 | MRR 0.4289
Snapshot 0061 | MRR 0.3535
Snapshot 0062 | MRR 0.3610
Snapshot 0063 | MRR 0.3256
Snapshot 0064 | MRR 0.4143
Snapshot 0065 | MRR 0.3963
Snapshot 0066 | MRR 0.3775
Snapshot 0067 | MRR 0.3769
Snapshot 0068 | MRR 0.3732
Snapshot 0069 | MRR 0.3963
Snapshot 0070 | MRR 0.3422
Snapshot 0071 | MRR 0.3780
Snapshot 0072 | MRR 0.3708
Snapshot 0073 | MRR 0.3788
Snapshot 0074 | MRR 0.3681
Snapshot 0075 | MRR 0.3316
Snapshot 0076 | MRR 0.3961
Snapshot 0077 | MRR 0.3856
Snapshot 0078 | MRR 0.3611
Snapshot 0079 | MRR 0.4026
Snapshot 0080 | MRR 0.3563
Snapshot 0081 | MRR 0.3264
Snapshot 0082 | MRR 0.3602
Snapshot 0083 | MRR 0.3520
Snapshot 0084 | MRR 0.3385
Snapshot 0085 | MRR 0.3895
Snapshot 0086 | MRR 0.3355
Snapshot 0087 | MRR 0.3708
Snapshot 0088 | MRR 0.3592
Snapshot 0089 | MRR 0.4258
Snapshot 0090 | MRR 0.3828
Snapshot 0091 | MRR 0.4062
Snapshot 0092 | MRR 0.4099
Snapshot 0093 | MRR 0.3639
Snapshot 0094 | MRR 0.3979
Snapshot 0095 | MRR 0.4149
Snapshot 0096 | MRR 0.4032
Snapshot 0097 | MRR 0.3922
Snapshot 0098 | MRR 0.4054
Snapshot 0099 | MRR 0.3873
Snapshot 0100 | MRR 0.4252
Snapshot 0101 | MRR 0.4279
Snapshot 0102 | MRR 0.3846
Snapshot 0103 | MRR 0.4191
Snapshot 0104 | MRR 0.4008
Snapshot 0105 | MRR 0.3997
Snapshot 0106 | MRR 0.3176
Snapshot 0107 | MRR 0.3604
Snapshot 0108 | MRR 0.3464
Snapshot 0109 | MRR 0.3205
Snapshot 0110 | MRR 0.3183
Snapshot 0111 | MRR 0.3917
Snapshot 0112 | MRR 0.3711
Snapshot 0113 | MRR 0.4385
Snapshot 0114 | MRR 0.3964
Snapshot 0115 | MRR 0.4087
Snapshot 0116 | MRR 0.3940
Snapshot 0117 | MRR 0.4150
Snapshot 0118 | MRR 0.3869
Snapshot 0119 | MRR 0.3657
Snapshot 0120 | MRR 0.4232
Snapshot 0121 | MRR 0.3639
Snapshot 0122 | MRR 0.4453
Snapshot 0123 | MRR 0.4026
Snapshot 0124 | MRR 0.3687
Snapshot 0125 | MRR 0.4157
Snapshot 0126 | MRR 0.4020
Snapshot 0127 | MRR 0.4296
Snapshot 0128 | MRR 0.3925
Snapshot 0129 | MRR 0.4147
Snapshot 0130 | MRR 0.3761
Snapshot 0131 | MRR 0.3376
Snapshot 0132 | MRR 0.3563
Snapshot 0133 | MRR 0.3558
Snapshot 0134 | MRR 0.4118
Snapshot 0135 | MRR 0.3971
Snapshot 0136 | MRR 0.3854
Snapshot 0137 | MRR 0.3550
Snapshot 0138 | MRR 0.3912
Snapshot 0139 | MRR 0.4445
Snapshot 0140 | MRR 0.4115
Snapshot 0141 | MRR 0.4004
Snapshot 0142 | MRR 0.3707
Snapshot 0143 | MRR 0.4001
Snapshot 0144 | MRR 0.3970
Snapshot 0145 | MRR 0.3872
Snapshot 0146 | MRR 0.4066
Snapshot 0147 | MRR 0.3996
Snapshot 0148 | MRR 0.3641
Snapshot 0149 | MRR 0.4362
Snapshot 0150 | MRR 0.4470
Snapshot 0151 | MRR 0.4194
Snapshot 0152 | MRR 0.3967
Snapshot 0153 | MRR 0.4023
Snapshot 0154 | MRR 0.3923
Snapshot 0155 | MRR 0.4209
Snapshot 0156 | MRR 0.4536
Snapshot 0157 | MRR 0.4403
Snapshot 0158 | MRR 0.3372
Snapshot 0159 | MRR 0.3686
Snapshot 0160 | MRR 0.2490
Snapshot 0161 | MRR 0.2520
Snapshot 0162 | MRR 0.3371
Snapshot 0163 | MRR 0.3770
Snapshot 0164 | MRR 0.4448
Snapshot 0165 | MRR 0.3892
Snapshot 0166 | MRR 0.4014
Snapshot 0167 | MRR 0.4072
Snapshot 0168 | MRR 0.4359
Snapshot 0169 | MRR 0.4624
Snapshot 0170 | MRR 0.4138
Snapshot 0171 | MRR 0.4485
Snapshot 0172 | MRR 0.4043
Snapshot 0173 | MRR 0.3876
Snapshot 0174 | MRR 0.3760
Snapshot 0175 | MRR 0.3690
Snapshot 0176 | MRR 0.4221
Snapshot 0177 | MRR 0.4780

reddit-body  MRR = 0.370349  (177 eval snapshots)
saved -> results/roland_port/live_update_und-yes_loss-margin/dot_node-learned_edge-learned/reddit-body/seed1/exp_20260815-092746_lp.json
