
==================================================================
ROLAND pipeline + SiST-GNN encoder
  dataset=reddit-title  mode=live_update  decoder=mlp
  node_features=learned  loss=margin  seed=2
==================================================================
  snapshot filter (>= 10 edges): 178 -> 178
  T=178  N=54075  start_compute_mrr=0
  edge features: learned (raw dim 1)
Snapshot 0001 | MRR 0.0073
Snapshot 0002 | MRR 0.4500
Snapshot 0003 | MRR 0.4037
Snapshot 0004 | MRR 0.4096
Snapshot 0005 | MRR 0.3785
Snapshot 0006 | MRR 0.4124
Snapshot 0007 | MRR 0.4718
Snapshot 0008 | MRR 0.3943
Snapshot 0009 | MRR 0.4148
Snapshot 0010 | MRR 0.4514
Snapshot 0011 | MRR 0.3733
Snapshot 0012 | MRR 0.4133
Snapshot 0013 | MRR 0.3890
Snapshot 0014 | MRR 0.3685
Snapshot 0015 | MRR 0.4429
Snapshot 0016 | MRR 0.4897
Snapshot 0017 | MRR 0.3914
Snapshot 0018 | MRR 0.4702
Snapshot 0019 | MRR 0.4230
Snapshot 0020 | MRR 0.4029
Snapshot 0021 | MRR 0.4162
Snapshot 0022 | MRR 0.3764
Snapshot 0023 | MRR 0.3902
Snapshot 0024 | MRR 0.4318
Snapshot 0025 | MRR 0.3893
Snapshot 0026 | MRR 0.4062
Snapshot 0027 | MRR 0.4335
Snapshot 0028 | MRR 0.4495
Snapshot 0029 | MRR 0.4157
Snapshot 0030 | MRR 0.4134
Snapshot 0031 | MRR 0.4287
Snapshot 0032 | MRR 0.4474
Snapshot 0033 | MRR 0.4314
Snapshot 0034 | MRR 0.4020
Snapshot 0035 | MRR 0.4212
Snapshot 0036 | MRR 0.3907
Snapshot 0037 | MRR 0.4332
Snapshot 0038 | MRR 0.4193
Snapshot 0039 | MRR 0.4529
Snapshot 0040 | MRR 0.4661
Snapshot 0041 | MRR 0.4273
Snapshot 0042 | MRR 0.3969
Snapshot 0043 | MRR 0.4186
Snapshot 0044 | MRR 0.4542
Snapshot 0045 | MRR 0.4452
Snapshot 0046 | MRR 0.4272
Snapshot 0047 | MRR 0.4745
Snapshot 0048 | MRR 0.4072
Snapshot 0049 | MRR 0.4245
Snapshot 0050 | MRR 0.4060
Snapshot 0051 | MRR 0.4307
Snapshot 0052 | MRR 0.4197
Snapshot 0053 | MRR 0.4427
Snapshot 0054 | MRR 0.3650
Snapshot 0055 | MRR 0.3826
Snapshot 0056 | MRR 0.4332
Snapshot 0057 | MRR 0.4148
Snapshot 0058 | MRR 0.4154
Snapshot 0059 | MRR 0.4334
Snapshot 0060 | MRR 0.4926
Snapshot 0061 | MRR 0.4188
Snapshot 0062 | MRR 0.4446
Snapshot 0063 | MRR 0.4693
Snapshot 0064 | MRR 0.4265
Snapshot 0065 | MRR 0.4353
Snapshot 0066 | MRR 0.4029
Snapshot 0067 | MRR 0.4003
Snapshot 0068 | MRR 0.4334
Snapshot 0069 | MRR 0.4156
Snapshot 0070 | MRR 0.3981
Snapshot 0071 | MRR 0.4050
Snapshot 0072 | MRR 0.4237
Snapshot 0073 | MRR 0.4057
Snapshot 0074 | MRR 0.4150
Snapshot 0075 | MRR 0.4576
Snapshot 0076 | MRR 0.4036
Snapshot 0077 | MRR 0.4709
Snapshot 0078 | MRR 0.4294
Snapshot 0079 | MRR 0.4606
Snapshot 0080 | MRR 0.4371
Snapshot 0081 | MRR 0.4146
Snapshot 0082 | MRR 0.4215
Snapshot 0083 | MRR 0.4568
Snapshot 0084 | MRR 0.4063
Snapshot 0085 | MRR 0.4420
Snapshot 0086 | MRR 0.4503
Snapshot 0087 | MRR 0.4365
Snapshot 0088 | MRR 0.4296
Snapshot 0089 | MRR 0.4337
Snapshot 0090 | MRR 0.4105
Snapshot 0091 | MRR 0.4195
Snapshot 0092 | MRR 0.4104
Snapshot 0093 | MRR 0.4368
Snapshot 0094 | MRR 0.4301
Snapshot 0095 | MRR 0.4574
Snapshot 0096 | MRR 0.4541
Snapshot 0097 | MRR 0.4693
Snapshot 0098 | MRR 0.4199
Snapshot 0099 | MRR 0.4406
Snapshot 0100 | MRR 0.4597
Snapshot 0101 | MRR 0.4764
Snapshot 0102 | MRR 0.4132
Snapshot 0103 | MRR 0.4720
Snapshot 0104 | MRR 0.4564
Snapshot 0105 | MRR 0.4140
Snapshot 0106 | MRR 0.4277
Snapshot 0107 | MRR 0.4082
Snapshot 0108 | MRR 0.3511
Snapshot 0109 | MRR 0.4435
Snapshot 0110 | MRR 0.4336
Snapshot 0111 | MRR 0.4052
Snapshot 0112 | MRR 0.4040
Snapshot 0113 | MRR 0.4325
Snapshot 0114 | MRR 0.4349
Snapshot 0115 | MRR 0.4309
Snapshot 0116 | MRR 0.4337
Snapshot 0117 | MRR 0.4296
Snapshot 0118 | MRR 0.4195
Snapshot 0119 | MRR 0.4481
Snapshot 0120 | MRR 0.4073
Snapshot 0121 | MRR 0.3991
Snapshot 0122 | MRR 0.3958
Snapshot 0123 | MRR 0.4351
Snapshot 0124 | MRR 0.4244
Snapshot 0125 | MRR 0.4268
Snapshot 0126 | MRR 0.4185
Snapshot 0127 | MRR 0.4518
Snapshot 0128 | MRR 0.4475
Snapshot 0129 | MRR 0.4376
Snapshot 0130 | MRR 0.4627
Snapshot 0131 | MRR 0.4255
Snapshot 0132 | MRR 0.4282
Snapshot 0133 | MRR 0.4056
Snapshot 0134 | MRR 0.4450
Snapshot 0135 | MRR 0.4362
Snapshot 0136 | MRR 0.4356
Snapshot 0137 | MRR 0.4605
Snapshot 0138 | MRR 0.4472
Snapshot 0139 | MRR 0.4374
Snapshot 0140 | MRR 0.4456
Snapshot 0141 | MRR 0.4599
Snapshot 0142 | MRR 0.4018
Snapshot 0143 | MRR 0.4391
Snapshot 0144 | MRR 0.3963
Snapshot 0145 | MRR 0.4477
Snapshot 0146 | MRR 0.4336
Snapshot 0147 | MRR 0.4316
Snapshot 0148 | MRR 0.4272
Snapshot 0149 | MRR 0.4673
Snapshot 0150 | MRR 0.4379
Snapshot 0151 | MRR 0.4477
Snapshot 0152 | MRR 0.4423
Snapshot 0153 | MRR 0.4635
Snapshot 0154 | MRR 0.4930
Snapshot 0155 | MRR 0.3857
Snapshot 0156 | MRR 0.4480
Snapshot 0157 | MRR 0.4371
Snapshot 0158 | MRR 0.4424
Snapshot 0159 | MRR 0.4511
Snapshot 0160 | MRR 0.4627
Snapshot 0161 | MRR 0.2951
Snapshot 0162 | MRR 0.4124
Snapshot 0163 | MRR 0.4349
Snapshot 0164 | MRR 0.4397
Snapshot 0165 | MRR 0.4269
Snapshot 0166 | MRR 0.4164
Snapshot 0167 | MRR 0.4764
Snapshot 0168 | MRR 0.4092
Snapshot 0169 | MRR 0.4378
Snapshot 0170 | MRR 0.4626
Snapshot 0171 | MRR 0.4153
Snapshot 0172 | MRR 0.4277
Snapshot 0173 | MRR 0.3918
Snapshot 0174 | MRR 0.4518
Snapshot 0175 | MRR 0.4396
Snapshot 0176 | MRR 0.4500
Snapshot 0177 | MRR 0.4401

reddit-title  MRR = 0.425930  (177 eval snapshots)
saved -> results/roland_port/live_update_und-yes_loss-margin/mlp_node-learned_edge-learned/reddit-title/seed2/exp_20260815-085050_lp.json
