
==================================================================
ROLAND pipeline + SiST-GNN encoder
  dataset=uci-message  mode=live_update_fixed_split  decoder=dot
  node_features=constant  seed=4
==================================================================
  T=89  N=1899  start_compute_mrr=72
  edge features: learned (raw dim 1)
Snapshot 0072 | MRR 0.2584
Snapshot 0073 | MRR 0.2209
Snapshot 0074 | MRR 0.2207
Snapshot 0075 | MRR 0.2316
Snapshot 0076 | MRR 0.2591
Snapshot 0077 | MRR 0.2229
Snapshot 0078 | MRR 0.3015
Snapshot 0079 | MRR 0.1601
Snapshot 0080 | MRR 0.1976
Snapshot 0081 | MRR 0.2000
Snapshot 0082 | MRR 0.1143
Snapshot 0083 | MRR 0.1850
Snapshot 0084 | MRR 0.1508
Snapshot 0085 | MRR 0.0283
Snapshot 0086 | MRR 0.1679
Snapshot 0087 | MRR 0.1285
Snapshot 0088 | MRR 0.1381

uci-message  MRR = 0.187405  (17 eval snapshots)
saved -> results/roland_port/live_update_fixed_split/dot_node-constant_edge-learned/uci-message/seed4/exp_20260813-144341_lp.json
