
==================================================================
ROLAND pipeline + SiST-GNN encoder
  dataset=bitcoin-alpha  mode=live_update  decoder=dot
  node_features=learned  loss=bce  seed=1
==================================================================
  snapshot filter (>= 10 edges): 274 -> 254
  T=254  N=3783  start_compute_mrr=0
  edge features: learned (raw dim 2)
Snapshot 0001 | MRR 0.0068
Snapshot 0002 | MRR 0.0010
Snapshot 0003 | MRR 0.0042
Snapshot 0004 | MRR 0.0010
Snapshot 0005 | MRR 0.2500
Snapshot 0006 | MRR 0.0011
Snapshot 0007 | MRR 0.0761
Snapshot 0008 | MRR 0.0852
Snapshot 0009 | MRR 0.0052
Snapshot 0010 | MRR 0.2143
Snapshot 0011 | MRR 0.0018
Snapshot 0012 | MRR 0.3760
Snapshot 0013 | MRR 0.1886
Snapshot 0014 | MRR 0.1628
Snapshot 0015 | MRR 0.1483
Snapshot 0016 | MRR 0.0375
Snapshot 0017 | MRR 0.0918
Snapshot 0018 | MRR 0.0502
Snapshot 0019 | MRR 0.0551
Snapshot 0020 | MRR 0.0758
Snapshot 0021 | MRR 0.1406
Snapshot 0022 | MRR 0.0933
Snapshot 0023 | MRR 0.1431
Snapshot 0024 | MRR 0.0756
Snapshot 0025 | MRR 0.0625
Snapshot 0026 | MRR 0.0944
Snapshot 0027 | MRR 0.0554
Snapshot 0028 | MRR 0.0140
Snapshot 0029 | MRR 0.0234
Snapshot 0030 | MRR 0.0591
Snapshot 0031 | MRR 0.0385
Snapshot 0032 | MRR 0.0111
Snapshot 0033 | MRR 0.0677
Snapshot 0034 | MRR 0.1067
Snapshot 0035 | MRR 0.0204
Snapshot 0036 | MRR 0.0635
Snapshot 0037 | MRR 0.0902
Snapshot 0038 | MRR 0.0819
Snapshot 0039 | MRR 0.1300
Snapshot 0040 | MRR 0.0456
Snapshot 0041 | MRR 0.1953
Snapshot 0042 | MRR 0.0270
Snapshot 0043 | MRR 0.0834
Snapshot 0044 | MRR 0.0476
Snapshot 0045 | MRR 0.0499
Snapshot 0046 | MRR 0.0315
Snapshot 0047 | MRR 0.0386
Snapshot 0048 | MRR 0.0072
Snapshot 0049 | MRR 0.0292
Snapshot 0050 | MRR 0.0870
Snapshot 0051 | MRR 0.0024
Snapshot 0052 | MRR 0.0669
Snapshot 0053 | MRR 0.0613
Snapshot 0054 | MRR 0.1189
Snapshot 0055 | MRR 0.0839
Snapshot 0056 | MRR 0.0930
Snapshot 0057 | MRR 0.0177
Snapshot 0058 | MRR 0.1728
Snapshot 0059 | MRR 0.0869
Snapshot 0060 | MRR 0.2222
Snapshot 0061 | MRR 0.0175
Snapshot 0062 | MRR 0.0862
Snapshot 0063 | MRR 0.0882
Snapshot 0064 | MRR 0.0190
Snapshot 0065 | MRR 0.0508
Snapshot 0066 | MRR 0.1089
Snapshot 0067 | MRR 0.0337
Snapshot 0068 | MRR 0.0615
Snapshot 0069 | MRR 0.1645
Snapshot 0070 | MRR 0.0764
Snapshot 0071 | MRR 0.0256
Snapshot 0072 | MRR 0.1881
Snapshot 0073 | MRR 0.0369
Snapshot 0074 | MRR 0.0552
Snapshot 0075 | MRR 0.0299
Snapshot 0076 | MRR 0.0628
Snapshot 0077 | MRR 0.1203
Snapshot 0078 | MRR 0.0616
Snapshot 0079 | MRR 0.0468
Snapshot 0080 | MRR 0.0200
Snapshot 0081 | MRR 0.0569
Snapshot 0082 | MRR 0.0631
Snapshot 0083 | MRR 0.0226
Snapshot 0084 | MRR 0.0428
Snapshot 0085 | MRR 0.0058
Snapshot 0086 | MRR 0.0451
Snapshot 0087 | MRR 0.0332
Snapshot 0088 | MRR 0.0729
Snapshot 0089 | MRR 0.0824
Snapshot 0090 | MRR 0.0434
Snapshot 0091 | MRR 0.0600
Snapshot 0092 | MRR 0.0571
Snapshot 0093 | MRR 0.0476
Snapshot 0094 | MRR 0.0340
Snapshot 0095 | MRR 0.1267
Snapshot 0096 | MRR 0.0543
Snapshot 0097 | MRR 0.0728
Snapshot 0098 | MRR 0.0809
Snapshot 0099 | MRR 0.0461
Snapshot 0100 | MRR 0.0279
Snapshot 0101 | MRR 0.0776
Snapshot 0102 | MRR 0.0216
Snapshot 0103 | MRR 0.0395
Snapshot 0104 | MRR 0.0264
Snapshot 0105 | MRR 0.1147
Snapshot 0106 | MRR 0.0050
Snapshot 0107 | MRR 0.1052
Snapshot 0108 | MRR 0.2117
Snapshot 0109 | MRR 0.0328
Snapshot 0110 | MRR 0.0257
Snapshot 0111 | MRR 0.0444
Snapshot 0112 | MRR 0.0270
Snapshot 0113 | MRR 0.0224
Snapshot 0114 | MRR 0.1053
Snapshot 0115 | MRR 0.0311
Snapshot 0116 | MRR 0.0661
Snapshot 0117 | MRR 0.0216
Snapshot 0118 | MRR 0.0325
Snapshot 0119 | MRR 0.0333
Snapshot 0120 | MRR 0.0900
Snapshot 0121 | MRR 0.0797
Snapshot 0122 | MRR 0.0179
Snapshot 0123 | MRR 0.0255
Snapshot 0124 | MRR 0.0900
Snapshot 0125 | MRR 0.0364
Snapshot 0126 | MRR 0.0751
Snapshot 0127 | MRR 0.0422
Snapshot 0128 | MRR 0.0406
Snapshot 0129 | MRR 0.0115
Snapshot 0130 | MRR 0.0182
Snapshot 0131 | MRR 0.0211
Snapshot 0132 | MRR 0.0347
Snapshot 0133 | MRR 0.0072
Snapshot 0134 | MRR 0.0706
Snapshot 0135 | MRR 0.0840
Snapshot 0136 | MRR 0.0181
Snapshot 0137 | MRR 0.0255
Snapshot 0138 | MRR 0.0077
Snapshot 0139 | MRR 0.0166
Snapshot 0140 | MRR 0.0323
Snapshot 0141 | MRR 0.0269
Snapshot 0142 | MRR 0.0394
Snapshot 0143 | MRR 0.3086
Snapshot 0144 | MRR 0.0529
Snapshot 0145 | MRR 0.0560
Snapshot 0146 | MRR 0.0496
Snapshot 0147 | MRR 0.0625
Snapshot 0148 | MRR 0.1387
Snapshot 0149 | MRR 0.0260
Snapshot 0150 | MRR 0.0471
Snapshot 0151 | MRR 0.2699
Snapshot 0152 | MRR 0.0219
Snapshot 0153 | MRR 0.0917
Snapshot 0154 | MRR 0.0259
Snapshot 0155 | MRR 0.0100
Snapshot 0156 | MRR 0.0457
Snapshot 0157 | MRR 0.1405
Snapshot 0158 | MRR 0.0519
Snapshot 0159 | MRR 0.1011
Snapshot 0160 | MRR 0.0522
Snapshot 0161 | MRR 0.0805
Snapshot 0162 | MRR 0.0592
Snapshot 0163 | MRR 0.0247
Snapshot 0164 | MRR 0.0973
Snapshot 0165 | MRR 0.0197
Snapshot 0166 | MRR 0.3355
Snapshot 0167 | MRR 0.0152
Snapshot 0168 | MRR 0.1585
Snapshot 0169 | MRR 0.0054
Snapshot 0170 | MRR 0.0172
Snapshot 0171 | MRR 0.0190
Snapshot 0172 | MRR 0.0476
Snapshot 0173 | MRR 0.0262
Snapshot 0174 | MRR 0.0782
Snapshot 0175 | MRR 0.0644
Snapshot 0176 | MRR 0.0103
Snapshot 0177 | MRR 0.1797
Snapshot 0178 | MRR 0.0097
Snapshot 0179 | MRR 0.0061
Snapshot 0180 | MRR 0.1109
Snapshot 0181 | MRR 0.0794
Snapshot 0182 | MRR 0.0264
Snapshot 0183 | MRR 0.0583
Snapshot 0184 | MRR 0.0334
Snapshot 0185 | MRR 0.0226
Snapshot 0186 | MRR 0.0919
Snapshot 0187 | MRR 0.0293
Snapshot 0188 | MRR 0.0286
Snapshot 0189 | MRR 0.0346
Snapshot 0190 | MRR 0.0742
Snapshot 0191 | MRR 0.0552
Snapshot 0192 | MRR 0.1153
Snapshot 0193 | MRR 0.0125
Snapshot 0194 | MRR 0.1307
Snapshot 0195 | MRR 0.0242
Snapshot 0196 | MRR 0.0283
Snapshot 0197 | MRR 0.0407
Snapshot 0198 | MRR 0.1849
Snapshot 0199 | MRR 0.0767
Snapshot 0200 | MRR 0.0120
Snapshot 0201 | MRR 0.0651
Snapshot 0202 | MRR 0.0256
Snapshot 0203 | MRR 0.0088
Snapshot 0204 | MRR 0.1454
Snapshot 0205 | MRR 0.0119
Snapshot 0206 | MRR 0.0401
Snapshot 0207 | MRR 0.0405
Snapshot 0208 | MRR 0.0083
Snapshot 0209 | MRR 0.1336
Snapshot 0210 | MRR 0.0213
Snapshot 0211 | MRR 0.1498
Snapshot 0212 | MRR 0.0894
Snapshot 0213 | MRR 0.0281
Snapshot 0214 | MRR 0.1908
Snapshot 0215 | MRR 0.2021
Snapshot 0216 | MRR 0.0835
Snapshot 0217 | MRR 0.0652
Snapshot 0218 | MRR 0.0335
Snapshot 0219 | MRR 0.0974
Snapshot 0220 | MRR 0.0443
Snapshot 0221 | MRR 0.0062
Snapshot 0222 | MRR 0.5006
Snapshot 0223 | MRR 0.0012
Snapshot 0224 | MRR 0.3345
Snapshot 0225 | MRR 0.0043
Snapshot 0226 | MRR 0.0020
Snapshot 0227 | MRR 0.0683
Snapshot 0228 | MRR 0.3451
Snapshot 0229 | MRR 0.0424
Snapshot 0230 | MRR 0.0031
Snapshot 0231 | MRR 0.3165
Snapshot 0232 | MRR 0.0079
Snapshot 0233 | MRR 0.0010
Snapshot 0234 | MRR 0.0010
Snapshot 0235 | MRR 0.0102
Snapshot 0236 | MRR 0.1485
Snapshot 0237 | MRR 0.0097
Snapshot 0238 | MRR 0.0561
Snapshot 0239 | MRR 0.0043
Snapshot 0240 | MRR 0.0048
Snapshot 0241 | MRR 0.0034
Snapshot 0242 | MRR 0.1146
Snapshot 0243 | MRR 0.0010
Snapshot 0244 | MRR 0.2167
Snapshot 0245 | MRR 0.0010
Snapshot 0246 | MRR 0.1194
Snapshot 0247 | MRR 0.0079
Snapshot 0248 | MRR 0.0031
Snapshot 0249 | MRR 0.0022
Snapshot 0250 | MRR 0.0010
Snapshot 0251 | MRR 0.0167
Snapshot 0252 | MRR 0.0562
Snapshot 0253 | MRR 0.0111

bitcoin-alpha  MRR = 0.067751  (253 eval snapshots)
saved -> results/roland_port/live_update_und-yes_loss-bce/dot_node-learned_edge-learned/bitcoin-alpha/seed1/exp_20260814-185435_lp.json
