
==================================================================
ROLAND pipeline + SiST-GNN encoder
  dataset=reddit-body  mode=live_update  decoder=dot
  node_features=learned  loss=margin  seed=0
==================================================================
  snapshot filter (>= 10 edges): 178 -> 178
  T=178  N=35776  start_compute_mrr=0
  edge features: learned (raw dim 1)
Snapshot 0001 | MRR 0.0256
Snapshot 0002 | MRR 0.1529
Snapshot 0003 | MRR 0.2357
Snapshot 0004 | MRR 0.3093
Snapshot 0005 | MRR 0.2979
Snapshot 0006 | MRR 0.3144
Snapshot 0007 | MRR 0.2588
Snapshot 0008 | MRR 0.2589
Snapshot 0009 | MRR 0.2873
Snapshot 0010 | MRR 0.2293
Snapshot 0011 | MRR 0.3506
Snapshot 0012 | MRR 0.3161
Snapshot 0013 | MRR 0.2803
Snapshot 0014 | MRR 0.3213
Snapshot 0015 | MRR 0.2856
Snapshot 0016 | MRR 0.3462
Snapshot 0017 | MRR 0.2989
Snapshot 0018 | MRR 0.3371
Snapshot 0019 | MRR 0.3197
Snapshot 0020 | MRR 0.3001
Snapshot 0021 | MRR 0.3390
Snapshot 0022 | MRR 0.3285
Snapshot 0023 | MRR 0.3036
Snapshot 0024 | MRR 0.2889
Snapshot 0025 | MRR 0.3334
Snapshot 0026 | MRR 0.3141
Snapshot 0027 | MRR 0.3146
Snapshot 0028 | MRR 0.3259
Snapshot 0029 | MRR 0.2954
Snapshot 0030 | MRR 0.3251
Snapshot 0031 | MRR 0.3734
Snapshot 0032 | MRR 0.3645
Snapshot 0033 | MRR 0.3164
Snapshot 0034 | MRR 0.2775
Snapshot 0035 | MRR 0.3981
Snapshot 0036 | MRR 0.3674
Snapshot 0037 | MRR 0.3475
Snapshot 0038 | MRR 0.3618
Snapshot 0039 | MRR 0.3525
Snapshot 0040 | MRR 0.3593
Snapshot 0041 | MRR 0.3737
Snapshot 0042 | MRR 0.3476
Snapshot 0043 | MRR 0.3476
Snapshot 0044 | MRR 0.4017
Snapshot 0045 | MRR 0.3326
Snapshot 0046 | MRR 0.3737
Snapshot 0047 | MRR 0.3564
Snapshot 0048 | MRR 0.4281
Snapshot 0049 | MRR 0.3504
Snapshot 0050 | MRR 0.3623
Snapshot 0051 | MRR 0.3537
Snapshot 0052 | MRR 0.3836
Snapshot 0053 | MRR 0.3338
Snapshot 0054 | MRR 0.3129
Snapshot 0055 | MRR 0.3743
Snapshot 0056 | MRR 0.3831
Snapshot 0057 | MRR 0.3533
Snapshot 0058 | MRR 0.4205
Snapshot 0059 | MRR 0.3690
Snapshot 0060 | MRR 0.3324
Snapshot 0061 | MRR 0.3664
Snapshot 0062 | MRR 0.4065
Snapshot 0063 | MRR 0.3633
Snapshot 0064 | MRR 0.3164
Snapshot 0065 | MRR 0.3715
Snapshot 0066 | MRR 0.3362
Snapshot 0067 | MRR 0.4085
Snapshot 0068 | MRR 0.2982
Snapshot 0069 | MRR 0.3714
Snapshot 0070 | MRR 0.3819
Snapshot 0071 | MRR 0.3590
Snapshot 0072 | MRR 0.3851
Snapshot 0073 | MRR 0.3749
Snapshot 0074 | MRR 0.3849
Snapshot 0075 | MRR 0.3805
Snapshot 0076 | MRR 0.3608
Snapshot 0077 | MRR 0.3478
Snapshot 0078 | MRR 0.4065
Snapshot 0079 | MRR 0.3867
Snapshot 0080 | MRR 0.3657
Snapshot 0081 | MRR 0.3561
Snapshot 0082 | MRR 0.3384
Snapshot 0083 | MRR 0.3162
Snapshot 0084 | MRR 0.3526
Snapshot 0085 | MRR 0.3944
Snapshot 0086 | MRR 0.3623
Snapshot 0087 | MRR 0.3367
Snapshot 0088 | MRR 0.3570
Snapshot 0089 | MRR 0.3893
Snapshot 0090 | MRR 0.3939
Snapshot 0091 | MRR 0.3761
Snapshot 0092 | MRR 0.3855
Snapshot 0093 | MRR 0.4065
Snapshot 0094 | MRR 0.3616
Snapshot 0095 | MRR 0.3350
Snapshot 0096 | MRR 0.3697
Snapshot 0097 | MRR 0.4497
Snapshot 0098 | MRR 0.4390
Snapshot 0099 | MRR 0.3708
Snapshot 0100 | MRR 0.3889
Snapshot 0101 | MRR 0.3517
Snapshot 0102 | MRR 0.3683
Snapshot 0103 | MRR 0.3653
Snapshot 0104 | MRR 0.4010
Snapshot 0105 | MRR 0.3690
Snapshot 0106 | MRR 0.3299
Snapshot 0107 | MRR 0.3668
Snapshot 0108 | MRR 0.3626
Snapshot 0109 | MRR 0.3558
Snapshot 0110 | MRR 0.4041
Snapshot 0111 | MRR 0.4055
Snapshot 0112 | MRR 0.4078
Snapshot 0113 | MRR 0.3728
Snapshot 0114 | MRR 0.4231
Snapshot 0115 | MRR 0.3919
Snapshot 0116 | MRR 0.4038
Snapshot 0117 | MRR 0.4041
Snapshot 0118 | MRR 0.3876
Snapshot 0119 | MRR 0.4145
Snapshot 0120 | MRR 0.3922
Snapshot 0121 | MRR 0.3619
Snapshot 0122 | MRR 0.4216
Snapshot 0123 | MRR 0.4202
Snapshot 0124 | MRR 0.3859
Snapshot 0125 | MRR 0.3966
Snapshot 0126 | MRR 0.3925
Snapshot 0127 | MRR 0.3842
Snapshot 0128 | MRR 0.3772
Snapshot 0129 | MRR 0.4252
Snapshot 0130 | MRR 0.3875
Snapshot 0131 | MRR 0.3537
Snapshot 0132 | MRR 0.3309
Snapshot 0133 | MRR 0.3828
Snapshot 0134 | MRR 0.3389
Snapshot 0135 | MRR 0.3801
Snapshot 0136 | MRR 0.3872
Snapshot 0137 | MRR 0.3677
Snapshot 0138 | MRR 0.4126
Snapshot 0139 | MRR 0.4265
Snapshot 0140 | MRR 0.3799
Snapshot 0141 | MRR 0.4256
Snapshot 0142 | MRR 0.3727
Snapshot 0143 | MRR 0.4001
Snapshot 0144 | MRR 0.4465
Snapshot 0145 | MRR 0.3724
Snapshot 0146 | MRR 0.3939
Snapshot 0147 | MRR 0.3710
Snapshot 0148 | MRR 0.4031
Snapshot 0149 | MRR 0.4509
Snapshot 0150 | MRR 0.4111
Snapshot 0151 | MRR 0.4143
Snapshot 0152 | MRR 0.3651
Snapshot 0153 | MRR 0.3984
Snapshot 0154 | MRR 0.3508
Snapshot 0155 | MRR 0.4440
Snapshot 0156 | MRR 0.3977
Snapshot 0157 | MRR 0.4550
Snapshot 0158 | MRR 0.3682
Snapshot 0159 | MRR 0.3810
Snapshot 0160 | MRR 0.3843
Snapshot 0161 | MRR 0.2980
Snapshot 0162 | MRR 0.3656
Snapshot 0163 | MRR 0.3873
Snapshot 0164 | MRR 0.3967
Snapshot 0165 | MRR 0.4184
Snapshot 0166 | MRR 0.4264
Snapshot 0167 | MRR 0.4296
Snapshot 0168 | MRR 0.4222
Snapshot 0169 | MRR 0.3954
Snapshot 0170 | MRR 0.4123
Snapshot 0171 | MRR 0.4501
Snapshot 0172 | MRR 0.3829
Snapshot 0173 | MRR 0.3913
Snapshot 0174 | MRR 0.3753
Snapshot 0175 | MRR 0.4631
Snapshot 0176 | MRR 0.4064
Snapshot 0177 | MRR 0.4193

reddit-body  MRR = 0.364930  (177 eval snapshots)
saved -> results/roland_port/live_update_und-yes_loss-margin/dot_node-learned_edge-learned/reddit-body/seed0/exp_20260815-091914_lp.json
