
==================================================================
ROLAND pipeline + SiST-GNN encoder
  dataset=reddit-title  mode=live_update  decoder=mlp
  node_features=learned  loss=margin  seed=3
==================================================================
  snapshot filter (>= 10 edges): 178 -> 178
  T=178  N=54075  start_compute_mrr=0
  edge features: learned (raw dim 1)
Snapshot 0001 | MRR 0.2352
Snapshot 0002 | MRR 0.4466
Snapshot 0003 | MRR 0.4423
Snapshot 0004 | MRR 0.4275
Snapshot 0005 | MRR 0.4018
Snapshot 0006 | MRR 0.4554
Snapshot 0007 | MRR 0.4211
Snapshot 0008 | MRR 0.4292
Snapshot 0009 | MRR 0.4309
Snapshot 0010 | MRR 0.4541
Snapshot 0011 | MRR 0.4271
Snapshot 0012 | MRR 0.4264
Snapshot 0013 | MRR 0.4206
Snapshot 0014 | MRR 0.3934
Snapshot 0015 | MRR 0.3839
Snapshot 0016 | MRR 0.4292
Snapshot 0017 | MRR 0.4268
Snapshot 0018 | MRR 0.4208
Snapshot 0019 | MRR 0.4190
Snapshot 0020 | MRR 0.4457
Snapshot 0021 | MRR 0.4249
Snapshot 0022 | MRR 0.4041
Snapshot 0023 | MRR 0.4401
Snapshot 0024 | MRR 0.4797
Snapshot 0025 | MRR 0.4227
Snapshot 0026 | MRR 0.4074
Snapshot 0027 | MRR 0.4188
Snapshot 0028 | MRR 0.4029
Snapshot 0029 | MRR 0.4031
Snapshot 0030 | MRR 0.4220
Snapshot 0031 | MRR 0.4385
Snapshot 0032 | MRR 0.4206
Snapshot 0033 | MRR 0.3981
Snapshot 0034 | MRR 0.4154
Snapshot 0035 | MRR 0.3975
Snapshot 0036 | MRR 0.3869
Snapshot 0037 | MRR 0.4045
Snapshot 0038 | MRR 0.4093
Snapshot 0039 | MRR 0.4265
Snapshot 0040 | MRR 0.4154
Snapshot 0041 | MRR 0.3827
Snapshot 0042 | MRR 0.4423
Snapshot 0043 | MRR 0.3986
Snapshot 0044 | MRR 0.4526
Snapshot 0045 | MRR 0.4606
Snapshot 0046 | MRR 0.4208
Snapshot 0047 | MRR 0.4489
Snapshot 0048 | MRR 0.4684
Snapshot 0049 | MRR 0.4315
Snapshot 0050 | MRR 0.4305
Snapshot 0051 | MRR 0.4328
Snapshot 0052 | MRR 0.4916
Snapshot 0053 | MRR 0.4015
Snapshot 0054 | MRR 0.3058
Snapshot 0055 | MRR 0.3636
Snapshot 0056 | MRR 0.4464
Snapshot 0057 | MRR 0.4520
Snapshot 0058 | MRR 0.4177
Snapshot 0059 | MRR 0.4298
Snapshot 0060 | MRR 0.4082
Snapshot 0061 | MRR 0.4127
Snapshot 0062 | MRR 0.4531
Snapshot 0063 | MRR 0.4351
Snapshot 0064 | MRR 0.4254
Snapshot 0065 | MRR 0.4348
Snapshot 0066 | MRR 0.4067
Snapshot 0067 | MRR 0.4057
Snapshot 0068 | MRR 0.4239
Snapshot 0069 | MRR 0.4387
Snapshot 0070 | MRR 0.4448
Snapshot 0071 | MRR 0.4149
Snapshot 0072 | MRR 0.4334
Snapshot 0073 | MRR 0.4535
Snapshot 0074 | MRR 0.4036
Snapshot 0075 | MRR 0.4674
Snapshot 0076 | MRR 0.4397
Snapshot 0077 | MRR 0.4159
Snapshot 0078 | MRR 0.4241
Snapshot 0079 | MRR 0.4321
Snapshot 0080 | MRR 0.4770
Snapshot 0081 | MRR 0.4056
Snapshot 0082 | MRR 0.4233
Snapshot 0083 | MRR 0.4275
Snapshot 0084 | MRR 0.4339
Snapshot 0085 | MRR 0.4528
Snapshot 0086 | MRR 0.4610
Snapshot 0087 | MRR 0.4334
Snapshot 0088 | MRR 0.4335
Snapshot 0089 | MRR 0.4466
Snapshot 0090 | MRR 0.4041
Snapshot 0091 | MRR 0.4281
Snapshot 0092 | MRR 0.4344
Snapshot 0093 | MRR 0.4522
Snapshot 0094 | MRR 0.4378
Snapshot 0095 | MRR 0.4543
Snapshot 0096 | MRR 0.4336
Snapshot 0097 | MRR 0.4676
Snapshot 0098 | MRR 0.4759
Snapshot 0099 | MRR 0.4676
Snapshot 0100 | MRR 0.4818
Snapshot 0101 | MRR 0.4758
Snapshot 0102 | MRR 0.4733
Snapshot 0103 | MRR 0.4575
Snapshot 0104 | MRR 0.4356
Snapshot 0105 | MRR 0.4595
Snapshot 0106 | MRR 0.4359
Snapshot 0107 | MRR 0.3853
Snapshot 0108 | MRR 0.3913
Snapshot 0109 | MRR 0.4021
Snapshot 0110 | MRR 0.4165
Snapshot 0111 | MRR 0.4471
Snapshot 0112 | MRR 0.4195
Snapshot 0113 | MRR 0.4387
Snapshot 0114 | MRR 0.4562
Snapshot 0115 | MRR 0.4717
Snapshot 0116 | MRR 0.4894
Snapshot 0117 | MRR 0.4684
Snapshot 0118 | MRR 0.4398
Snapshot 0119 | MRR 0.4484
Snapshot 0120 | MRR 0.4280
Snapshot 0121 | MRR 0.4269
Snapshot 0122 | MRR 0.4258
Snapshot 0123 | MRR 0.4714
Snapshot 0124 | MRR 0.4567
Snapshot 0125 | MRR 0.4728
Snapshot 0126 | MRR 0.4500
Snapshot 0127 | MRR 0.4366
Snapshot 0128 | MRR 0.4476
Snapshot 0129 | MRR 0.4285
Snapshot 0130 | MRR 0.4291
Snapshot 0131 | MRR 0.4625
Snapshot 0132 | MRR 0.4393
Snapshot 0133 | MRR 0.4357
Snapshot 0134 | MRR 0.4676
Snapshot 0135 | MRR 0.4244
Snapshot 0136 | MRR 0.4597
Snapshot 0137 | MRR 0.4321
Snapshot 0138 | MRR 0.4526
Snapshot 0139 | MRR 0.4528
Snapshot 0140 | MRR 0.4284
Snapshot 0141 | MRR 0.4618
Snapshot 0142 | MRR 0.5009
Snapshot 0143 | MRR 0.4537
Snapshot 0144 | MRR 0.4545
Snapshot 0145 | MRR 0.4337
Snapshot 0146 | MRR 0.4425
Snapshot 0147 | MRR 0.4325
Snapshot 0148 | MRR 0.4700
Snapshot 0149 | MRR 0.4488
Snapshot 0150 | MRR 0.4942
Snapshot 0151 | MRR 0.4597
Snapshot 0152 | MRR 0.4625
Snapshot 0153 | MRR 0.4602
Snapshot 0154 | MRR 0.4748
Snapshot 0155 | MRR 0.4622
Snapshot 0156 | MRR 0.4696
Snapshot 0157 | MRR 0.4428
Snapshot 0158 | MRR 0.4721
Snapshot 0159 | MRR 0.4849
Snapshot 0160 | MRR 0.4878
Snapshot 0161 | MRR 0.2878
Snapshot 0162 | MRR 0.4276
Snapshot 0163 | MRR 0.4740
Snapshot 0164 | MRR 0.4545
Snapshot 0165 | MRR 0.4499
Snapshot 0166 | MRR 0.4371
Snapshot 0167 | MRR 0.4497
Snapshot 0168 | MRR 0.4374
Snapshot 0169 | MRR 0.4629
Snapshot 0170 | MRR 0.4487
Snapshot 0171 | MRR 0.4488
Snapshot 0172 | MRR 0.4640
Snapshot 0173 | MRR 0.4135
Snapshot 0174 | MRR 0.4411
Snapshot 0175 | MRR 0.4571
Snapshot 0176 | MRR 0.4645
Snapshot 0177 | MRR 0.5122

reddit-title  MRR = 0.436157  (177 eval snapshots)
saved -> results/roland_port/live_update_und-yes_loss-margin/mlp_node-learned_edge-learned/reddit-title/seed3/exp_20260815-090042_lp.json
