
==================================================================
ROLAND pipeline + SiST-GNN encoder
  dataset=uci-message  mode=live_update_fixed_split  decoder=dot
  node_features=learned  seed=1
==================================================================
  T=89  N=1899  start_compute_mrr=72
  edge features: none (raw dim 1)
Snapshot 0072 | MRR 0.2289
Snapshot 0073 | MRR 0.1914
Snapshot 0074 | MRR 0.1492
Snapshot 0075 | MRR 0.2529
Snapshot 0076 | MRR 0.3543
Snapshot 0077 | MRR 0.2672
Snapshot 0078 | MRR 0.3300
Snapshot 0079 | MRR 0.2579
Snapshot 0080 | MRR 0.2426
Snapshot 0081 | MRR 0.2351
Snapshot 0082 | MRR 0.2428
Snapshot 0083 | MRR 0.2869
Snapshot 0084 | MRR 0.3374
Snapshot 0085 | MRR 0.1810
Snapshot 0086 | MRR 0.2402
Snapshot 0087 | MRR 0.3338
Snapshot 0088 | MRR 0.2658

uci-message  MRR = 0.258669  (17 eval snapshots)
saved -> results/roland_port/live_update_fixed_split/dot_node-learned_edge-none/uci-message/seed1/exp_20260813-141646_lp.json
