
==================================================================
ROLAND pipeline + SiST-GNN encoder
  dataset=uci-message  mode=live_update_fixed_split  decoder=dot
  node_features=learned  seed=0
==================================================================
  T=89  N=1899  start_compute_mrr=72
  edge features: none (raw dim 1)
Snapshot 0072 | MRR 0.2455
Snapshot 0073 | MRR 0.2237
Snapshot 0074 | MRR 0.2401
Snapshot 0075 | MRR 0.3061
Snapshot 0076 | MRR 0.3606
Snapshot 0077 | MRR 0.2583
Snapshot 0078 | MRR 0.3334
Snapshot 0079 | MRR 0.2364
Snapshot 0080 | MRR 0.3401
Snapshot 0081 | MRR 0.2011
Snapshot 0082 | MRR 0.2336
Snapshot 0083 | MRR 0.1895
Snapshot 0084 | MRR 0.2994
Snapshot 0085 | MRR 0.2213
Snapshot 0086 | MRR 0.1946
Snapshot 0087 | MRR 0.3358
Snapshot 0088 | MRR 0.2297

uci-message  MRR = 0.261727  (17 eval snapshots)
saved -> results/roland_port/live_update_fixed_split/dot_node-learned_edge-none/uci-message/seed0/exp_20260813-141409_lp.json
