
==================================================================
ROLAND pipeline + SiST-GNN encoder
  dataset=uci-message  mode=live_update_fixed_split  decoder=mlp
  node_features=learned  seed=1
==================================================================
  T=89  N=1899  start_compute_mrr=72
  edge features: learned (raw dim 1)
Snapshot 0072 | MRR 0.2283
Snapshot 0073 | MRR 0.3921
Snapshot 0074 | MRR 0.2939
Snapshot 0075 | MRR 0.3032
Snapshot 0076 | MRR 0.3656
Snapshot 0077 | MRR 0.3906
Snapshot 0078 | MRR 0.4185
Snapshot 0079 | MRR 0.3317
Snapshot 0080 | MRR 0.3240
Snapshot 0081 | MRR 0.2642
Snapshot 0082 | MRR 0.2482
Snapshot 0083 | MRR 0.3147
Snapshot 0084 | MRR 0.3334
Snapshot 0085 | MRR 0.3262
Snapshot 0086 | MRR 0.3775
Snapshot 0087 | MRR 0.4553
Snapshot 0088 | MRR 0.2850

uci-message  MRR = 0.332473  (17 eval snapshots)
saved -> results/roland_port/live_update_fixed_split/mlp_node-learned_edge-learned/uci-message/seed1/exp_20260813-150508_lp.json
