
==================================================================
ROLAND pipeline + SiST-GNN encoder
  dataset=reddit-body  mode=live_update  decoder=dot
  node_features=learned  loss=margin  seed=2
==================================================================
  snapshot filter (>= 10 edges): 178 -> 178
  T=178  N=35776  start_compute_mrr=0
  edge features: learned (raw dim 1)
Snapshot 0001 | MRR 0.0250
Snapshot 0002 | MRR 0.2005
Snapshot 0003 | MRR 0.2213
Snapshot 0004 | MRR 0.3296
Snapshot 0005 | MRR 0.2637
Snapshot 0006 | MRR 0.2925
Snapshot 0007 | MRR 0.2506
Snapshot 0008 | MRR 0.2939
Snapshot 0009 | MRR 0.2600
Snapshot 0010 | MRR 0.2871
Snapshot 0011 | MRR 0.3134
Snapshot 0012 | MRR 0.3219
Snapshot 0013 | MRR 0.3496
Snapshot 0014 | MRR 0.3018
Snapshot 0015 | MRR 0.2773
Snapshot 0016 | MRR 0.3288
Snapshot 0017 | MRR 0.3214
Snapshot 0018 | MRR 0.3626
Snapshot 0019 | MRR 0.2858
Snapshot 0020 | MRR 0.3216
Snapshot 0021 | MRR 0.3520
Snapshot 0022 | MRR 0.3365
Snapshot 0023 | MRR 0.3571
Snapshot 0024 | MRR 0.2924
Snapshot 0025 | MRR 0.3387
Snapshot 0026 | MRR 0.4099
Snapshot 0027 | MRR 0.3327
Snapshot 0028 | MRR 0.3513
Snapshot 0029 | MRR 0.3529
Snapshot 0030 | MRR 0.3623
Snapshot 0031 | MRR 0.3070
Snapshot 0032 | MRR 0.3675
Snapshot 0033 | MRR 0.3147
Snapshot 0034 | MRR 0.3624
Snapshot 0035 | MRR 0.3633
Snapshot 0036 | MRR 0.3593
Snapshot 0037 | MRR 0.3273
Snapshot 0038 | MRR 0.3544
Snapshot 0039 | MRR 0.3491
Snapshot 0040 | MRR 0.4107
Snapshot 0041 | MRR 0.3331
Snapshot 0042 | MRR 0.3466
Snapshot 0043 | MRR 0.3524
Snapshot 0044 | MRR 0.3902
Snapshot 0045 | MRR 0.3312
Snapshot 0046 | MRR 0.3431
Snapshot 0047 | MRR 0.3483
Snapshot 0048 | MRR 0.4244
Snapshot 0049 | MRR 0.3572
Snapshot 0050 | MRR 0.3701
Snapshot 0051 | MRR 0.3892
Snapshot 0052 | MRR 0.3868
Snapshot 0053 | MRR 0.3383
Snapshot 0054 | MRR 0.3684
Snapshot 0055 | MRR 0.3386
Snapshot 0056 | MRR 0.3596
Snapshot 0057 | MRR 0.4059
Snapshot 0058 | MRR 0.3689
Snapshot 0059 | MRR 0.3844
Snapshot 0060 | MRR 0.3929
Snapshot 0061 | MRR 0.3726
Snapshot 0062 | MRR 0.3410
Snapshot 0063 | MRR 0.3787
Snapshot 0064 | MRR 0.3722
Snapshot 0065 | MRR 0.3734
Snapshot 0066 | MRR 0.3627
Snapshot 0067 | MRR 0.3606
Snapshot 0068 | MRR 0.4023
Snapshot 0069 | MRR 0.3735
Snapshot 0070 | MRR 0.3720
Snapshot 0071 | MRR 0.3510
Snapshot 0072 | MRR 0.3554
Snapshot 0073 | MRR 0.3981
Snapshot 0074 | MRR 0.4315
Snapshot 0075 | MRR 0.3658
Snapshot 0076 | MRR 0.3391
Snapshot 0077 | MRR 0.3299
Snapshot 0078 | MRR 0.3708
Snapshot 0079 | MRR 0.4076
Snapshot 0080 | MRR 0.3336
Snapshot 0081 | MRR 0.3444
Snapshot 0082 | MRR 0.3785
Snapshot 0083 | MRR 0.3567
Snapshot 0084 | MRR 0.3756
Snapshot 0085 | MRR 0.4132
Snapshot 0086 | MRR 0.4333
Snapshot 0087 | MRR 0.4207
Snapshot 0088 | MRR 0.3701
Snapshot 0089 | MRR 0.3499
Snapshot 0090 | MRR 0.4239
Snapshot 0091 | MRR 0.3575
Snapshot 0092 | MRR 0.4004
Snapshot 0093 | MRR 0.3791
Snapshot 0094 | MRR 0.3520
Snapshot 0095 | MRR 0.3577
Snapshot 0096 | MRR 0.3995
Snapshot 0097 | MRR 0.4254
Snapshot 0098 | MRR 0.3966
Snapshot 0099 | MRR 0.3576
Snapshot 0100 | MRR 0.3526
Snapshot 0101 | MRR 0.3731
Snapshot 0102 | MRR 0.3731
Snapshot 0103 | MRR 0.3911
Snapshot 0104 | MRR 0.3988
Snapshot 0105 | MRR 0.3950
Snapshot 0106 | MRR 0.3420
Snapshot 0107 | MRR 0.3802
Snapshot 0108 | MRR 0.3316
Snapshot 0109 | MRR 0.3424
Snapshot 0110 | MRR 0.3519
Snapshot 0111 | MRR 0.3996
Snapshot 0112 | MRR 0.3512
Snapshot 0113 | MRR 0.4176
Snapshot 0114 | MRR 0.3817
Snapshot 0115 | MRR 0.3798
Snapshot 0116 | MRR 0.3804
Snapshot 0117 | MRR 0.3780
Snapshot 0118 | MRR 0.3971
Snapshot 0119 | MRR 0.3889
Snapshot 0120 | MRR 0.3887
Snapshot 0121 | MRR 0.3714
Snapshot 0122 | MRR 0.4174
Snapshot 0123 | MRR 0.4012
Snapshot 0124 | MRR 0.3616
Snapshot 0125 | MRR 0.4283
Snapshot 0126 | MRR 0.3458
Snapshot 0127 | MRR 0.4005
Snapshot 0128 | MRR 0.4004
Snapshot 0129 | MRR 0.4090
Snapshot 0130 | MRR 0.3746
Snapshot 0131 | MRR 0.3085
Snapshot 0132 | MRR 0.3493
Snapshot 0133 | MRR 0.3833
Snapshot 0134 | MRR 0.4006
Snapshot 0135 | MRR 0.3363
Snapshot 0136 | MRR 0.4042
Snapshot 0137 | MRR 0.3634
Snapshot 0138 | MRR 0.3742
Snapshot 0139 | MRR 0.3784
Snapshot 0140 | MRR 0.3876
Snapshot 0141 | MRR 0.3569
Snapshot 0142 | MRR 0.4101
Snapshot 0143 | MRR 0.3759
Snapshot 0144 | MRR 0.3731
Snapshot 0145 | MRR 0.4216
Snapshot 0146 | MRR 0.3658
Snapshot 0147 | MRR 0.3827
Snapshot 0148 | MRR 0.4403
Snapshot 0149 | MRR 0.4106
Snapshot 0150 | MRR 0.4277
Snapshot 0151 | MRR 0.4058
Snapshot 0152 | MRR 0.4020
Snapshot 0153 | MRR 0.3956
Snapshot 0154 | MRR 0.3949
Snapshot 0155 | MRR 0.3873
Snapshot 0156 | MRR 0.4164
Snapshot 0157 | MRR 0.4053
Snapshot 0158 | MRR 0.3961
Snapshot 0159 | MRR 0.4184
Snapshot 0160 | MRR 0.3392
Snapshot 0161 | MRR 0.3226
Snapshot 0162 | MRR 0.3623
Snapshot 0163 | MRR 0.3932
Snapshot 0164 | MRR 0.4203
Snapshot 0165 | MRR 0.3779
Snapshot 0166 | MRR 0.3688
Snapshot 0167 | MRR 0.3908
Snapshot 0168 | MRR 0.4318
Snapshot 0169 | MRR 0.4595
Snapshot 0170 | MRR 0.4259
Snapshot 0171 | MRR 0.4384
Snapshot 0172 | MRR 0.3814
Snapshot 0173 | MRR 0.3138
Snapshot 0174 | MRR 0.3726
Snapshot 0175 | MRR 0.4283
Snapshot 0176 | MRR 0.4077
Snapshot 0177 | MRR 0.4521

reddit-body  MRR = 0.366033  (177 eval snapshots)
saved -> results/roland_port/live_update_und-yes_loss-margin/dot_node-learned_edge-learned/reddit-body/seed2/exp_20260815-093553_lp.json
