
==================================================================
ROLAND pipeline + SiST-GNN encoder
  dataset=reddit-title  mode=paper_fixed_split  decoder=dot
  node_features=learned  loss=margin  seed=0
==================================================================
  snapshot filter (>= 10 edges): 178 -> 178
  T=178  N=54075  start_compute_mrr=160
  edge features: learned (raw dim 1)
Snapshot 0160 | MRR 0.4415
Snapshot 0161 | MRR 0.3521
Snapshot 0162 | MRR 0.4550
Snapshot 0163 | MRR 0.4491
Snapshot 0164 | MRR 0.4453
Snapshot 0165 | MRR 0.4660
Snapshot 0166 | MRR 0.4430
Snapshot 0167 | MRR 0.4558
Snapshot 0168 | MRR 0.4397
Snapshot 0169 | MRR 0.4474
Snapshot 0170 | MRR 0.4637
Snapshot 0171 | MRR 0.4529
Snapshot 0172 | MRR 0.4478
Snapshot 0173 | MRR 0.4277
Snapshot 0174 | MRR 0.4480
Snapshot 0175 | MRR 0.4488
Snapshot 0176 | MRR 0.4711
Snapshot 0177 | MRR 0.4632

reddit-title  MRR = 0.445444  (18 eval snapshots)
saved -> results/roland_port/paper_fixed_split_und-yes_loss-margin/dot_node-learned_edge-learned/reddit-title/seed0/exp_20260815-044018_lp.json
