
==================================================================
ROLAND pipeline + SiST-GNN encoder
  dataset=reddit-title  mode=paper_fixed_split  decoder=dot
  node_features=learned  loss=margin  seed=2
==================================================================
  snapshot filter (>= 10 edges): 178 -> 178
  T=178  N=54075  start_compute_mrr=160
  edge features: learned (raw dim 1)
Snapshot 0160 | MRR 0.4427
Snapshot 0161 | MRR 0.3428
Snapshot 0162 | MRR 0.4426
Snapshot 0163 | MRR 0.4415
Snapshot 0164 | MRR 0.4577
Snapshot 0165 | MRR 0.4521
Snapshot 0166 | MRR 0.4358
Snapshot 0167 | MRR 0.4431
Snapshot 0168 | MRR 0.4352
Snapshot 0169 | MRR 0.4424
Snapshot 0170 | MRR 0.4543
Snapshot 0171 | MRR 0.4493
Snapshot 0172 | MRR 0.4474
Snapshot 0173 | MRR 0.4182
Snapshot 0174 | MRR 0.4656
Snapshot 0175 | MRR 0.4448
Snapshot 0176 | MRR 0.4735
Snapshot 0177 | MRR 0.4614

reddit-title  MRR = 0.441689  (18 eval snapshots)
saved -> results/roland_port/paper_fixed_split_und-yes_loss-margin/dot_node-learned_edge-learned/reddit-title/seed2/exp_20260815-045839_lp.json
