
==================================================================
ROLAND pipeline + SiST-GNN encoder
  dataset=reddit-body  mode=paper_fixed_split  decoder=dot
  node_features=learned  loss=margin  seed=3
==================================================================
  snapshot filter (>= 10 edges): 178 -> 178
  T=178  N=35776  start_compute_mrr=160
  edge features: learned (raw dim 1)
Snapshot 0160 | MRR 0.3787
Snapshot 0161 | MRR 0.3329
Snapshot 0162 | MRR 0.3564
Snapshot 0163 | MRR 0.4379
Snapshot 0164 | MRR 0.4286
Snapshot 0165 | MRR 0.4473
Snapshot 0166 | MRR 0.4477
Snapshot 0167 | MRR 0.4336
Snapshot 0168 | MRR 0.4332
Snapshot 0169 | MRR 0.4631
Snapshot 0170 | MRR 0.4238
Snapshot 0171 | MRR 0.4531
Snapshot 0172 | MRR 0.4451
Snapshot 0173 | MRR 0.4037
Snapshot 0174 | MRR 0.4141
Snapshot 0175 | MRR 0.4338
Snapshot 0176 | MRR 0.4352
Snapshot 0177 | MRR 0.4411

reddit-body  MRR = 0.422742  (18 eval snapshots)
saved -> results/roland_port/paper_fixed_split_und-yes_loss-margin/dot_node-learned_edge-learned/reddit-body/seed3/exp_20260815-064224_lp.json
