
==================================================================
ROLAND pipeline + SiST-GNN encoder
  dataset=reddit-title  mode=paper_fixed_split  decoder=mlp
  node_features=learned  loss=margin  seed=1
==================================================================
  snapshot filter (>= 10 edges): 178 -> 178
  T=178  N=54075  start_compute_mrr=160
  edge features: learned (raw dim 1)
Snapshot 0160 | MRR 0.4456
Snapshot 0161 | MRR 0.2928
Snapshot 0162 | MRR 0.4264
Snapshot 0163 | MRR 0.4466
Snapshot 0164 | MRR 0.4441
Snapshot 0165 | MRR 0.4390
Snapshot 0166 | MRR 0.4301
Snapshot 0167 | MRR 0.4411
Snapshot 0168 | MRR 0.4345
Snapshot 0169 | MRR 0.4235
Snapshot 0170 | MRR 0.4450
Snapshot 0171 | MRR 0.4306
Snapshot 0172 | MRR 0.4340
Snapshot 0173 | MRR 0.4127
Snapshot 0174 | MRR 0.4426
Snapshot 0175 | MRR 0.4269
Snapshot 0176 | MRR 0.4375
Snapshot 0177 | MRR 0.4596

reddit-title  MRR = 0.428473  (18 eval snapshots)
saved -> results/roland_port/paper_fixed_split_und-yes_loss-margin/mlp_node-learned_edge-learned/reddit-title/seed1/exp_20260815-053807_lp.json
