
==================================================================
ROLAND pipeline + SiST-GNN encoder
  dataset=reddit-body  mode=paper_fixed_split  decoder=dot
  node_features=learned  loss=margin  seed=1
==================================================================
  snapshot filter (>= 10 edges): 178 -> 178
  T=178  N=35776  start_compute_mrr=160
  edge features: learned (raw dim 1)
Snapshot 0160 | MRR 0.3890
Snapshot 0161 | MRR 0.3126
Snapshot 0162 | MRR 0.3757
Snapshot 0163 | MRR 0.4318
Snapshot 0164 | MRR 0.4154
Snapshot 0165 | MRR 0.4383
Snapshot 0166 | MRR 0.4431
Snapshot 0167 | MRR 0.4311
Snapshot 0168 | MRR 0.4331
Snapshot 0169 | MRR 0.4500
Snapshot 0170 | MRR 0.4240
Snapshot 0171 | MRR 0.4524
Snapshot 0172 | MRR 0.4415
Snapshot 0173 | MRR 0.3945
Snapshot 0174 | MRR 0.4199
Snapshot 0175 | MRR 0.4315
Snapshot 0176 | MRR 0.4192
Snapshot 0177 | MRR 0.4440

reddit-body  MRR = 0.419274  (18 eval snapshots)
saved -> results/roland_port/paper_fixed_split_und-yes_loss-margin/dot_node-learned_edge-learned/reddit-body/seed1/exp_20260815-062547_lp.json
