
==================================================================
ROLAND pipeline + SiST-GNN encoder
  dataset=reddit-title  mode=paper_fixed_split  decoder=dot
  node_features=learned  loss=margin  seed=3
==================================================================
  snapshot filter (>= 10 edges): 178 -> 178
  T=178  N=54075  start_compute_mrr=160
  edge features: learned (raw dim 1)
Snapshot 0160 | MRR 0.4576
Snapshot 0161 | MRR 0.3506
Snapshot 0162 | MRR 0.4475
Snapshot 0163 | MRR 0.4497
Snapshot 0164 | MRR 0.4527
Snapshot 0165 | MRR 0.4476
Snapshot 0166 | MRR 0.4588
Snapshot 0167 | MRR 0.4537
Snapshot 0168 | MRR 0.4470
Snapshot 0169 | MRR 0.4467
Snapshot 0170 | MRR 0.4528
Snapshot 0171 | MRR 0.4473
Snapshot 0172 | MRR 0.4456
Snapshot 0173 | MRR 0.4211
Snapshot 0174 | MRR 0.4527
Snapshot 0175 | MRR 0.4529
Snapshot 0176 | MRR 0.4685
Snapshot 0177 | MRR 0.4809

reddit-title  MRR = 0.446325  (18 eval snapshots)
saved -> results/roland_port/paper_fixed_split_und-yes_loss-margin/dot_node-learned_edge-learned/reddit-title/seed3/exp_20260815-050752_lp.json
