
==================================================================
ROLAND pipeline + SiST-GNN encoder
  dataset=reddit-body  mode=paper_fixed_split  decoder=dot
  node_features=learned  loss=margin  seed=2
==================================================================
  snapshot filter (>= 10 edges): 178 -> 178
  T=178  N=35776  start_compute_mrr=160
  edge features: learned (raw dim 1)
Snapshot 0160 | MRR 0.3809
Snapshot 0161 | MRR 0.3416
Snapshot 0162 | MRR 0.3740
Snapshot 0163 | MRR 0.4310
Snapshot 0164 | MRR 0.4244
Snapshot 0165 | MRR 0.4347
Snapshot 0166 | MRR 0.4476
Snapshot 0167 | MRR 0.4336
Snapshot 0168 | MRR 0.4331
Snapshot 0169 | MRR 0.4475
Snapshot 0170 | MRR 0.4135
Snapshot 0171 | MRR 0.4529
Snapshot 0172 | MRR 0.4377
Snapshot 0173 | MRR 0.3875
Snapshot 0174 | MRR 0.4114
Snapshot 0175 | MRR 0.4401
Snapshot 0176 | MRR 0.4230
Snapshot 0177 | MRR 0.4393

reddit-body  MRR = 0.419666  (18 eval snapshots)
saved -> results/roland_port/paper_fixed_split_und-yes_loss-margin/dot_node-learned_edge-learned/reddit-body/seed2/exp_20260815-063422_lp.json
