
==================================================================
ROLAND pipeline + SiST-GNN encoder
  dataset=reddit-body  mode=paper_fixed_split  decoder=mlp
  node_features=learned  loss=margin  seed=4
==================================================================
  snapshot filter (>= 10 edges): 178 -> 178
  T=178  N=35776  start_compute_mrr=160
  edge features: learned (raw dim 1)
Snapshot 0160 | MRR 0.3271
Snapshot 0161 | MRR 0.2990
Snapshot 0162 | MRR 0.3181
Snapshot 0163 | MRR 0.3936
Snapshot 0164 | MRR 0.4053
Snapshot 0165 | MRR 0.4159
Snapshot 0166 | MRR 0.4167
Snapshot 0167 | MRR 0.3921
Snapshot 0168 | MRR 0.4087
Snapshot 0169 | MRR 0.4245
Snapshot 0170 | MRR 0.3970
Snapshot 0171 | MRR 0.4307
Snapshot 0172 | MRR 0.4096
Snapshot 0173 | MRR 0.3650
Snapshot 0174 | MRR 0.3921
Snapshot 0175 | MRR 0.4129
Snapshot 0176 | MRR 0.3988
Snapshot 0177 | MRR 0.4171

reddit-body  MRR = 0.390230  (18 eval snapshots)
saved -> results/roland_port/paper_fixed_split_und-yes_loss-margin/mlp_node-learned_edge-learned/reddit-body/seed4/exp_20260815-073552_lp.json
