
==================================================================
ROLAND pipeline + SiST-GNN encoder
  dataset=reddit-body  mode=paper_fixed_split  decoder=dot
  node_features=learned  loss=margin  seed=4
==================================================================
  snapshot filter (>= 10 edges): 178 -> 178
  T=178  N=35776  start_compute_mrr=160
  edge features: learned (raw dim 1)
Snapshot 0160 | MRR 0.3702
Snapshot 0161 | MRR 0.3369
Snapshot 0162 | MRR 0.3553
Snapshot 0163 | MRR 0.4214
Snapshot 0164 | MRR 0.4307
Snapshot 0165 | MRR 0.4321
Snapshot 0166 | MRR 0.4403
Snapshot 0167 | MRR 0.4214
Snapshot 0168 | MRR 0.4283
Snapshot 0169 | MRR 0.4545
Snapshot 0170 | MRR 0.4239
Snapshot 0171 | MRR 0.4425
Snapshot 0172 | MRR 0.4425
Snapshot 0173 | MRR 0.3941
Snapshot 0174 | MRR 0.4189
Snapshot 0175 | MRR 0.4360
Snapshot 0176 | MRR 0.4307
Snapshot 0177 | MRR 0.4483

reddit-body  MRR = 0.418228  (18 eval snapshots)
saved -> results/roland_port/paper_fixed_split_und-yes_loss-margin/dot_node-learned_edge-learned/reddit-body/seed4/exp_20260815-065020_lp.json
