
==================================================================
ROLAND pipeline + SiST-GNN encoder
  dataset=reddit-body  mode=paper_fixed_split  decoder=mlp
  node_features=learned  loss=margin  seed=3
==================================================================
  snapshot filter (>= 10 edges): 178 -> 178
  T=178  N=35776  start_compute_mrr=160
  edge features: learned (raw dim 1)
Snapshot 0160 | MRR 0.3497
Snapshot 0161 | MRR 0.3026
Snapshot 0162 | MRR 0.3201
Snapshot 0163 | MRR 0.3982
Snapshot 0164 | MRR 0.3945
Snapshot 0165 | MRR 0.4227
Snapshot 0166 | MRR 0.4306
Snapshot 0167 | MRR 0.3901
Snapshot 0168 | MRR 0.4137
Snapshot 0169 | MRR 0.4306
Snapshot 0170 | MRR 0.4063
Snapshot 0171 | MRR 0.4439
Snapshot 0172 | MRR 0.4123
Snapshot 0173 | MRR 0.3739
Snapshot 0174 | MRR 0.3802
Snapshot 0175 | MRR 0.4025
Snapshot 0176 | MRR 0.3970
Snapshot 0177 | MRR 0.4082

reddit-body  MRR = 0.393172  (18 eval snapshots)
saved -> results/roland_port/paper_fixed_split_und-yes_loss-margin/mlp_node-learned_edge-learned/reddit-body/seed3/exp_20260815-072655_lp.json
