
==================================================================
ROLAND pipeline + SiST-GNN encoder
  dataset=reddit-title  mode=paper_fixed_split  decoder=mlp
  node_features=learned  loss=margin  seed=2
==================================================================
  snapshot filter (>= 10 edges): 178 -> 178
  T=178  N=54075  start_compute_mrr=160
  edge features: learned (raw dim 1)
Snapshot 0160 | MRR 0.4555
Snapshot 0161 | MRR 0.2812
Snapshot 0162 | MRR 0.4226
Snapshot 0163 | MRR 0.4324
Snapshot 0164 | MRR 0.4398
Snapshot 0165 | MRR 0.4481
Snapshot 0166 | MRR 0.4358
Snapshot 0167 | MRR 0.4416
Snapshot 0168 | MRR 0.4311
Snapshot 0169 | MRR 0.4302
Snapshot 0170 | MRR 0.4396
Snapshot 0171 | MRR 0.4343
Snapshot 0172 | MRR 0.4363
Snapshot 0173 | MRR 0.4046
Snapshot 0174 | MRR 0.4444
Snapshot 0175 | MRR 0.4281
Snapshot 0176 | MRR 0.4383
Snapshot 0177 | MRR 0.4570

reddit-title  MRR = 0.427831  (18 eval snapshots)
saved -> results/roland_port/paper_fixed_split_und-yes_loss-margin/mlp_node-learned_edge-learned/reddit-title/seed2/exp_20260815-054825_lp.json
